Archive member included to satisfy reference by file (symbol)

/usr/lib/x86_64-linux-gnu/libc_nonshared.a(elf-init.oS)
                              /usr/lib/gcc/x86_64-linux-gnu/7/../../../x86_64-linux-gnu/Scrt1.o (__libc_csu_init)

As-needed library included to satisfy reference by file (symbol)

libQt5Core.so.5               build/src/main.o (QListData::shared_null@@Qt_5)
libQt5Gui.so.5                build/src/main.o (QPainter::~QPainter()@@Qt_5)
libQt5Widgets.so.5            build/src/main.o (QWidget::paintEngine() const@@Qt_5)
libQt5Charts.so.5             build/src/main.o (QtCharts::QAbstractAxis::setTitleText(QString const&)@@Qt_5)
libpthread.so.0               build/home/mirmik/project/igris/igris/dprint/dprint_stdout.o (write@@GLIBC_2.2.5)
libstdc++.so.6                build/home/mirmik/project/igris/igris/ctrobj/wait-linux.o (std::condition_variable::notify_one()@@GLIBCXX_3.4.11)
libm.so.6                     build/src/main.o (cabs@@GLIBC_2.2.5)
libgcc_s.so.1                 build/src/main.o (_Unwind_Resume@@GCC_3.0)
libc.so.6                     build/home/mirmik/project/crow/crow/gates/udpgate.o (socket@@GLIBC_2.2.5)

Discarded input sections

 .note.GNU-stack
                0x0000000000000000        0x0 /usr/lib/gcc/x86_64-linux-gnu/7/../../../x86_64-linux-gnu/Scrt1.o
 .note.GNU-stack
                0x0000000000000000        0x0 /usr/lib/gcc/x86_64-linux-gnu/7/../../../x86_64-linux-gnu/crti.o
 .note.GNU-stack
                0x0000000000000000        0x0 /usr/lib/gcc/x86_64-linux-gnu/7/crtbeginS.o
 .group         0x0000000000000000        0x8 build/src/main.o
 .group         0x0000000000000000        0x8 build/src/main.o
 .group         0x0000000000000000        0xc build/src/main.o
 .group         0x0000000000000000        0x8 build/src/main.o
 .group         0x0000000000000000        0x8 build/src/main.o
 .group         0x0000000000000000        0x8 build/src/main.o
 .group         0x0000000000000000        0x8 build/src/main.o
 .group         0x0000000000000000        0xc build/src/main.o
 .group         0x0000000000000000        0xc build/src/main.o
 .group         0x0000000000000000        0xc build/src/main.o
 .group         0x0000000000000000        0x8 build/src/main.o
 .group         0x0000000000000000        0xc build/src/main.o
 .group         0x0000000000000000        0xc build/src/main.o
 .group         0x0000000000000000        0xc build/src/main.o
 .group         0x0000000000000000        0xc build/src/main.o
 .group         0x0000000000000000        0xc build/src/main.o
 .group         0x0000000000000000        0xc build/src/main.o
 .group         0x0000000000000000        0xc build/src/main.o
 .group         0x0000000000000000        0xc build/src/main.o
 .group         0x0000000000000000        0x8 build/src/main.o
 .group         0x0000000000000000        0x8 build/src/main.o
 .group         0x0000000000000000        0xc build/src/main.o
 .group         0x0000000000000000        0xc build/src/main.o
 .group         0x0000000000000000        0xc build/src/main.o
 .group         0x0000000000000000        0xc build/src/main.o
 .group         0x0000000000000000        0xc build/src/main.o
 .group         0x0000000000000000        0x8 build/src/main.o
 .group         0x0000000000000000        0x8 build/src/main.o
 .group         0x0000000000000000        0x8 build/src/main.o
 .group         0x0000000000000000        0xc build/src/main.o
 .group         0x0000000000000000        0x8 build/src/main.o
 .group         0x0000000000000000        0x8 build/src/main.o
 .group         0x0000000000000000        0xc build/src/main.o
 .group         0x0000000000000000        0x8 build/src/main.o
 .group         0x0000000000000000        0x8 build/src/main.o
 .group         0x0000000000000000        0x8 build/src/main.o
 .group         0x0000000000000000        0x8 build/src/main.o
 .group         0x0000000000000000        0x8 build/src/main.o
 .group         0x0000000000000000        0x8 build/src/main.o
 .group         0x0000000000000000        0x8 build/src/main.o
 .group         0x0000000000000000        0x8 build/src/main.o
 .group         0x0000000000000000        0x8 build/src/main.o
 .group         0x0000000000000000        0xc build/src/main.o
 .group         0x0000000000000000        0xc build/src/main.o
 .group         0x0000000000000000        0xc build/src/main.o
 .group         0x0000000000000000        0x8 build/src/main.o
 .group         0x0000000000000000        0xc build/src/main.o
 .group         0x0000000000000000        0xc build/src/main.o
 .group         0x0000000000000000        0x8 build/src/main.o
 .group         0x0000000000000000        0x8 build/src/main.o
 .group         0x0000000000000000        0x8 build/src/main.o
 .group         0x0000000000000000        0x8 build/src/main.o
 .group         0x0000000000000000        0x8 build/src/main.o
 .group         0x0000000000000000        0x8 build/src/main.o
[...]
Memory Configuration

Name             Origin             Length             Attributes
*default*        0x0000000000000000 0xffffffffffffffff

Linker script and memory map

LOAD /usr/lib/gcc/x86_64-linux-gnu/7/../../../x86_64-linux-gnu/Scrt1.o
LOAD /usr/lib/gcc/x86_64-linux-gnu/7/../../../x86_64-linux-gnu/crti.o
LOAD /usr/lib/gcc/x86_64-linux-gnu/7/crtbeginS.o
START GROUP
LOAD build/src/main.o
LOAD build/home/mirmik/project/igris/igris/ctrobj/wait-linux.o
LOAD build/home/mirmik/project/crow/crow/src/acceptor.o
LOAD build/home/mirmik/project/crow/crow/src/tower.o
LOAD build/home/mirmik/project/crow/crow/src/packet.o
LOAD build/home/mirmik/project/crow/crow/src/node.o
LOAD build/home/mirmik/project/crow/crow/src/node-sync.o
LOAD build/home/mirmik/project/crow/crow/src/channel.o
LOAD build/home/mirmik/project/crow/crow/src/channel-sync.o
LOAD build/home/mirmik/project/crow/crow/src/pubsub.o
LOAD build/home/mirmik/project/crow/crow/src/query.o
LOAD build/home/mirmik/project/crow/crow/src/alive.o
LOAD build/home/mirmik/project/crow/crow/src/netkeep.o
LOAD build/home/mirmik/project/crow/crow/src/print.o
LOAD build/home/mirmik/project/crow/crow/src/protocol.o
LOAD build/home/mirmik/project/crow/crow/src/hexer.o
LOAD build/home/mirmik/project/crow/crow/src/threads-posix.o
LOAD build/home/mirmik/project/ralgo/ralgo/madgwick.o
LOAD build/home/mirmik/project/ralgo/ralgo/signal/fft.o
LOAD build/home/mirmik/project/igris/igris/sync/syslock_mutex.o
LOAD build/home/mirmik/project/crow/crow/gates/udpgate.o
LOAD build/home/mirmik/project/igris/igris/ctrobj/wait.o
LOAD build/home/mirmik/project/crow/crow/src/allocation_malloc.o
LOAD build/home/mirmik/project/crow/crow/src/stdtime.o
LOAD build/home/mirmik/project/nos/nos/util/trace.o
LOAD build/home/mirmik/project/nos/nos/util/osutil.o
LOAD build/home/mirmik/project/nos/nos/print/print.o
LOAD build/home/mirmik/project/nos/nos/print/stdtype.o
LOAD build/home/mirmik/project/nos/nos/input/input.o
LOAD build/home/mirmik/project/nos/nos/fprint/fprint.o
LOAD build/home/mirmik/project/nos/nos/fprint/stdtype.o
LOAD build/home/mirmik/project/nos/nos/io/ostream.o
LOAD build/home/mirmik/project/igris/igris/dprint/dprint_stdout.o
LOAD build/home/mirmik/project/igris/igris/dprint/dprint_func_impl.o
LOAD build/home/mirmik/project/igris/igris/dprint/dprintxx.o
LOAD build/home/mirmik/project/igris/igris/shell/sshell.o
LOAD build/home/mirmik/project/igris/igris/util/bug_abort.o
LOAD build/home/mirmik/project/igris/igris/util/numconvert.o
LOAD build/home/mirmik/project/igris/igris/util/hexascii.o
LOAD build/home/mirmik/project/igris/igris/util/string.o
LOAD build/home/mirmik/project/igris/igris/util/dstring.o
LOAD build/home/mirmik/project/igris/igris/util/stub.o
LOAD build/home/mirmik/project/igris/igris/util/printf_impl.o
LOAD build/home/mirmik/project/nos/nos/io/current_ostream_stdout.o
LOAD build/home/mirmik/project/nos/nos/io/stdfile.o
LOAD build/src/DisplayWidget.h.cxx.o
LOAD /usr/lib/gcc/x86_64-linux-gnu/7/../../../x86_64-linux-gnu/libQt5Core.so
LOAD /usr/lib/gcc/x86_64-linux-gnu/7/../../../x86_64-linux-gnu/libQt5Gui.so
LOAD /usr/lib/gcc/x86_64-linux-gnu/7/../../../x86_64-linux-gnu/libQt5Widgets.so
LOAD /usr/lib/gcc/x86_64-linux-gnu/7/../../../x86_64-linux-gnu/libQt5Charts.so
LOAD /usr/lib/gcc/x86_64-linux-gnu/7/../../../x86_64-linux-gnu/libpthread.so
START GROUP
LOAD /lib/x86_64-linux-gnu/libpthread.so.0
LOAD /usr/lib/x86_64-linux-gnu/libpthread_nonshared.a
END GROUP
END GROUP
LOAD /usr/lib/gcc/x86_64-linux-gnu/7/libstdc++.so
LOAD /usr/lib/gcc/x86_64-linux-gnu/7/../../../x86_64-linux-gnu/libm.so
START GROUP
LOAD /lib/x86_64-linux-gnu/libm.so.6
LOAD /usr/lib/x86_64-linux-gnu/libmvec_nonshared.a
LOAD /lib/x86_64-linux-gnu/libmvec.so.1
END GROUP
LOAD /usr/lib/gcc/x86_64-linux-gnu/7/libgcc_s.so
START GROUP
LOAD /usr/lib/gcc/x86_64-linux-gnu/7/libgcc_s.so.1
LOAD /usr/lib/gcc/x86_64-linux-gnu/7/libgcc.a
END GROUP
LOAD /usr/lib/gcc/x86_64-linux-gnu/7/libgcc.a
LOAD /usr/lib/gcc/x86_64-linux-gnu/7/../../../x86_64-linux-gnu/libc.so
START GROUP
LOAD /lib/x86_64-linux-gnu/libc.so.6
LOAD /usr/lib/x86_64-linux-gnu/libc_nonshared.a
LOAD /lib/x86_64-linux-gnu/ld-linux-x86-64.so.2
END GROUP
LOAD /usr/lib/gcc/x86_64-linux-gnu/7/libgcc_s.so
START GROUP
LOAD /usr/lib/gcc/x86_64-linux-gnu/7/libgcc_s.so.1
LOAD /usr/lib/gcc/x86_64-linux-gnu/7/libgcc.a
END GROUP
LOAD /usr/lib/gcc/x86_64-linux-gnu/7/libgcc.a
LOAD /usr/lib/gcc/x86_64-linux-gnu/7/crtendS.o
LOAD /usr/lib/gcc/x86_64-linux-gnu/7/../../../x86_64-linux-gnu/crtn.o
                [!provide]                        PROVIDE (__executable_start = SEGMENT_START ("text-segment", 0x0))
                0x0000000000000270                . = (SEGMENT_START ("text-segment", 0x0) + SIZEOF_HEADERS)

.interp         0x0000000000000270       0x1c
 *(.interp)
 .interp        0x0000000000000270       0x1c /usr/lib/gcc/x86_64-linux-gnu/7/../../../x86_64-linux-gnu/Scrt1.o

.note.ABI-tag   0x000000000000028c       0x20
 .note.ABI-tag  0x000000000000028c       0x20 /usr/lib/gcc/x86_64-linux-gnu/7/../../../x86_64-linux-gnu/Scrt1.o

.note.gnu.build-id
                0x00000000000002ac       0x24
 *(.note.gnu.build-id)
 .note.gnu.build-id
                0x00000000000002ac       0x24 /usr/lib/gcc/x86_64-linux-gnu/7/../../../x86_64-linux-gnu/Scrt1.o

.hash
 *(.hash)

.gnu.hash       0x00000000000002d0      0x1c0
 *(.gnu.hash)
 .gnu.hash      0x00000000000002d0      0x1c0 /usr/lib/gcc/x86_64-linux-gnu/7/../../../x86_64-linux-gnu/Scrt1.o

.dynsym         0x0000000000000490     0x1998
 *(.dynsym)
 .dynsym        0x0000000000000490     0x1998 /usr/lib/gcc/x86_64-linux-gnu/7/../../../x86_64-linux-gnu/Scrt1.o

.dynstr         0x0000000000001e28     0x24d2
 *(.dynstr)
 .dynstr        0x0000000000001e28     0x24d2 /usr/lib/gcc/x86_64-linux-gnu/7/../../../x86_64-linux-gnu/Scrt1.o

.gnu.version    0x00000000000042fa      0x222
 *(.gnu.version)
 .gnu.version   0x00000000000042fa      0x222 /usr/lib/gcc/x86_64-linux-gnu/7/../../../x86_64-linux-gnu/Scrt1.o

.gnu.version_d  0x0000000000004520        0x0
 *(.gnu.version_d)
 .gnu.version_d
                0x0000000000004520        0x0 /usr/lib/gcc/x86_64-linux-gnu/7/../../../x86_64-linux-gnu/Scrt1.o

.gnu.version_r  0x0000000000004520      0x1d0
 *(.gnu.version_r)
 .gnu.version_r
                0x0000000000004520      0x1d0 /usr/lib/gcc/x86_64-linux-gnu/7/../../../x86_64-linux-gnu/Scrt1.o

.rela.dyn       0x00000000000046f0     0x1938
 *(.rela.init)
 *(.rela.text .rela.text.* .rela.gnu.linkonce.t.*)
 .rela.text     0x00000000000046f0        0x0 /usr/lib/gcc/x86_64-linux-gnu/7/../../../x86_64-linux-gnu/Scrt1.o
 .rela.text._ZN11TrackWidgetC2Ev
                0x00000000000046f0        0x0 /usr/lib/gcc/x86_64-linux-gnu/7/../../../x86_64-linux-gnu/Scrt1.o
 .rela.text._ZN13DisplayWidgetC2EP7QWidget
                0x00000000000046f0        0x0 /usr/lib/gcc/x86_64-linux-gnu/7/../../../x86_64-linux-gnu/Scrt1.o
 .rela.text._ZN5ralgo6vecops7inplace3logI7QVectorIdEEERT_S6_
                0x00000000000046f0        0x0 /usr/lib/gcc/x86_64-linux-gnu/7/../../../x86_64-linux-gnu/Scrt1.o
 .rela.text._ZN9QtPrivate11QSlotObjectIM13DisplayWidgetFvvENS_4ListIJEEEvEC2ES3_
                0x00000000000046f0        0x0 /usr/lib/gcc/x86_64-linux-gnu/7/../../../x86_64-linux-gnu/Scrt1.o
 .rela.text._ZN3nos14format_visitor9get_visitImEEPvv
                0x00000000000046f0        0x0 /usr/lib/gcc/x86_64-linux-gnu/7/../../../x86_64-linux-gnu/Scrt1.o
 .rela.text._ZN3nos14format_visitor9get_visitIPcEEPvv
                0x00000000000046f0        0x0 /usr/lib/gcc/x86_64-linux-gnu/7/../../../x86_64-linux-gnu/Scrt1.o
 .rela.text._ZN11TrackWidgetD2Ev
                0x00000000000046f0        0x0 /usr/lib/gcc/x86_64-linux-gnu/7/../../../x86_64-linux-gnu/Scrt1.o
 .rela.text._ZN4crow8protocolC2Ei
                0x00000000000046f0        0x0 /usr/lib/gcc/x86_64-linux-gnu/7/../../../x86_64-linux-gnu/Scrt1.o
 .rela.text._ZN4crow17node_protocol_clsC2Ev
                0x00000000000046f0        0x0 /usr/lib/gcc/x86_64-linux-gnu/7/../../../x86_64-linux-gnu/Scrt1.o
 .rela.text._ZN4crow19pubsub_protocol_clsC2Ev
                0x00000000000046f0        0x0 /usr/lib/gcc/x86_64-linux-gnu/7/../../../x86_64-linux-gnu/Scrt1.o
 .rela.text._ZN3nos14format_visitor9get_visitIPKcEEPvv
                0x00000000000046f0        0x0 /usr/lib/gcc/x86_64-linux-gnu/7/../../../x86_64-linux-gnu/Scrt1.o
 .rela.text._ZN3nos14format_visitor9get_visitIhEEPvv
                0x00000000000046f0        0x0 /usr/lib/gcc/x86_64-linux-gnu/7/../../../x86_64-linux-gnu/Scrt1.o
 .rela.text._ZN3nos14format_visitor9get_visitItEEPvv
                0x00000000000046f0        0x0 /usr/lib/gcc/x86_64-linux-gnu/7/../../../x86_64-linux-gnu/Scrt1.o
 .rela.text._ZN3nos14format_visitor9get_visitINSt7__cxx1112basic_stringIcSt11char_traitsIcESaIcEEEEEPvv
                0x00000000000046f0        0x0 /usr/lib/gcc/x86_64-linux-gnu/7/../../../x86_64-linux-gnu/Scrt1.o
 .rela.text._ZN4crow7gatewayC2Ev
                0x00000000000046f0        0x0 /usr/lib/gcc/x86_64-linux-gnu/7/../../../x86_64-linux-gnu/Scrt1.o
 .rela.text._ZN4crow7udpgateC2Ev
                0x00000000000046f0        0x0 /usr/lib/gcc/x86_64-linux-gnu/7/../../../x86_64-linux-gnu/Scrt1.o
 .rela.text._ZN3nos7ostreamC2Ev
                0x00000000000046f0        0x0 /usr/lib/gcc/x86_64-linux-gnu/7/../../../x86_64-linux-gnu/Scrt1.o
 .rela.text._ZN3nos7istreamC2Ev
                0x00000000000046f0        0x0 /usr/lib/gcc/x86_64-linux-gnu/7/../../../x86_64-linux-gnu/Scrt1.o
 .rela.text._ZN3nos8iostreamC2Ev
                0x00000000000046f0        0x0 /usr/lib/gcc/x86_64-linux-gnu/7/../../../x86_64-linux-gnu/Scrt1.o
 .rela.text._ZN3nos4fileC2EP8_IO_FILE
                0x00000000000046f0        0x0 /usr/lib/gcc/x86_64-linux-gnu/7/../../../x86_64-linux-gnu/Scrt1.o
 .rela.text._ZN13DisplayWidgetD2Ev
                0x00000000000046f0        0x0 /usr/lib/gcc/x86_64-linux-gnu/7/../../../x86_64-linux-gnu/Scrt1.o
 *(.rela.fini)
 *(.rela.rodata .rela.rodata.* .rela.gnu.linkonce.r.*)
 *(.rela.data .rela.data.* .rela.gnu.linkonce.d.*)
 .rela.data.rel.ro
                0x00000000000046f0      0x120 /usr/lib/gcc/x86_64-linux-gnu/7/../../../x86_64-linux-gnu/Scrt1.o
 .rela.data.rel.local
                0x0000000000004810       0x30 /usr/lib/gcc/x86_64-linux-gnu/7/../../../x86_64-linux-gnu/Scrt1.o
 .rela.data.rel.ro._ZTV11TrackWidget
                0x0000000000004840      0x5d0 /usr/lib/gcc/x86_64-linux-gnu/7/../../../x86_64-linux-gnu/Scrt1.o
 .rela.data.rel.ro._ZTI11TrackWidget
                0x0000000000004e10       0x48 /usr/lib/gcc/x86_64-linux-gnu/7/../../../x86_64-linux-gnu/Scrt1.o
 .rela.data.rel.local.DW.ref.__gxx_personality_v0
                0x0000000000004e58       0x18 /usr/lib/gcc/x86_64-linux-gnu/7/../../../x86_64-linux-gnu/Scrt1.o
 .rela.data.rel.ro._ZTVN4crow8acceptorE
                0x0000000000004e70       0x48 /usr/lib/gcc/x86_64-linux-gnu/7/../../../x86_64-linux-gnu/Scrt1.o
 .rela.data.rel.ro._ZTIN4crow8acceptorE
                0x0000000000004eb8       0x48 /usr/lib/gcc/x86_64-linux-gnu/7/../../../x86_64-linux-gnu/Scrt1.o
 .rela.data.rel.ro._ZTIN4crow4nodeE
                0x0000000000004f00       0x30 /usr/lib/gcc/x86_64-linux-gnu/7/../../../x86_64-linux-gnu/Scrt1.o
 .rela.data.rel
                0x0000000000004f30      0x108 /usr/lib/gcc/x86_64-linux-gnu/7/../../../x86_64-linux-gnu/Scrt1.o
 .rela.data.rel.ro._ZTVN4crow17node_protocol_clsE
                0x0000000000005038       0x48 /usr/lib/gcc/x86_64-linux-gnu/7/../../../x86_64-linux-gnu/Scrt1.o
 .rela.data.rel.ro._ZTVN4crow8protocolE
                0x0000000000005080       0x48 /usr/lib/gcc/x86_64-linux-gnu/7/../../../x86_64-linux-gnu/Scrt1.o
 .rela.data.rel.ro._ZTIN4crow17node_protocol_clsE
                0x00000000000050c8       0x48 /usr/lib/gcc/x86_64-linux-gnu/7/../../../x86_64-linux-gnu/Scrt1.o
 .rela.data.rel.ro._ZTIN4crow8protocolE
                0x0000000000005110       0x30 /usr/lib/gcc/x86_64-linux-gnu/7/../../../x86_64-linux-gnu/Scrt1.o
 .rela.data.rel.ro._ZTVN4crow7channelE
                0x0000000000005140       0x48 /usr/lib/gcc/x86_64-linux-gnu/7/../../../x86_64-linux-gnu/Scrt1.o
 .rela.data.rel.ro._ZTIN4crow7channelE
                0x0000000000005188       0x48 /usr/lib/gcc/x86_64-linux-gnu/7/../../../x86_64-linux-gnu/Scrt1.o
 .rela.data.rel.ro._ZTVN4crow19pubsub_protocol_clsE
                0x00000000000051d0       0x48 /usr/lib/gcc/x86_64-linux-gnu/7/../../../x86_64-linux-gnu/Scrt1.o
 .rela.data.rel.ro._ZTIN4crow19pubsub_protocol_clsE
                0x0000000000005218       0x48 /usr/lib/gcc/x86_64-linux-gnu/7/../../../x86_64-linux-gnu/Scrt1.o
 .rela.data.rel.ro.local
                0x0000000000005260       0xc0 /usr/lib/gcc/x86_64-linux-gnu/7/../../../x86_64-linux-gnu/Scrt1.o
 .rela.data.rel.ro._ZTVN4crow7udpgateE
                0x0000000000005320       0x48 /usr/lib/gcc/x86_64-linux-gnu/7/../../../x86_64-linux-gnu/Scrt1.o
 .rela.data.rel.ro._ZTVN4crow7gatewayE
                0x0000000000005368       0x48 /usr/lib/gcc/x86_64-linux-gnu/7/../../../x86_64-linux-gnu/Scrt1.o
 .rela.data.rel.ro._ZTIN4crow7udpgateE
                0x00000000000053b0       0x48 /usr/lib/gcc/x86_64-linux-gnu/7/../../../x86_64-linux-gnu/Scrt1.o
 .rela.data.rel.ro._ZTIN4crow7gatewayE
                0x00000000000053f8       0x30 /usr/lib/gcc/x86_64-linux-gnu/7/../../../x86_64-linux-gnu/Scrt1.o
 .rela.data.rel.ro._ZTVN3nos4fileE
                0x0000000000005428       0x90 /usr/lib/gcc/x86_64-linux-gnu/7/../../../x86_64-linux-gnu/Scrt1.o
 .rela.data.rel.ro._ZTVN3nos8iostreamE
                0x00000000000054b8       0x78 /usr/lib/gcc/x86_64-linux-gnu/7/../../../x86_64-linux-gnu/Scrt1.o
 .rela.data.rel.ro._ZTVN3nos7istreamE
                0x0000000000005530       0x30 /usr/lib/gcc/x86_64-linux-gnu/7/../../../x86_64-linux-gnu/Scrt1.o
 .rela.data.rel.ro._ZTVN3nos7ostreamE
                0x0000000000005560       0x48 /usr/lib/gcc/x86_64-linux-gnu/7/../../../x86_64-linux-gnu/Scrt1.o
 .rela.data.rel.ro._ZTIN3nos4fileE
                0x00000000000055a8       0x48 /usr/lib/gcc/x86_64-linux-gnu/7/../../../x86_64-linux-gnu/Scrt1.o
 .rela.data.rel.ro._ZTIN3nos8iostreamE
                0x00000000000055f0       0x60 /usr/lib/gcc/x86_64-linux-gnu/7/../../../x86_64-linux-gnu/Scrt1.o
 .rela.data.rel.ro._ZTIN3nos7istreamE
                0x0000000000005650       0x30 /usr/lib/gcc/x86_64-linux-gnu/7/../../../x86_64-linux-gnu/Scrt1.o
 .rela.data.rel.ro._ZTIN3nos7ostreamE
                0x0000000000005680       0x30 /usr/lib/gcc/x86_64-linux-gnu/7/../../../x86_64-linux-gnu/Scrt1.o
 .rela.data.rel.ro._ZTV13DisplayWidget
                0x00000000000056b0      0x5d0 /usr/lib/gcc/x86_64-linux-gnu/7/../../../x86_64-linux-gnu/Scrt1.o
 .rela.data.rel.ro._ZTI13DisplayWidget
                0x0000000000005c80       0x48 /usr/lib/gcc/x86_64-linux-gnu/7/../../../x86_64-linux-gnu/Scrt1.o
 *(.rela.tdata .rela.tdata.* .rela.gnu.linkonce.td.*)
 *(.rela.tbss .rela.tbss.* .rela.gnu.linkonce.tb.*)
 *(.rela.ctors)
 *(.rela.dtors)
 *(.rela.got)
 .rela.got      0x0000000000005cc8      0x168 /usr/lib/gcc/x86_64-linux-gnu/7/../../../x86_64-linux-gnu/Scrt1.o
 *(.rela.bss .rela.bss.* .rela.gnu.linkonce.b.*)
 .rela.bss      0x0000000000005e30        0x0 /usr/lib/gcc/x86_64-linux-gnu/7/../../../x86_64-linux-gnu/Scrt1.o
 *(.rela.ldata .rela.ldata.* .rela.gnu.linkonce.l.*)
 *(.rela.lbss .rela.lbss.* .rela.gnu.linkonce.lb.*)
 *(.rela.lrodata .rela.lrodata.* .rela.gnu.linkonce.lr.*)
 *(.rela.ifunc)
 .rela.ifunc    0x0000000000005e30        0x0 /usr/lib/gcc/x86_64-linux-gnu/7/../../../x86_64-linux-gnu/Scrt1.o
 .rela.fini_array
                0x0000000000005e30       0x18 /usr/lib/gcc/x86_64-linux-gnu/7/../../../x86_64-linux-gnu/Scrt1.o
 .rela.init_array
                0x0000000000005e48      0x1c8 /usr/lib/gcc/x86_64-linux-gnu/7/../../../x86_64-linux-gnu/Scrt1.o
 .rela.eh_frame
                0x0000000000006010        0x0 /usr/lib/gcc/x86_64-linux-gnu/7/../../../x86_64-linux-gnu/Scrt1.o
 .rela.init_array.00140
                0x0000000000006010       0x18 /usr/lib/gcc/x86_64-linux-gnu/7/../../../x86_64-linux-gnu/Scrt1.o

.rela.plt       0x0000000000006028      0xd20
 *(.rela.plt)
 .rela.plt      0x0000000000006028      0xd20 /usr/lib/gcc/x86_64-linux-gnu/7/../../../x86_64-linux-gnu/Scrt1.o
                [!provide]                        PROVIDE (__rela_iplt_start = .)
 *(.rela.iplt)
                [!provide]                        PROVIDE (__rela_iplt_end = .)

.init           0x0000000000006d48       0x17
 *(SORT_NONE(.init))
 .init          0x0000000000006d48       0x12 /usr/lib/gcc/x86_64-linux-gnu/7/../../../x86_64-linux-gnu/crti.o
                0x0000000000006d48                _init
 .init          0x0000000000006d5a        0x5 /usr/lib/gcc/x86_64-linux-gnu/7/../../../x86_64-linux-gnu/crtn.o

.plt            0x0000000000006d60      0x8d0
 *(.plt)
 .plt           0x0000000000006d60      0x8d0 /usr/lib/gcc/x86_64-linux-gnu/7/../../../x86_64-linux-gnu/Scrt1.o
 *(.iplt)

.plt.got        0x0000000000007630        0x8
 *(.plt.got)
 .plt.got       0x0000000000007630        0x8 /usr/lib/gcc/x86_64-linux-gnu/7/../../../x86_64-linux-gnu/Scrt1.o

.plt.sec
 *(.plt.sec)

.text           0x0000000000007640    0x25b12
 *(.text.unlikely .text.*_unlikely .text.unlikely.*)
 *(.text.exit .text.exit.*)
 *(.text.startup .text.startup.*)
 *(.text.hot .text.hot.*)
 *(.text .stub .text.* .gnu.linkonce.t.*)
 .text          0x0000000000007640       0x2b /usr/lib/gcc/x86_64-linux-gnu/7/../../../x86_64-linux-gnu/Scrt1.o
                0x0000000000007640                _start
 .text          0x000000000000766b        0x0 /usr/lib/gcc/x86_64-linux-gnu/7/../../../x86_64-linux-gnu/crti.o
 *fill*         0x000000000000766b        0x5 
 .text          0x0000000000007670       0xda /usr/lib/gcc/x86_64-linux-gnu/7/crtbeginS.o
 .text          0x000000000000774a     0x109a build/src/main.o
                0x0000000000007b2b                data_theme_handler(crow::packet*)
                0x0000000000007c8b                main
 .text._ZN9__gnu_cxx5__ops15__iter_less_valEv
                0x00000000000087e4        0x6 build/src/main.o
                0x00000000000087e4                __gnu_cxx::__ops::__iter_less_val()
 .text._ZN9__gnu_cxx5__ops15__val_less_iterEv
                0x00000000000087ea        0x6 build/src/main.o
                0x00000000000087ea                __gnu_cxx::__ops::__val_less_iter()
 .text._ZSt3absd
                0x00000000000087f0       0x1c build/src/main.o
                0x00000000000087f0                std::abs(double)
 .text._ZnwmPv  0x000000000000880c       0x12 build/src/main.o
                0x000000000000880c                operator new(unsigned long, void*)
 .text._ZdlPvS_
                0x000000000000881e        0xf build/src/main.o
                0x000000000000881e                operator delete(void*, void*)
 .text._Z7qt_noopv
                0x000000000000882d        0x7 build/src/main.o
                0x000000000000882d                qt_noop()
 .text._ZStanSt12memory_orderSt23__memory_order_modifier
                0x0000000000008834       0x14 build/src/main.o
                0x0000000000008834                std::operator&(std::memory_order, std::__memory_order_modifier)
 .text._ZNSt6atomicIiEC2Ei
                0x0000000000008848       0x23 build/src/main.o
                0x0000000000008848                std::atomic<int>::atomic(int)
                0x0000000000008848                std::atomic<int>::atomic(int)
 *fill*         0x000000000000886b        0x1 
 .text._ZN10QAtomicIntC2Ei
                0x000000000000886c       0x23 build/src/main.o
                0x000000000000886c                QAtomicInt::QAtomicInt(int)
                0x000000000000886c                QAtomicInt::QAtomicInt(int)
 *fill*         0x000000000000888f        0x1 
 .text._ZN6QFlagsIN2Qt19ImageConversionFlagEEC1ES1_
                0x0000000000008890       0x17 build/src/main.o
                0x0000000000008890                QFlags<Qt::ImageConversionFlag>::QFlags(Qt::ImageConversionFlag)
 *fill*         0x00000000000088a7        0x1 
 .text._ZN9QtPrivate8RefCount3refEv
                0x00000000000088a8       0x41 build/src/main.o
                0x00000000000088a8                QtPrivate::RefCount::ref()
 *fill*         0x00000000000088e9        0x1 
 .text._ZN9QtPrivate8RefCount5derefEv
                0x00000000000088ea       0x43 build/src/main.o
                0x00000000000088ea                QtPrivate::RefCount::deref()
 *fill*         0x000000000000892d        0x1 
 .text._ZNK9QtPrivate8RefCount10isSharableEv
                0x000000000000892e       0x1f build/src/main.o
                0x000000000000892e                QtPrivate::RefCount::isSharable() const
 *fill*         0x000000000000894d        0x1 
 .text._ZNK9QtPrivate8RefCount8isStaticEv
                0x000000000000894e       0x20 build/src/main.o
                0x000000000000894e                QtPrivate::RefCount::isStatic() const
 .text._ZNK9QtPrivate8RefCount8isSharedEv
                0x000000000000896e       0x35 build/src/main.o
                0x000000000000896e                QtPrivate::RefCount::isShared() const
 *fill*         0x00000000000089a3        0x1 
 .text._ZN10QArrayData4dataEv
                0x00000000000089a4       0x63 build/src/main.o
                0x00000000000089a4                QArrayData::data()
 *fill*         0x0000000000008a07        0x1 
 .text._ZNK10QArrayData4dataEv
                0x0000000000008a08       0x63 build/src/main.o
                0x0000000000008a08                QArrayData::data() const
 .text._ZN10QArrayData10sharedNullEv
                0x0000000000008a6b        0xd build/src/main.o
                0x0000000000008a6b                QArrayData::sharedNull()
 .text._ZN6QFlagsIN10QArrayData16AllocationOptionEEC1ES1_
                0x0000000000008a78       0x17 build/src/main.o
                0x0000000000008a78                QFlags<QArrayData::AllocationOption>::QFlags(QArrayData::AllocationOption)
 .text._ZNSt11char_traitsIcE6assignERcRKc
                0x0000000000008a8f       0x1c build/src/main.o
                0x0000000000008a8f                std::char_traits<char>::assign(char&, char const&)
 .text._ZNSt11char_traitsIcE6lengthEPKc
                0x0000000000008aab       0x4f build/src/main.o
                0x0000000000008aab                std::char_traits<char>::length(char const*)
 .text._ZNSt11char_traitsIcE4copyEPcPKcm
                0x0000000000008afa       0x40 build/src/main.o
                0x0000000000008afa                std::char_traits<char>::copy(char*, char const*, unsigned long)
 .text._ZN7QStringC2EPKc
                0x0000000000008b3a       0x47 build/src/main.o
                0x0000000000008b3a                QString::QString(char const*)
                0x0000000000008b3a                QString::QString(char const*)
 *fill*         0x0000000000008b81        0x1 
 .text._ZN7QStringD2Ev
                0x0000000000008b82       0x34 build/src/main.o
                0x0000000000008b82                QString::~QString()
                0x0000000000008b82                QString::~QString()
 .text._ZN9QListData7disposeEv
                0x0000000000008bb6       0x1e build/src/main.o
                0x0000000000008bb6                QListData::dispose()
 .text._ZNK9QListData7isEmptyEv
                0x0000000000008bd4       0x23 build/src/main.o
                0x0000000000008bd4                QListData::isEmpty() const
 *fill*         0x0000000000008bf7        0x1 
 .text._ZNK9QListData5beginEv
                0x0000000000008bf8       0x28 build/src/main.o
                0x0000000000008bf8                QListData::begin() const
 .text._ZNK9QListData3endEv
                0x0000000000008c20       0x28 build/src/main.o
                0x0000000000008c20                QListData::end() const
 .text._ZN19QBasicAtomicIntegerIiEC2Ei
                0x0000000000008c48       0x23 build/src/main.o
                0x0000000000008c48                QBasicAtomicInteger<int>::QBasicAtomicInteger(int)
 *fill*         0x0000000000008c6b        0x1 
 .text._ZNSt13__atomic_baseIiEC2Ei
                0x0000000000008c6c       0x17 build/src/main.o
                0x0000000000008c6c                std::__atomic_base<int>::__atomic_base(int)
 .text._ZN9QtPrivate15ConnectionTypesINS_4ListIJEEELb1EE5typesEv
                0x0000000000008c83        0xb build/src/main.o
                0x0000000000008c83                QtPrivate::ConnectionTypes<QtPrivate::List<>, true>::types()
 .text._ZN9QtPrivate15QSlotObjectBaseC2EPFviPS0_P7QObjectPPvPbE
                0x0000000000008c8e       0x30 build/src/main.o
                0x0000000000008c8e                QtPrivate::QSlotObjectBase::QSlotObjectBase(void (*)(int, QtPrivate::QSlotObjectBase*, QObject*, void**, bool*))
                0x0000000000008c8e                QtPrivate::QSlotObjectBase::QSlotObjectBase(void (*)(int, QtPrivate::QSlotObjectBase*, QObject*, void**, bool*))
 .text._ZN9QtPrivate15QSlotObjectBaseD2Ev
                0x0000000000008cbe        0xb build/src/main.o
                0x0000000000008cbe                QtPrivate::QSlotObjectBase::~QSlotObjectBase()
                0x0000000000008cbe                QtPrivate::QSlotObjectBase::~QSlotObjectBase()
 *fill*         0x0000000000008cc9        0x1 
 .text._ZN7QPointFC2Ev
                0x0000000000008cca       0x24 build/src/main.o
                0x0000000000008cca                QPointF::QPointF()
                0x0000000000008cca                QPointF::QPointF()
 .text._ZN7QPointFC2Edd
                0x0000000000008cee       0x30 build/src/main.o
                0x0000000000008cee                QPointF::QPointF(double, double)
                0x0000000000008cee                QPointF::QPointF(double, double)
 .text._ZN5QRectC2Eiiii
                0x0000000000008d1e       0x4f build/src/main.o
                0x0000000000008d1e                QRect::QRect(int, int, int, int)
                0x0000000000008d1e                QRect::QRect(int, int, int, int)
 *fill*         0x0000000000008d6d        0x1 
 .text._ZNK5QRect1xEv
                0x0000000000008d6e       0x10 build/src/main.o
                0x0000000000008d6e                QRect::x() const
 .text._ZNK5QRect1yEv
                0x0000000000008d7e       0x11 build/src/main.o
                0x0000000000008d7e                QRect::y() const
 *fill*         0x0000000000008d8f        0x1 
 .text._ZNK5QRect5widthEv
                0x0000000000008d90       0x1e build/src/main.o
                0x0000000000008d90                QRect::width() const
 .text._ZNK5QRect6heightEv
                0x0000000000008dae       0x1f build/src/main.o
                0x0000000000008dae                QRect::height() const
 *fill*         0x0000000000008dcd        0x1 
 .text._ZN6QRectFC2Edddd
                0x0000000000008dce       0x56 build/src/main.o
                0x0000000000008dce                QRectF::QRectF(double, double, double, double)
                0x0000000000008dce                QRectF::QRectF(double, double, double, double)
 .text._ZN6QRectFC2ERK5QRect
                0x0000000000008e24       0x76 build/src/main.o
                0x0000000000008e24                QRectF::QRectF(QRect const&)
                0x0000000000008e24                QRectF::QRectF(QRect const&)
 .text._ZN6QImageaSEOS_
                0x0000000000008e9a       0x31 build/src/main.o
                0x0000000000008e9a                QImage::operator=(QImage&&)
 *fill*         0x0000000000008ecb        0x1 
 .text._ZN8QPainter9drawImageERK5QRectRK6QImage
                0x0000000000008ecc       0xbe build/src/main.o
                0x0000000000008ecc                QPainter::drawImage(QRect const&, QImage const&)
 .text._ZN6QFlagsIN2Qt13AlignmentFlagEEC1EMNS2_7PrivateEi
                0x0000000000008f8a       0x19 build/src/main.o
                0x0000000000008f8a                QFlags<Qt::AlignmentFlag>::QFlags(int QFlags<Qt::AlignmentFlag>::Private::*)
 *fill*         0x0000000000008fa3        0x1 
 .text._ZN13QGraphicsItem4hideEv
                0x0000000000008fa4       0x20 build/src/main.o
                0x0000000000008fa4                QGraphicsItem::hide()
 .text._ZSt13__complex_absCd
                0x0000000000008fc4       0x4b build/src/main.o
                0x0000000000008fc4                std::__complex_abs(doublecomplex )
 *fill*         0x000000000000900f        0x1 
 .text._ZNSt7complexIdEC2Edd
                0x0000000000009010       0x2c build/src/main.o
                0x0000000000009010                std::complex<double>::complex(double, double)
                0x0000000000009010                std::complex<double>::complex(double, double)
 .text._ZNKSt7complexIdE4realB5cxx11Ev
                0x000000000000903c       0x12 build/src/main.o
                0x000000000000903c                std::complex<double>::real[abi:cxx11]() const
 .text._ZNKSt7complexIdE4imagB5cxx11Ev
                0x000000000000904e       0x13 build/src/main.o
                0x000000000000904e                std::complex<double>::imag[abi:cxx11]() const
 *fill*         0x0000000000009061        0x1 
 .text._ZNSt7complexIdEaSEd
                0x0000000000009062       0x29 build/src/main.o
                0x0000000000009062                std::complex<double>::operator=(double)
 *fill*         0x000000000000908b        0x1 
 .text._ZNSt7complexIdEdVEd
                0x000000000000908c       0x42 build/src/main.o
                0x000000000000908c                std::complex<double>::operator/=(double)
 .text._ZNKSt7complexIdE5__repEv
                0x00000000000090ce       0x23 build/src/main.o
                0x00000000000090ce                std::complex<double>::__rep() const
 *fill*         0x00000000000090f1        0x1 
 .text._ZN5igris6buffer4dataEv
                0x00000000000090f2        0xe build/src/main.o
                0x00000000000090f2                igris::buffer::data()
 .text._ZN5igris6buffer4sizeEv
                0x0000000000009100       0x12 build/src/main.o
                0x0000000000009100                igris::buffer::size()
 .text._ZN5igris6bufferC2Ev
                0x0000000000009112       0x22 build/src/main.o
                0x0000000000009112                igris::buffer::buffer()
                0x0000000000009112                igris::buffer::buffer()
 .text._ZN5igris6bufferC2EPKvm
                0x0000000000009134       0x2a build/src/main.o
                0x0000000000009134                igris::buffer::buffer(void const*, unsigned long)
                0x0000000000009134                igris::buffer::buffer(void const*, unsigned long)
 .text._ZN11adsl_finderC2ERN3nos7ostreamE
                0x000000000000915e       0x1a build/src/main.o
                0x000000000000915e                adsl_finder::adsl_finder(nos::ostream&)
                0x000000000000915e                adsl_finder::adsl_finder(nos::ostream&)
 .text._ZN11adsl_findercvRN3nos7ostreamEEv
                0x0000000000009178       0x11 build/src/main.o
                0x0000000000009178                adsl_finder::operator nos::ostream&()
 .text._ZN5ralgo3logIdEET_S1_
                0x0000000000009189       0x2f build/src/main.o
                0x0000000000009189                double ralgo::log<double>(double)
 .text._ZN5ralgo3expIdEET_S1_
                0x00000000000091b8       0x2f build/src/main.o
                0x00000000000091b8                double ralgo::exp<double>(double)
 *fill*         0x00000000000091e7        0x1 
 .text._ZN5ralgo6signal6windowC2Edd
                0x00000000000091e8       0x30 build/src/main.o
                0x00000000000091e8                ralgo::signal::window::window(double, double)
                0x00000000000091e8                ralgo::signal::window::window(double, double)
 .text._ZN5ralgo6signal15triangle_windowC2Edd
                0x0000000000009218       0x3b build/src/main.o
                0x0000000000009218                ralgo::signal::triangle_window::triangle_window(double, double)
                0x0000000000009218                ralgo::signal::triangle_window::triangle_window(double, double)
 *fill*         0x0000000000009253        0x1 
 .text._ZN5ralgo6signal15triangle_window6valuesEv
                0x0000000000009254       0xad build/src/main.o
                0x0000000000009254                ralgo::signal::triangle_window::values()
 *fill*         0x0000000000009301        0x1 
 .text._ZN5ralgo6signal15triangle_window9keypointsEv
                0x0000000000009302       0xee build/src/main.o
                0x0000000000009302                ralgo::signal::triangle_window::keypoints()
 .text._ZN5ralgo6signal15triangle_window11lerp_valuesERKSt6vectorIdSaIdEE
                0x00000000000093f0       0xc8 build/src/main.o
                0x00000000000093f0                ralgo::signal::triangle_window::lerp_values(std::vector<double, std::allocator<double> > const&)
 .text._ZN6QFlagsIN2Qt10WindowTypeEEC1EMNS2_7PrivateEi
                0x00000000000094b8       0x19 build/src/main.o
                0x00000000000094b8                QFlags<Qt::WindowType>::QFlags(int QFlags<Qt::WindowType>::Private::*)
 *fill*         0x00000000000094d1        0x1 
 .text._ZN6QQueueI7QVectorIdEEC2Ev
                0x00000000000094d2       0x1b build/src/main.o
                0x00000000000094d2                QQueue<QVector<double> >::QQueue()
                0x00000000000094d2                QQueue<QVector<double> >::QQueue()
 *fill*         0x00000000000094ed        0x1 
 .text._ZN6QQueueI7QVectorIdEED2Ev
                0x00000000000094ee       0x1b build/src/main.o
                0x00000000000094ee                QQueue<QVector<double> >::~QQueue()
                0x00000000000094ee                QQueue<QVector<double> >::~QQueue()
 *fill*         0x0000000000009509        0x1 
 .text._ZN11TrackWidgetC2Ev
                0x000000000000950a      0x182 build/src/main.o
                0x000000000000950a                TrackWidget::TrackWidget()
                0x000000000000950a                TrackWidget::TrackWidget()
 .text._ZN11TrackWidget10paintEventEP11QPaintEvent
                0x000000000000968c      0x3ec build/src/main.o
                0x000000000000968c                TrackWidget::paintEvent(QPaintEvent*)
 .text._ZN11TrackWidget10add_vectorERK7QVectorIdE
                0x0000000000009a78       0x5d build/src/main.o
                0x0000000000009a78                TrackWidget::add_vector(QVector<double> const&)
 *fill*         0x0000000000009ad5        0x1 
 .text._ZN6QQueueI7QVectorIsEEC2Ev
                0x0000000000009ad6       0x1b build/src/main.o
                0x0000000000009ad6                QQueue<QVector<short> >::QQueue()
                0x0000000000009ad6                QQueue<QVector<short> >::QQueue()
 *fill*         0x0000000000009af1        0x1 
 .text._ZN6QQueueI7QVectorIsEED2Ev
                0x0000000000009af2       0x1b build/src/main.o
                0x0000000000009af2                QQueue<QVector<short> >::~QQueue()
                0x0000000000009af2                QQueue<QVector<short> >::~QQueue()
 .text._ZN5ralgo6vecops8linspaceISt6vectorIdSaIdEEEEDaddi
                0x0000000000009b0d      0x113 build/src/main.o
                0x0000000000009b0d                auto ralgo::vecops::linspace<std::vector<double, std::allocator<double> > >(double, double, int)
 .text._ZN5ralgo6vecops12merge_sortedISt6vectorIdSaIdEES4_EEDaRKT_RKT0_dd
                0x0000000000009c20       0xb0 build/src/main.o
                0x0000000000009c20                auto ralgo::vecops::merge_sorted<std::vector<double, std::allocator<double> >, std::vector<double, std::allocator<double> > >(std::vector<double, std::allocator<double> > const&, std::vector<double, std::allocator<double> > const&, double, double)
 .text._ZN13DisplayWidgetC2EP7QWidget
                0x0000000000009cd0     0x12ea build/src/main.o
                0x0000000000009cd0                DisplayWidget::DisplayWidget(QWidget*)
                0x0000000000009cd0                DisplayWidget::DisplayWidget(QWidget*)
 .text._ZN5ralgo6vecops3absI7QVectorIdESt6vectorISt7complexIdESaIS6_EEEEDaRKT0_
                0x000000000000afba       0x50 build/src/main.o
                0x000000000000afba                auto ralgo::vecops::abs<QVector<double>, std::vector<std::complex<double>, std::allocator<std::complex<double> > > >(std::vector<std::complex<double>, std::allocator<std::complex<double> > > const&)
 .text._ZZN13DisplayWidget8frepaintEvENKUldiE_clEdi
                0x000000000000b00a       0x6d build/src/main.o
                0x000000000000b00a                DisplayWidget::frepaint()::{lambda(double, int)#1}::operator()(double, int) const
 .text._ZZN13DisplayWidget8frepaintEvENUldiE_4_FUNEdi
                0x000000000000b077       0x5f build/src/main.o
                0x000000000000b077                DisplayWidget::frepaint()::{lambda(double, int)#1}::_FUN(double, int)
 .text._ZN5ralgo6vecops6arangeISt6vectorIiSaIiEEEEDai
                0x000000000000b0d6       0xb9 build/src/main.o
                0x000000000000b0d6                auto ralgo::vecops::arange<std::vector<int, std::allocator<int> > >(int)
 *fill*         0x000000000000b18f        0x1 
 .text._ZZN13DisplayWidget8frepaintEvENKUldE0_clEd
                0x000000000000b190       0x69 build/src/main.o
                0x000000000000b190                DisplayWidget::frepaint()::{lambda(double)#2}::operator()(double) const
 .text._ZZN13DisplayWidget8frepaintEvENUldE0_4_FUNEd
                0x000000000000b1f9       0x34 build/src/main.o
                0x000000000000b1f9                DisplayWidget::frepaint()::{lambda(double)#2}::_FUN(double)
 *fill*         0x000000000000b22d        0x1 
 .text._ZN13DisplayWidget8frepaintEv
                0x000000000000b22e      0x95e build/src/main.o
                0x000000000000b22e                DisplayWidget::frepaint()
 .text._ZN13DisplayWidget11new_packageEO7QVectorIsE
                0x000000000000bb8c       0x5d build/src/main.o
                0x000000000000bb8c                DisplayWidget::new_package(QVector<short>&&)
 *fill*         0x000000000000bbe9        0x1 
 .text._ZN4crow6packet7dataptrEv
                0x000000000000bbea       0x24 build/src/main.o
                0x000000000000bbea                crow::packet::dataptr()
 .text._ZN4crow10subscriber9subscribeEPKhhPKchthtN5igris8delegateIvJPNS_6packetEEEE
                0x000000000000bc0e       0xcf build/src/main.o
                0x000000000000bc0e                crow::subscriber::subscribe(unsigned char const*, unsigned char, char const*, unsigned char, unsigned short, unsigned char, unsigned short, igris::delegate<void, crow::packet*>)
 *fill*         0x000000000000bcdd        0x1 
 .text._ZN4crow10subscriber9subscribeERKSt6vectorIhSaIhEEPKchthtN5igris8delegateIvJPNS_6packetEEEE
                0x000000000000bcde       0xe6 build/src/main.o
                0x000000000000bcde                crow::subscriber::subscribe(std::vector<unsigned char, std::allocator<unsigned char> > const&, char const*, unsigned char, unsigned short, unsigned char, unsigned short, igris::delegate<void, crow::packet*>)
 .text._ZN4crow10subscriber11resubscribeEv
                0x000000000000bdc4       0x69 build/src/main.o
                0x000000000000bdc4                crow::subscriber::resubscribe()
 *fill*         0x000000000000be2d        0x1 
 .text._ZN3nos18visitable_argumentC2EPvRKN5igris6bufferES1_
                0x000000000000be2e       0x45 build/src/main.o
                0x000000000000be2e                nos::visitable_argument::visitable_argument(void*, igris::buffer const&, void*)
                0x000000000000be2e                nos::visitable_argument::visitable_argument(void*, igris::buffer const&, void*)
 *fill*         0x000000000000be73        0x1 
 .text._ZN4crow10subscriberC2Ev
                0x000000000000be74       0x1f build/src/main.o
                0x000000000000be74                crow::subscriber::subscriber()
                0x000000000000be74                crow::subscriber::subscriber()
 .text._ZSt4moveIR7QVectorIsEEONSt16remove_referenceIT_E4typeEOS4_
                0x000000000000be93        0xe build/src/main.o
                0x000000000000be93                std::remove_reference<QVector<short>&>::type&& std::move<QVector<short>&>(QVector<short>&)
 *fill*         0x000000000000bea1        0x1 
 .text._ZN14QAtomicIntegerIiEC2Ei
                0x000000000000bea2       0x23 build/src/main.o
                0x000000000000bea2                QAtomicInteger<int>::QAtomicInteger(int)
                0x000000000000bea2                QAtomicInteger<int>::QAtomicInteger(int)
 *fill*         0x000000000000bec5        0x1 
 .text._ZNK19QBasicAtomicIntegerIiE4loadEv
                0x000000000000bec6       0x1a build/src/main.o
                0x000000000000bec6                QBasicAtomicInteger<int>::load() const
 .text._ZN19QBasicAtomicIntegerIiE3refEv
                0x000000000000bee0       0x1a build/src/main.o
                0x000000000000bee0                QBasicAtomicInteger<int>::ref()
 .text._ZN19QBasicAtomicIntegerIiE5derefEv
                0x000000000000befa       0x1a build/src/main.o
                0x000000000000befa                QBasicAtomicInteger<int>::deref()
 .text._ZN9__gnu_cxx11char_traitsIcE6lengthEPKc
                0x000000000000bf14       0x69 build/src/main.o
                0x000000000000bf14                __gnu_cxx::char_traits<char>::length(char const*)
 .text._ZN9__gnu_cxx11char_traitsIcE2eqERKcS3_
                0x000000000000bf7d       0x21 build/src/main.o
                0x000000000000bf7d                __gnu_cxx::char_traits<char>::eq(char const&, char const&)
 .text._ZNKSt7__cxx1112basic_stringIcSt11char_traitsIcESaIcEE5c_strEv
                0x000000000000bf9e       0x1a build/src/main.o
                0x000000000000bf9e                std::__cxx11::basic_string<char, std::char_traits<char>, std::allocator<char> >::c_str() const
 .text._ZNSt7__cxx1112basic_stringIcSt11char_traitsIcESaIcEE12_Alloc_hiderD2Ev
                0x000000000000bfb8       0x1b build/src/main.o
                0x000000000000bfb8                std::__cxx11::basic_string<char, std::char_traits<char>, std::allocator<char> >::_Alloc_hider::~_Alloc_hider()
                0x000000000000bfb8                std::__cxx11::basic_string<char, std::char_traits<char>, std::allocator<char> >::_Alloc_hider::~_Alloc_hider()
 *fill*         0x000000000000bfd3        0x1 
 .text._ZNSt7__cxx1112basic_stringIcSt11char_traitsIcESaIcEED2Ev
                0x000000000000bfd4       0x27 build/src/main.o
                0x000000000000bfd4                std::__cxx11::basic_string<char, std::char_traits<char>, std::allocator<char> >::~basic_string()
                0x000000000000bfd4                std::__cxx11::basic_string<char, std::char_traits<char>, std::allocator<char> >::~basic_string()
 *fill*         0x000000000000bffb        0x1 
 .text._ZNKSt7__cxx1112basic_stringIcSt11char_traitsIcESaIcEE4dataEv
                0x000000000000bffc       0x1a build/src/main.o
                0x000000000000bffc                std::__cxx11::basic_string<char, std::char_traits<char>, std::allocator<char> >::data() const
 .text._ZNKSt7__cxx1112basic_stringIcSt11char_traitsIcESaIcEE4sizeEv
                0x000000000000c016       0x12 build/src/main.o
                0x000000000000c016                std::__cxx11::basic_string<char, std::char_traits<char>, std::allocator<char> >::size() const
 .text._ZN15QTypedArrayDataItE10deallocateEP10QArrayData
                0x000000000000c028       0x25 build/src/main.o
                0x000000000000c028                QTypedArrayData<unsigned short>::deallocate(QArrayData*)
 .text._ZSt3maxImERKT_S2_S2_
                0x000000000000c04d       0x2b build/src/main.o
                0x000000000000c04d                unsigned long const& std::max<unsigned long>(unsigned long const&, unsigned long const&)
 .text._ZN7QVectorI7QPointFEC2Ev
                0x000000000000c078       0x1e build/src/main.o
                0x000000000000c078                QVector<QPointF>::QVector()
                0x000000000000c078                QVector<QPointF>::QVector()
 .text._ZN7QVectorI7QPointFED2Ev
                0x000000000000c096       0x3b build/src/main.o
                0x000000000000c096                QVector<QPointF>::~QVector()
                0x000000000000c096                QVector<QPointF>::~QVector()
 *fill*         0x000000000000c0d1        0x1 
 .text._ZN7QVectorI7QPointFEC2ERKS1_
                0x000000000000c0d2      0x195 build/src/main.o
                0x000000000000c0d2                QVector<QPointF>::QVector(QVector<QPointF> const&)
                0x000000000000c0d2                QVector<QPointF>::QVector(QVector<QPointF> const&)
 *fill*         0x000000000000c267        0x1 
 .text._ZN7QVectorI7QPointFEC2Ei
                0x000000000000c268      0x114 build/src/main.o
                0x000000000000c268                QVector<QPointF>::QVector(int)
                0x000000000000c268                QVector<QPointF>::QVector(int)
 .text._Z5qSwapIP10QImageDataEvRT_S3_
                0x000000000000c37c       0x26 build/src/main.o
                0x000000000000c37c                void qSwap<QImageData*>(QImageData*&, QImageData*&)
 .text._ZN7QVectorI7QPointFE4dataEv
                0x000000000000c3a2       0x2e build/src/main.o
                0x000000000000c3a2                QVector<QPointF>::data()
 .text._ZNK7QVectorI7QPointFE4sizeEv
                0x000000000000c3d0       0x14 build/src/main.o
                0x000000000000c3d0                QVector<QPointF>::size() const
 .text._ZNSaIdEC2Ev
                0x000000000000c3e4       0x1b build/src/main.o
                0x000000000000c3e4                std::allocator<double>::allocator()
                0x000000000000c3e4                std::allocator<double>::allocator()
 *fill*         0x000000000000c3ff        0x1 
 .text._ZNSaIdED2Ev
                0x000000000000c400       0x1b build/src/main.o
                0x000000000000c400                std::allocator<double>::~allocator()
                0x000000000000c400                std::allocator<double>::~allocator()
 *fill*         0x000000000000c41b        0x1 
 .text._ZNKSt16initializer_listIdE5beginEv
                0x000000000000c41c       0x11 build/src/main.o
                0x000000000000c41c                std::initializer_list<double>::begin() const
 *fill*         0x000000000000c42d        0x1 
 .text._ZNKSt16initializer_listIdE3endEv
                0x000000000000c42e       0x36 build/src/main.o
                0x000000000000c42e                std::initializer_list<double>::end() const
 .text._ZNSt6vectorIdSaIdEEC2ESt16initializer_listIdERKS0_
                0x000000000000c464       0xba build/src/main.o
                0x000000000000c464                std::vector<double, std::allocator<double> >::vector(std::initializer_list<double>, std::allocator<double> const&)
                0x000000000000c464                std::vector<double, std::allocator<double> >::vector(std::initializer_list<double>, std::allocator<double> const&)
 .text._ZNSt6vectorIdSaIdEED2Ev
                0x000000000000c51e       0x44 build/src/main.o
                0x000000000000c51e                std::vector<double, std::allocator<double> >::~vector()
                0x000000000000c51e                std::vector<double, std::allocator<double> >::~vector()
 .text._ZN5QListI7QVectorIdEEC2Ev
                0x000000000000c562       0x19 build/src/main.o
                0x000000000000c562                QList<QVector<double> >::QList()
                0x000000000000c562                QList<QVector<double> >::QList()
 *fill*         0x000000000000c57b        0x1 
 .text._ZN5QListI7QVectorIdEED2Ev
                0x000000000000c57c       0x47 build/src/main.o
                0x000000000000c57c                QList<QVector<double> >::~QList()
                0x000000000000c57c                QList<QVector<double> >::~QList()
 *fill*         0x000000000000c5c3        0x1 
 .text._ZNK5QListI7QVectorIdEE5emptyEv
                0x000000000000c5c4       0x1a build/src/main.o
                0x000000000000c5c4                QList<QVector<double> >::empty() const
 .text._ZN6QQueueI7QVectorIdEE7dequeueEv
                0x000000000000c5de       0x4c build/src/main.o
                0x000000000000c5de                QQueue<QVector<double> >::dequeue()
 .text._ZN7QVectorIdED2Ev
                0x000000000000c62a       0x3b build/src/main.o
                0x000000000000c62a                QVector<double>::~QVector()
                0x000000000000c62a                QVector<double>::~QVector()
 .text._ZN5ralgo6vecops7inplace9normalizeI7QVectorIdEEERT_S6_
                0x000000000000c665       0x3d build/src/main.o
                0x000000000000c665                QVector<double>& ralgo::vecops::inplace::normalize<QVector<double> >(QVector<double>&)
 .text._ZNK7QVectorIdE4sizeEv
                0x000000000000c6a2       0x14 build/src/main.o
                0x000000000000c6a2                QVector<double>::size() const
 .text._ZN7QVectorIdEixEi
                0x000000000000c6b6       0x65 build/src/main.o
                0x000000000000c6b6                QVector<double>::operator[](int)
 .text._ZN5ralgo5clampIdEET_S1_S1_S1_
                0x000000000000c71b       0x40 build/src/main.o
                0x000000000000c71b                double ralgo::clamp<double>(double, double, double)
 *fill*         0x000000000000c75b        0x1 
 .text._ZN6QQueueI7QVectorIdEE7enqueueERKS1_
                0x000000000000c75c       0x26 build/src/main.o
                0x000000000000c75c                QQueue<QVector<double> >::enqueue(QVector<double> const&)
 .text._ZN7QVectorIdEC2Ev
                0x000000000000c782       0x1e build/src/main.o
                0x000000000000c782                QVector<double>::QVector()
                0x000000000000c782                QVector<double>::QVector()
 .text._ZNSt6vectorIdSaIdEEC2Ev
                0x000000000000c7a0       0x1b build/src/main.o
                0x000000000000c7a0                std::vector<double, std::allocator<double> >::vector()
                0x000000000000c7a0                std::vector<double, std::allocator<double> >::vector()
 *fill*         0x000000000000c7bb        0x1 
 .text._ZNSt6vectorIN5ralgo6signal15triangle_windowESaIS2_EEC2Ev
                0x000000000000c7bc       0x1b build/src/main.o
                0x000000000000c7bc                std::vector<ralgo::signal::triangle_window, std::allocator<ralgo::signal::triangle_window> >::vector()
                0x000000000000c7bc                std::vector<ralgo::signal::triangle_window, std::allocator<ralgo::signal::triangle_window> >::vector()
 *fill*         0x000000000000c7d7        0x1 
 .text._ZNSt6vectorIN5ralgo6signal15triangle_windowESaIS2_EED2Ev
                0x000000000000c7d8       0x44 build/src/main.o
                0x000000000000c7d8                std::vector<ralgo::signal::triangle_window, std::allocator<ralgo::signal::triangle_window> >::~vector()
                0x000000000000c7d8                std::vector<ralgo::signal::triangle_window, std::allocator<ralgo::signal::triangle_window> >::~vector()
 .text._ZNSt6vectorIS_IdSaIdEESaIS1_EEC2Ev
                0x000000000000c81c       0x1b build/src/main.o
                0x000000000000c81c                std::vector<std::vector<double, std::allocator<double> >, std::allocator<std::vector<double, std::allocator<double> > > >::vector()
                0x000000000000c81c                std::vector<std::vector<double, std::allocator<double> >, std::allocator<std::vector<double, std::allocator<double> > > >::vector()
 *fill*         0x000000000000c837        0x1 
 .text._ZNSt6vectorIS_IdSaIdEESaIS1_EED2Ev
                0x000000000000c838       0x44 build/src/main.o
                0x000000000000c838                std::vector<std::vector<double, std::allocator<double> >, std::allocator<std::vector<double, std::allocator<double> > > >::~vector()
                0x000000000000c838                std::vector<std::vector<double, std::allocator<double> >, std::allocator<std::vector<double, std::allocator<double> > > >::~vector()
 .text._ZN5QListI7QVectorIsEEC2Ev
                0x000000000000c87c       0x19 build/src/main.o
                0x000000000000c87c                QList<QVector<short> >::QList()
                0x000000000000c87c                QList<QVector<short> >::QList()
 *fill*         0x000000000000c895        0x1 
 .text._ZN5QListI7QVectorIsEED2Ev
                0x000000000000c896       0x47 build/src/main.o
                0x000000000000c896                QList<QVector<short> >::~QList()
                0x000000000000c896                QList<QVector<short> >::~QList()
 *fill*         0x000000000000c8dd        0x1 
 .text._ZN7QVectorIdE6resizeEi
                0x000000000000c8de       0x90 build/src/main.o
                0x000000000000c8de                QVector<double>::resize(int)
 .text._ZN7QVectorI7QPointFE6resizeEi
                0x000000000000c96e       0x90 build/src/main.o
                0x000000000000c96e                QVector<QPointF>::resize(int)
 .text._ZN7QVectorI7QPointFEixEi
                0x000000000000c9fe       0x65 build/src/main.o
                0x000000000000c9fe                QVector<QPointF>::operator[](int)
 .text._ZSt4moveIRSt6vectorIdSaIdEEEONSt16remove_referenceIT_E4typeEOS5_
                0x000000000000ca63        0xe build/src/main.o
                0x000000000000ca63                std::remove_reference<std::vector<double, std::allocator<double> >&>::type&& std::move<std::vector<double, std::allocator<double> >&>(std::vector<double, std::allocator<double> >&)
 *fill*         0x000000000000ca71        0x1 
 .text._ZNSt6vectorIdSaIdEEaSEOS1_
                0x000000000000ca72       0x69 build/src/main.o
                0x000000000000ca72                std::vector<double, std::allocator<double> >::operator=(std::vector<double, std::allocator<double> >&&)
 *fill*         0x000000000000cadb        0x1 
 .text._ZNKSt6vectorIdSaIdEE4sizeEv
                0x000000000000cadc       0x26 build/src/main.o
                0x000000000000cadc                std::vector<double, std::allocator<double> >::size() const
 .text._ZNSt6vectorIdSaIdEEC2EmRKS0_
                0x000000000000cb02       0x62 build/src/main.o
                0x000000000000cb02                std::vector<double, std::allocator<double> >::vector(unsigned long, std::allocator<double> const&)
                0x000000000000cb02                std::vector<double, std::allocator<double> >::vector(unsigned long, std::allocator<double> const&)
 .text._ZNSt6vectorIdSaIdEEixEm
                0x000000000000cb64       0x20 build/src/main.o
                0x000000000000cb64                std::vector<double, std::allocator<double> >::operator[](unsigned long)
 .text._ZNSt6vectorIdSaIdEEC2EOS1_
                0x000000000000cb84       0x34 build/src/main.o
                0x000000000000cb84                std::vector<double, std::allocator<double> >::vector(std::vector<double, std::allocator<double> >&&)
                0x000000000000cb84                std::vector<double, std::allocator<double> >::vector(std::vector<double, std::allocator<double> >&&)
 .text._ZN5ralgo9mel2hz_viISt6vectorIdSaIdEEEERT_S5_
                0x000000000000cbb8       0x21 build/src/main.o
                0x000000000000cbb8                std::vector<double, std::allocator<double> >& ralgo::mel2hz_vi<std::vector<double, std::allocator<double> > >(std::vector<double, std::allocator<double> >&)
 .text._ZSt7forwardIRdEOT_RNSt16remove_referenceIS1_E4typeE
                0x000000000000cbd9        0xe build/src/main.o
                0x000000000000cbd9                double& std::forward<double&>(std::remove_reference<double&>::type&)
 *fill*         0x000000000000cbe7        0x1 
 .text._ZNSt6vectorIN5ralgo6signal15triangle_windowESaIS2_EE12emplace_backIJRdS6_EEERS2_DpOT_
                0x000000000000cbe8       0xcb build/src/main.o
                0x000000000000cbe8                ralgo::signal::triangle_window& std::vector<ralgo::signal::triangle_window, std::allocator<ralgo::signal::triangle_window> >::emplace_back<double&, double&>(double&, double&)
 *fill*         0x000000000000ccb3        0x1 
 .text._ZNSt6vectorIN5ralgo6signal15triangle_windowESaIS2_EEixEm
                0x000000000000ccb4       0x20 build/src/main.o
                0x000000000000ccb4                std::vector<ralgo::signal::triangle_window, std::allocator<ralgo::signal::triangle_window> >::operator[](unsigned long)
 .text._ZSt13back_inserterISt6vectorIdSaIdEEESt20back_insert_iteratorIT_ERS4_
                0x000000000000ccd4       0x48 build/src/main.o
                0x000000000000ccd4                std::back_insert_iterator<std::vector<double, std::allocator<double> > > std::back_inserter<std::vector<double, std::allocator<double> > >(std::vector<double, std::allocator<double> >&)
 .text._ZN5ralgo6vecops12merge_sortedISt6vectorIdSaIdEES4_St20back_insert_iteratorIS4_EEEvRKT_RKT0_T1_dd
                0x000000000000cd1c      0x139 build/src/main.o
                0x000000000000cd1c                void ralgo::vecops::merge_sorted<std::vector<double, std::allocator<double> >, std::vector<double, std::allocator<double> >, std::back_insert_iterator<std::vector<double, std::allocator<double> > > >(std::vector<double, std::allocator<double> > const&, std::vector<double, std::allocator<double> > const&, std::back_insert_iterator<std::vector<double, std::allocator<double> > >, double, double)
 *fill*         0x000000000000ce55        0x1 
 .text._ZNSt6vectorIS_IdSaIdEESaIS1_EE9push_backEOS1_
                0x000000000000ce56       0x31 build/src/main.o
                0x000000000000ce56                std::vector<std::vector<double, std::allocator<double> >, std::allocator<std::vector<double, std::allocator<double> > > >::push_back(std::vector<double, std::allocator<double> >&&)
 *fill*         0x000000000000ce87        0x1 
 .text._ZNSt6vectorIS_IdSaIdEESaIS1_EEixEm
                0x000000000000ce88       0x29 build/src/main.o
                0x000000000000ce88                std::vector<std::vector<double, std::allocator<double> >, std::allocator<std::vector<double, std::allocator<double> > > >::operator[](unsigned long)
 *fill*         0x000000000000ceb1        0x1 
 .text._ZNK5QListI7QVectorIsEE5emptyEv
                0x000000000000ceb2       0x1a build/src/main.o
                0x000000000000ceb2                QList<QVector<short> >::empty() const
 .text._ZN6QQueueI7QVectorIsEE7dequeueEv
                0x000000000000cecc       0x4c build/src/main.o
                0x000000000000cecc                QQueue<QVector<short> >::dequeue()
 .text._ZN7QVectorIsED2Ev
                0x000000000000cf18       0x3b build/src/main.o
                0x000000000000cf18                QVector<short>::~QVector()
                0x000000000000cf18                QVector<short>::~QVector()
 *fill*         0x000000000000cf53        0x1 
 .text._ZN7QVectorIsE5beginEv
                0x000000000000cf54       0x2e build/src/main.o
                0x000000000000cf54                QVector<short>::begin()
 .text._ZN7QVectorIsE3endEv
                0x000000000000cf82       0x2e build/src/main.o
                0x000000000000cf82                QVector<short>::end()
 .text._ZSt5beginI7QVectorIdEEDTcldtfp_5beginEERT_
                0x000000000000cfb0       0x1a build/src/main.o
                0x000000000000cfb0                decltype (({parm#1}.begin)()) std::begin<QVector<double> >(QVector<double>&)
 .text._ZSt3endI7QVectorIdEEDTcldtfp_3endEERT_
                0x000000000000cfca       0x1a build/src/main.o
                0x000000000000cfca                decltype (({parm#1}.end)()) std::end<QVector<double> >(QVector<double>&)
 .text._ZNSaISt7complexIdEEC2Ev
                0x000000000000cfe4       0x1b build/src/main.o
                0x000000000000cfe4                std::allocator<std::complex<double> >::allocator()
                0x000000000000cfe4                std::allocator<std::complex<double> >::allocator()
 *fill*         0x000000000000cfff        0x1 
 .text._ZNSaISt7complexIdEED2Ev
                0x000000000000d000       0x1b build/src/main.o
                0x000000000000d000                std::allocator<std::complex<double> >::~allocator()
                0x000000000000d000                std::allocator<std::complex<double> >::~allocator()
 *fill*         0x000000000000d01b        0x1 
 .text._ZNSt6vectorISt7complexIdESaIS1_EEC2IPdvEET_S6_RKS2_
                0x000000000000d01c       0x6e build/src/main.o
                0x000000000000d01c                std::vector<std::complex<double>, std::allocator<std::complex<double> > >::vector<double*, void>(double*, double*, std::allocator<std::complex<double> > const&)
                0x000000000000d01c                std::vector<std::complex<double>, std::allocator<std::complex<double> > >::vector<double*, void>(double*, double*, std::allocator<std::complex<double> > const&)
 .text._ZNSt6vectorISt7complexIdESaIS1_EED2Ev
                0x000000000000d08a       0x44 build/src/main.o
                0x000000000000d08a                std::vector<std::complex<double>, std::allocator<std::complex<double> > >::~vector()
                0x000000000000d08a                std::vector<std::complex<double>, std::allocator<std::complex<double> > >::~vector()
 .text._ZN5ralgo6signal3fftISt6vectorISt7complexIdESaIS4_EEEEvRT_
                0x000000000000d0ce      0x3c3 build/src/main.o
                0x000000000000d0ce                void ralgo::signal::fft<std::vector<std::complex<double>, std::allocator<std::complex<double> > > >(std::vector<std::complex<double>, std::allocator<std::complex<double> > >&)
 .text._ZN5ralgo6vecops5sliceISt6vectorISt7complexIdESaIS4_EEEET_RKS7_mmm
                0x000000000000d491       0xfa build/src/main.o
                0x000000000000d491                std::vector<std::complex<double>, std::allocator<std::complex<double> > > ralgo::vecops::slice<std::vector<std::complex<double>, std::allocator<std::complex<double> > > >(std::vector<std::complex<double>, std::allocator<std::complex<double> > > const&, unsigned long, unsigned long, unsigned long)
 *fill*         0x000000000000d58b        0x1 
 .text._ZNK5ralgo2op3absclISt7complexIdEEEDaRKT_
                0x000000000000d58c       0x2c build/src/main.o
                0x000000000000d58c                auto ralgo::op::abs::operator()<std::complex<double> >(std::complex<double> const&) const
 .text._ZN5ralgo6vecops11elementwiseI7QVectorIdENS_2op3absESt6vectorISt7complexIdESaIS8_EEJEEET_RKT0_RKT1_DpOT2_
                0x000000000000d5b8       0xfe build/src/main.o
                0x000000000000d5b8                QVector<double> ralgo::vecops::elementwise<QVector<double>, ralgo::op::abs, std::vector<std::complex<double>, std::allocator<std::complex<double> > >>(ralgo::op::abs const&, std::vector<std::complex<double>, std::allocator<std::complex<double> > > const&)
 .text._ZSt4moveIR7QVectorIdEEONSt16remove_referenceIT_E4typeEOS4_
                0x000000000000d6b6        0xe build/src/main.o
                0x000000000000d6b6                std::remove_reference<QVector<double>&>::type&& std::move<QVector<double>&>(QVector<double>&)
 .text._ZN7QVectorIdEaSEOS0_
                0x000000000000d6c4       0x7f build/src/main.o
                0x000000000000d6c4                QVector<double>::operator=(QVector<double>&&)
 .text._ZN5ralgo6vecops7inplace3divI7QVectorIdEmEERT_S6_T0_
                0x000000000000d743       0x94 build/src/main.o
                0x000000000000d743                QVector<double>& ralgo::vecops::inplace::div<QVector<double>, unsigned long>(QVector<double>&, unsigned long)
 *fill*         0x000000000000d7d7        0x1 
 .text._ZNKSt6vectorIS_IdSaIdEESaIS1_EE4sizeEv
                0x000000000000d7d8       0x37 build/src/main.o
                0x000000000000d7d8                std::vector<std::vector<double, std::allocator<double> >, std::allocator<std::vector<double, std::allocator<double> > > >::size() const
 *fill*         0x000000000000d80f        0x1 
 .text._ZN7QVectorIdEC2Ei
                0x000000000000d810      0x114 build/src/main.o
                0x000000000000d810                QVector<double>::QVector(int)
                0x000000000000d810                QVector<double>::QVector(int)
 .text._ZN5ralgo6vecops6mul_vvISt6vectorIdSaIdEES4_S4_EET1_RKT_RKT0_
                0x000000000000d924       0x55 build/src/main.o
                0x000000000000d924                std::vector<double, std::allocator<double> > ralgo::vecops::mul_vv<std::vector<double, std::allocator<double> >, std::vector<double, std::allocator<double> >, std::vector<double, std::allocator<double> > >(std::vector<double, std::allocator<double> > const&, std::vector<double, std::allocator<double> > const&)
 .text._ZN5ralgo5trapzISt6vectorIdSaIdEES3_EEdRKT_RKT0_
                0x000000000000d979      0x173 build/src/main.o
                0x000000000000d979                double ralgo::trapz<std::vector<double, std::allocator<double> >, std::vector<double, std::allocator<double> > >(std::vector<double, std::allocator<double> > const&, std::vector<double, std::allocator<double> > const&)
 .text._ZNSaIiEC2Ev
                0x000000000000daec       0x1b build/src/main.o
                0x000000000000daec                std::allocator<int>::allocator()
                0x000000000000daec                std::allocator<int>::allocator()
 *fill*         0x000000000000db07        0x1 
 .text._ZNSaIiED2Ev
                0x000000000000db08       0x1b build/src/main.o
                0x000000000000db08                std::allocator<int>::~allocator()
                0x000000000000db08                std::allocator<int>::~allocator()
 *fill*         0x000000000000db23        0x1 
 .text._ZNSt6vectorIiSaIiEEC2EmRKS0_
                0x000000000000db24       0x62 build/src/main.o
                0x000000000000db24                std::vector<int, std::allocator<int> >::vector(unsigned long, std::allocator<int> const&)
                0x000000000000db24                std::vector<int, std::allocator<int> >::vector(unsigned long, std::allocator<int> const&)
 .text._ZNSt6vectorIiSaIiEED2Ev
                0x000000000000db86       0x44 build/src/main.o
                0x000000000000db86                std::vector<int, std::allocator<int> >::~vector()
                0x000000000000db86                std::vector<int, std::allocator<int> >::~vector()
 .text._ZNSt6vectorIiSaIiEEixEm
                0x000000000000dbca       0x20 build/src/main.o
                0x000000000000dbca                std::vector<int, std::allocator<int> >::operator[](unsigned long)
 .text._ZN5ralgo6vecops12elementwise2I7QVectorI7QPointFEZN13DisplayWidget8frepaintEvEUldiE_S2_IdESt6vectorIiSaIiEEJEEET_RKT0_RKT1_RKT2_DpOT3_
                0x000000000000dbea      0x160 build/src/main.o
                0x000000000000dbea                QVector<QPointF> ralgo::vecops::elementwise2<QVector<QPointF>, DisplayWidget::frepaint()::{lambda(double, int)#1}, QVector<double>, std::vector<int, std::allocator<int> >>(DisplayWidget::frepaint()::{lambda(double, int)#1} const&, QVector<double> const&, std::vector<int, std::allocator<int> > const&)
 .text._ZN5ralgo6vecops7inplace3logI7QVectorIdEEERT_S6_
                0x000000000000dd4a       0x24 build/src/main.o
                0x000000000000dd4a                QVector<double>& ralgo::vecops::inplace::log<QVector<double> >(QVector<double>&)
 .text._ZN5ralgo6vecops11elementwiseISt6vectorISt7complexIdESaIS4_EEZN13DisplayWidget8frepaintEvEUldE0_7QVectorIdEJEEET_RKT0_RKT1_DpOT2_
                0x000000000000dd6e      0x132 build/src/main.o
                0x000000000000dd6e                std::vector<std::complex<double>, std::allocator<std::complex<double> > > ralgo::vecops::elementwise<std::vector<std::complex<double>, std::allocator<std::complex<double> > >, DisplayWidget::frepaint()::{lambda(double)#2}, QVector<double>>(DisplayWidget::frepaint()::{lambda(double)#2} const&, QVector<double> const&)
 .text._ZNSt6vectorISt7complexIdESaIS1_EE6resizeEm
                0x000000000000dea0       0x8c build/src/main.o
                0x000000000000dea0                std::vector<std::complex<double>, std::allocator<std::complex<double> > >::resize(unsigned long)
 .text._ZN5ralgo6signal4ifftISt6vectorISt7complexIdESaIS4_EEEEvRT_
                0x000000000000df2c       0x51 build/src/main.o
                0x000000000000df2c                void ralgo::signal::ifft<std::vector<std::complex<double>, std::allocator<std::complex<double> > > >(std::vector<std::complex<double>, std::allocator<std::complex<double> > >&)
 *fill*         0x000000000000df7d        0x1 
 .text._ZN6QQueueI7QVectorIsEE7enqueueERKS1_
                0x000000000000df7e       0x26 build/src/main.o
                0x000000000000df7e                QQueue<QVector<short> >::enqueue(QVector<short> const&)
 .text._ZNSt6vectorIhSaIhEEC2Ev
                0x000000000000dfa4       0x1b build/src/main.o
                0x000000000000dfa4                std::vector<unsigned char, std::allocator<unsigned char> >::vector()
                0x000000000000dfa4                std::vector<unsigned char, std::allocator<unsigned char> >::vector()
 *fill*         0x000000000000dfbf        0x1 
 .text._ZNSt6vectorIhSaIhEED2Ev
                0x000000000000dfc0       0x44 build/src/main.o
                0x000000000000dfc0                std::vector<unsigned char, std::allocator<unsigned char> >::~vector()
                0x000000000000dfc0                std::vector<unsigned char, std::allocator<unsigned char> >::~vector()
 .text._ZNSt6vectorIhSaIhEE6resizeEm
                0x000000000000e004       0x88 build/src/main.o
                0x000000000000e004                std::vector<unsigned char, std::allocator<unsigned char> >::resize(unsigned long)
 .text._ZNSt6vectorIhSaIhEE4dataEv
                0x000000000000e08c       0x24 build/src/main.o
                0x000000000000e08c                std::vector<unsigned char, std::allocator<unsigned char> >::data()
 .text._ZSt4moveIRSt6vectorIhSaIhEEEONSt16remove_referenceIT_E4typeEOS5_
                0x000000000000e0b0        0xe build/src/main.o
                0x000000000000e0b0                std::remove_reference<std::vector<unsigned char, std::allocator<unsigned char> >&>::type&& std::move<std::vector<unsigned char, std::allocator<unsigned char> >&>(std::vector<unsigned char, std::allocator<unsigned char> >&)
 .text._ZN5igris8delegateIvJPN4crow6packetEEEaSERKS4_
                0x000000000000e0be       0x38 build/src/main.o
                0x000000000000e0be                igris::delegate<void, crow::packet*>::operator=(igris::delegate<void, crow::packet*> const&)
 .text._ZNKSt6vectorIhSaIhEE4dataEv
                0x000000000000e0f6       0x24 build/src/main.o
                0x000000000000e0f6                std::vector<unsigned char, std::allocator<unsigned char> >::data() const
 .text._ZNKSt6vectorIhSaIhEE4sizeEv
                0x000000000000e11a       0x22 build/src/main.o
                0x000000000000e11a                std::vector<unsigned char, std::allocator<unsigned char> >::size() const
 .text._ZN5igris8delegateIvJPN4crow6packetEEEC2ERKS4_
                0x000000000000e13c       0x35 build/src/main.o
                0x000000000000e13c                igris::delegate<void, crow::packet*>::delegate(igris::delegate<void, crow::packet*> const&)
                0x000000000000e13c                igris::delegate<void, crow::packet*>::delegate(igris::delegate<void, crow::packet*> const&)
 *fill*         0x000000000000e171        0x1 
 .text._ZN5igris8delegateIvJPN4crow6packetEEEC2Ev
                0x000000000000e172       0x1b build/src/main.o
                0x000000000000e172                igris::delegate<void, crow::packet*>::delegate()
                0x000000000000e172                igris::delegate<void, crow::packet*>::delegate()
 *fill*         0x000000000000e18d        0x1 
 .text._ZN7QVectorIsEC2Ev
                0x000000000000e18e       0x1e build/src/main.o
                0x000000000000e18e                QVector<short>::QVector()
                0x000000000000e18e                QVector<short>::QVector()
 .text._ZN3nos8fprintlnIJA28_cmEEElDpRKT_
                0x000000000000e1ac       0x48 build/src/main.o
                0x000000000000e1ac                long nos::fprintln<char [28], unsigned long>(char const (&) [28], unsigned long const&)
 .text._ZN7QVectorIsE6resizeEi
                0x000000000000e1f4       0x90 build/src/main.o
                0x000000000000e1f4                QVector<short>::resize(int)
 .text._ZN7QVectorIsE4dataEv
                0x000000000000e284       0x2e build/src/main.o
                0x000000000000e284                QVector<short>::data()
 .text._ZN3nos8fprintlnIJA29_cPcEEElDpRKT_
                0x000000000000e2b2       0x48 build/src/main.o
                0x000000000000e2b2                long nos::fprintln<char [29], char*>(char const (&) [29], char* const&)
 .text._ZNSt7__cxx1112basic_stringIcSt11char_traitsIcESaIcEEC2EPKcRKS3_
                0x000000000000e2fa       0x97 build/src/main.o
                0x000000000000e2fa                std::__cxx11::basic_string<char, std::char_traits<char>, std::allocator<char> >::basic_string(char const*, std::allocator<char> const&)
                0x000000000000e2fa                std::__cxx11::basic_string<char, std::char_traits<char>, std::allocator<char> >::basic_string(char const*, std::allocator<char> const&)
 *fill*         0x000000000000e391        0x1 
 .text._ZNSt6vectorIhSaIhEEaSEOS1_
                0x000000000000e392       0x69 build/src/main.o
                0x000000000000e392                std::vector<unsigned char, std::allocator<unsigned char> >::operator=(std::vector<unsigned char, std::allocator<unsigned char> >&&)
 .text._ZN7QObject7connectIM13DisplayWidgetFvvES3_EEN11QMetaObject10ConnectionEPKN9QtPrivate15FunctionPointerIT_E6ObjectES8_PKNS7_IT0_E6ObjectESD_N2Qt14ConnectionTypeE
                0x000000000000e3fb       0xc4 build/src/main.o
                0x000000000000e3fb                QMetaObject::Connection QObject::connect<void (DisplayWidget::*)(), void (DisplayWidget::*)()>(QtPrivate::FunctionPointer<void (DisplayWidget::*)()>::Object const*, void (DisplayWidget::*)(), QtPrivate::FunctionPointer<void (DisplayWidget::*)()>::Object const*, void (DisplayWidget::*)(), Qt::ConnectionType)
 *fill*         0x000000000000e4bf        0x1 
 .text._ZN5igris8delegateIvJPN4crow6packetEEEC2EPFvS3_E
                0x000000000000e4c0       0x32 build/src/main.o
                0x000000000000e4c0                igris::delegate<void, crow::packet*>::delegate(void (*)(crow::packet*))
                0x000000000000e4c0                igris::delegate<void, crow::packet*>::delegate(void (*)(crow::packet*))
 .text._ZN10QAtomicOpsIiE4loadIiEET_RKSt6atomicIS2_E
                0x000000000000e4f2       0x36 build/src/main.o
                0x000000000000e4f2                int QAtomicOps<int>::load<int>(std::atomic<int> const&)
 .text._ZN10QAtomicOpsIiE3refIiEEbRSt6atomicIT_E
                0x000000000000e528       0x1f build/src/main.o
                0x000000000000e528                bool QAtomicOps<int>::ref<int>(std::atomic<int>&)
 .text._ZN10QAtomicOpsIiE5derefIiEEbRSt6atomicIT_E
                0x000000000000e547       0x1f build/src/main.o
                0x000000000000e547                bool QAtomicOps<int>::deref<int>(std::atomic<int>&)
 .text._ZNKSt7__cxx1112basic_stringIcSt11char_traitsIcESaIcEE7_M_dataEv
                0x000000000000e566       0x11 build/src/main.o
                0x000000000000e566                std::__cxx11::basic_string<char, std::char_traits<char>, std::allocator<char> >::_M_data() const
 *fill*         0x000000000000e577        0x1 
 .text._ZNSt7__cxx1112basic_stringIcSt11char_traitsIcESaIcEE10_M_disposeEv
                0x000000000000e578       0x39 build/src/main.o
                0x000000000000e578                std::__cxx11::basic_string<char, std::char_traits<char>, std::allocator<char> >::_M_dispose()
 *fill*         0x000000000000e5b1        0x1 
 .text._ZNSt7__cxx1112basic_stringIcSt11char_traitsIcESaIcEE13_M_local_dataEv
                0x000000000000e5b2       0x1e build/src/main.o
                0x000000000000e5b2                std::__cxx11::basic_string<char, std::char_traits<char>, std::allocator<char> >::_M_local_data()
 .text._ZNSt7__cxx1112basic_stringIcSt11char_traitsIcESaIcEE12_Alloc_hiderC2EPcRKS3_
                0x000000000000e5d0       0x35 build/src/main.o
                0x000000000000e5d0                std::__cxx11::basic_string<char, std::char_traits<char>, std::allocator<char> >::_Alloc_hider::_Alloc_hider(char*, std::allocator<char> const&)
                0x000000000000e5d0                std::__cxx11::basic_string<char, std::char_traits<char>, std::allocator<char> >::_Alloc_hider::_Alloc_hider(char*, std::allocator<char> const&)
 *fill*         0x000000000000e605        0x1 
 .text._ZNSt7__cxx1112basic_stringIcSt11char_traitsIcESaIcEE12_M_constructIPKcEEvT_S8_
                0x000000000000e606       0x38 build/src/main.o
                0x000000000000e606                void std::__cxx11::basic_string<char, std::char_traits<char>, std::allocator<char> >::_M_construct<char const*>(char const*, char const*)
 .text._ZN15QTypedArrayDataI7QPointFE10sharedNullEv
                0x000000000000e63e        0xb build/src/main.o
                0x000000000000e63e                QTypedArrayData<QPointF>::sharedNull()
 *fill*         0x000000000000e649        0x1 
 .text._ZN7QVectorI7QPointFE8freeDataEP15QTypedArrayDataIS0_E
                0x000000000000e64a       0x5f build/src/main.o
                0x000000000000e64a                QVector<QPointF>::freeData(QTypedArrayData<QPointF>*)
 .text._ZN15QTypedArrayDataI7QPointFE8allocateEm6QFlagsIN10QArrayData16AllocationOptionEE
                0x000000000000e6a9       0x2c build/src/main.o
                0x000000000000e6a9                QTypedArrayData<QPointF>::allocate(unsigned long, QFlags<QArrayData::AllocationOption>)
 *fill*         0x000000000000e6d5        0x1 
 .text._ZN7QVectorI7QPointFE13copyConstructEPKS0_S3_PS0_
                0x000000000000e6d6       0x63 build/src/main.o
                0x000000000000e6d6                QVector<QPointF>::copyConstruct(QPointF const*, QPointF const*, QPointF*)
 *fill*         0x000000000000e739        0x1 
 .text._ZN15QTypedArrayDataI7QPointFE5beginEPS0_
                0x000000000000e73a       0x1e build/src/main.o
                0x000000000000e73a                QTypedArrayData<QPointF>::begin(QPointF*)
 .text._ZN15QTypedArrayDataI7QPointFE3endEPS0_
                0x000000000000e758       0x31 build/src/main.o
                0x000000000000e758                QTypedArrayData<QPointF>::end(QPointF*)
 *fill*         0x000000000000e789        0x1 
 .text._ZN7QVectorI7QPointFE16defaultConstructEPS0_S2_
                0x000000000000e78a       0x44 build/src/main.o
                0x000000000000e78a                QVector<QPointF>::defaultConstruct(QPointF*, QPointF*)
 .text._ZSt4moveIRP10QImageDataEONSt16remove_referenceIT_E4typeEOS4_
                0x000000000000e7ce        0xe build/src/main.o
                0x000000000000e7ce                std::remove_reference<QImageData*&>::type&& std::move<QImageData*&>(QImageData*&)
 .text._ZSt4swapIP10QImageDataENSt9enable_ifIXsrSt6__and_IJSt6__not_ISt15__is_tuple_likeIT_EESt21is_move_constructibleIS6_ESt18is_move_assignableIS6_EEE5valueEvE4typeERS6_SG_
                0x000000000000e7dc       0x75 build/src/main.o
                0x000000000000e7dc                std::enable_if<std::__and_<std::__not_<std::__is_tuple_like<QImageData*> >, std::is_move_constructible<QImageData*>, std::is_move_assignable<QImageData*> >::value, void>::type std::swap<QImageData*>(QImageData*&, QImageData*&)
 *fill*         0x000000000000e851        0x1 
 .text._ZN7QVectorI7QPointFE6detachEv
                0x000000000000e852       0xd8 build/src/main.o
                0x000000000000e852                QVector<QPointF>::detach()
 .text._ZN9__gnu_cxx13new_allocatorIdEC2Ev
                0x000000000000e92a        0xb build/src/main.o
                0x000000000000e92a                __gnu_cxx::new_allocator<double>::new_allocator()
                0x000000000000e92a                __gnu_cxx::new_allocator<double>::new_allocator()
 *fill*         0x000000000000e935        0x1 
 .text._ZN9__gnu_cxx13new_allocatorIdED2Ev
                0x000000000000e936        0xb build/src/main.o
                0x000000000000e936                __gnu_cxx::new_allocator<double>::~new_allocator()
                0x000000000000e936                __gnu_cxx::new_allocator<double>::~new_allocator()
 *fill*         0x000000000000e941        0x1 
 .text._ZNSt12_Vector_baseIdSaIdEE12_Vector_implD2Ev
                0x000000000000e942       0x1b build/src/main.o
                0x000000000000e942                std::_Vector_base<double, std::allocator<double> >::_Vector_impl::~_Vector_impl()
                0x000000000000e942                std::_Vector_base<double, std::allocator<double> >::_Vector_impl::~_Vector_impl()
 *fill*         0x000000000000e95d        0x1 
 .text._ZNSt12_Vector_baseIdSaIdEEC2ERKS0_
                0x000000000000e95e       0x26 build/src/main.o
                0x000000000000e95e                std::_Vector_base<double, std::allocator<double> >::_Vector_base(std::allocator<double> const&)
                0x000000000000e95e                std::_Vector_base<double, std::allocator<double> >::_Vector_base(std::allocator<double> const&)
 .text._ZNSt12_Vector_baseIdSaIdEED2Ev
                0x000000000000e984       0x50 build/src/main.o
                0x000000000000e984                std::_Vector_base<double, std::allocator<double> >::~_Vector_base()
                0x000000000000e984                std::_Vector_base<double, std::allocator<double> >::~_Vector_base()
 .text._ZNKSt16initializer_listIdE4sizeEv
                0x000000000000e9d4       0x12 build/src/main.o
                0x000000000000e9d4                std::initializer_list<double>::size() const
 .text._ZSt19__iterator_categoryIPKdENSt15iterator_traitsIT_E17iterator_categoryERKS3_
                0x000000000000e9e6        0xa build/src/main.o
                0x000000000000e9e6                std::iterator_traits<double const*>::iterator_category std::__iterator_category<double const*>(double const* const&)
 .text._ZSt8distanceIPKdENSt15iterator_traitsIT_E15difference_typeES3_S3_
                0x000000000000e9f0       0x3f build/src/main.o
                0x000000000000e9f0                std::iterator_traits<double const*>::difference_type std::distance<double const*>(double const*, double const*)
 *fill*         0x000000000000ea2f        0x1 
 .text._ZNSt6vectorIdSaIdEE19_M_range_initializeIPKdEEvT_S5_St20forward_iterator_tag
                0x000000000000ea30       0x96 build/src/main.o
                0x000000000000ea30                void std::vector<double, std::allocator<double> >::_M_range_initialize<double const*>(double const*, double const*, std::forward_iterator_tag)
 .text._ZNSt12_Vector_baseIdSaIdEE19_M_get_Tp_allocatorEv
                0x000000000000eac6        0xe build/src/main.o
                0x000000000000eac6                std::_Vector_base<double, std::allocator<double> >::_M_get_Tp_allocator()
 .text._ZSt8_DestroyIPddEvT_S1_RSaIT0_E
                0x000000000000ead4       0x2a build/src/main.o
                0x000000000000ead4                void std::_Destroy<double*, double>(double*, double*, std::allocator<double>&)
 .text._ZNKSt6vectorIdSaIdEE5beginEv
                0x000000000000eafe       0x53 build/src/main.o
                0x000000000000eafe                std::vector<double, std::allocator<double> >::begin() const
 *fill*         0x000000000000eb51        0x1 
 .text._ZNKSt6vectorIdSaIdEE3endEv
                0x000000000000eb52       0x54 build/src/main.o
                0x000000000000eb52                std::vector<double, std::allocator<double> >::end() const
 .text._ZNSt6vectorIdSaIdEE5beginEv
                0x000000000000eba6       0x48 build/src/main.o
                0x000000000000eba6                std::vector<double, std::allocator<double> >::begin()
 .text._ZSt4nextIN9__gnu_cxx17__normal_iteratorIPKdSt6vectorIdSaIdEEEEET_S8_NSt15iterator_traitsIS8_E15difference_typeE
                0x000000000000ebee       0x29 build/src/main.o
                0x000000000000ebee                __gnu_cxx::__normal_iterator<double const*, std::vector<double, std::allocator<double> > > std::next<__gnu_cxx::__normal_iterator<double const*, std::vector<double, std::allocator<double> > > >(__gnu_cxx::__normal_iterator<double const*, std::vector<double, std::allocator<double> > >, std::iterator_traits<__gnu_cxx::__normal_iterator<double const*, std::vector<double, std::allocator<double> > > >::difference_type)
 *fill*         0x000000000000ec17        0x1 
 .text._ZN19QListSpecialMethodsI7QVectorIdEED2Ev
                0x000000000000ec18        0xb build/src/main.o
                0x000000000000ec18                QListSpecialMethods<QVector<double> >::~QListSpecialMethods()
                0x000000000000ec18                QListSpecialMethods<QVector<double> >::~QListSpecialMethods()
 *fill*         0x000000000000ec23        0x1 
 .text._ZN5QListI7QVectorIdEE7deallocEPN9QListData4DataE
                0x000000000000ec24       0x5e build/src/main.o
                0x000000000000ec24                QList<QVector<double> >::dealloc(QListData::Data*)
 .text._ZNK5QListI7QVectorIdEE7isEmptyEv
                0x000000000000ec82       0x1a build/src/main.o
                0x000000000000ec82                QList<QVector<double> >::isEmpty() const
 .text._ZN5QListI7QVectorIdEE9takeFirstEv
                0x000000000000ec9c       0x85 build/src/main.o
                0x000000000000ec9c                QList<QVector<double> >::takeFirst()
 *fill*         0x000000000000ed21        0x1 
 .text._ZN7QVectorIdE8freeDataEP15QTypedArrayDataIdE
                0x000000000000ed22       0x5f build/src/main.o
                0x000000000000ed22                QVector<double>::freeData(QTypedArrayData<double>*)
 .text._ZN5ralgo6vecops4normI7QVectorIdEEENT_10value_typeERKS4_
                0x000000000000ed81       0xae build/src/main.o
                0x000000000000ed81                QVector<double>::value_type ralgo::vecops::norm<QVector<double> >(QVector<double> const&)
 .text._ZN5ralgo6vecops7inplace3divI7QVectorIdEdEERT_S6_T0_
                0x000000000000ee2f       0x6d build/src/main.o
                0x000000000000ee2f                QVector<double>& ralgo::vecops::inplace::div<QVector<double>, double>(QVector<double>&, double)
 .text._ZN7QVectorIdE4dataEv
                0x000000000000ee9c       0x2e build/src/main.o
                0x000000000000ee9c                QVector<double>::data()
 .text._ZN5QListI7QVectorIdEE6appendERKS1_
                0x000000000000eeca      0x11b build/src/main.o
                0x000000000000eeca                QList<QVector<double> >::append(QVector<double> const&)
 .text._ZN15QTypedArrayDataIdE10sharedNullEv
                0x000000000000efe5        0xb build/src/main.o
                0x000000000000efe5                QTypedArrayData<double>::sharedNull()
 .text._ZNSt12_Vector_baseIdSaIdEEC2Ev
                0x000000000000eff0       0x1b build/src/main.o
                0x000000000000eff0                std::_Vector_base<double, std::allocator<double> >::_Vector_base()
                0x000000000000eff0                std::_Vector_base<double, std::allocator<double> >::_Vector_base()
 *fill*         0x000000000000f00b        0x1 
 .text._ZNSt12_Vector_baseIN5ralgo6signal15triangle_windowESaIS2_EE12_Vector_implD2Ev
                0x000000000000f00c       0x1b build/src/main.o
                0x000000000000f00c                std::_Vector_base<ralgo::signal::triangle_window, std::allocator<ralgo::signal::triangle_window> >::_Vector_impl::~_Vector_impl()
                0x000000000000f00c                std::_Vector_base<ralgo::signal::triangle_window, std::allocator<ralgo::signal::triangle_window> >::_Vector_impl::~_Vector_impl()
 *fill*         0x000000000000f027        0x1 
 .text._ZNSt12_Vector_baseIN5ralgo6signal15triangle_windowESaIS2_EEC2Ev
                0x000000000000f028       0x1b build/src/main.o
                0x000000000000f028                std::_Vector_base<ralgo::signal::triangle_window, std::allocator<ralgo::signal::triangle_window> >::_Vector_base()
                0x000000000000f028                std::_Vector_base<ralgo::signal::triangle_window, std::allocator<ralgo::signal::triangle_window> >::_Vector_base()
 *fill*         0x000000000000f043        0x1 
 .text._ZNSt12_Vector_baseIN5ralgo6signal15triangle_windowESaIS2_EED2Ev
                0x000000000000f044       0x50 build/src/main.o
                0x000000000000f044                std::_Vector_base<ralgo::signal::triangle_window, std::allocator<ralgo::signal::triangle_window> >::~_Vector_base()
                0x000000000000f044                std::_Vector_base<ralgo::signal::triangle_window, std::allocator<ralgo::signal::triangle_window> >::~_Vector_base()
 .text._ZNSt12_Vector_baseIN5ralgo6signal15triangle_windowESaIS2_EE19_M_get_Tp_allocatorEv
                0x000000000000f094        0xe build/src/main.o
                0x000000000000f094                std::_Vector_base<ralgo::signal::triangle_window, std::allocator<ralgo::signal::triangle_window> >::_M_get_Tp_allocator()
 .text._ZSt8_DestroyIPN5ralgo6signal15triangle_windowES2_EvT_S4_RSaIT0_E
                0x000000000000f0a2       0x2a build/src/main.o
                0x000000000000f0a2                void std::_Destroy<ralgo::signal::triangle_window*, ralgo::signal::triangle_window>(ralgo::signal::triangle_window*, ralgo::signal::triangle_window*, std::allocator<ralgo::signal::triangle_window>&)
 .text._ZNSt12_Vector_baseISt6vectorIdSaIdEESaIS2_EE12_Vector_implD2Ev
                0x000000000000f0cc       0x1b build/src/main.o
                0x000000000000f0cc                std::_Vector_base<std::vector<double, std::allocator<double> >, std::allocator<std::vector<double, std::allocator<double> > > >::_Vector_impl::~_Vector_impl()
                0x000000000000f0cc                std::_Vector_base<std::vector<double, std::allocator<double> >, std::allocator<std::vector<double, std::allocator<double> > > >::_Vector_impl::~_Vector_impl()
 *fill*         0x000000000000f0e7        0x1 
 .text._ZNSt12_Vector_baseISt6vectorIdSaIdEESaIS2_EEC2Ev
                0x000000000000f0e8       0x1b build/src/main.o
                0x000000000000f0e8                std::_Vector_base<std::vector<double, std::allocator<double> >, std::allocator<std::vector<double, std::allocator<double> > > >::_Vector_base()
                0x000000000000f0e8                std::_Vector_base<std::vector<double, std::allocator<double> >, std::allocator<std::vector<double, std::allocator<double> > > >::_Vector_base()
 *fill*         0x000000000000f103        0x1 
 .text._ZNSt12_Vector_baseISt6vectorIdSaIdEESaIS2_EED2Ev
                0x000000000000f104       0x61 build/src/main.o
                0x000000000000f104                std::_Vector_base<std::vector<double, std::allocator<double> >, std::allocator<std::vector<double, std::allocator<double> > > >::~_Vector_base()
                0x000000000000f104                std::_Vector_base<std::vector<double, std::allocator<double> >, std::allocator<std::vector<double, std::allocator<double> > > >::~_Vector_base()
 *fill*         0x000000000000f165        0x1 
 .text._ZNSt12_Vector_baseISt6vectorIdSaIdEESaIS2_EE19_M_get_Tp_allocatorEv
                0x000000000000f166        0xe build/src/main.o
                0x000000000000f166                std::_Vector_base<std::vector<double, std::allocator<double> >, std::allocator<std::vector<double, std::allocator<double> > > >::_M_get_Tp_allocator()
 .text._ZSt8_DestroyIPSt6vectorIdSaIdEES2_EvT_S4_RSaIT0_E
                0x000000000000f174       0x2a build/src/main.o
                0x000000000000f174                void std::_Destroy<std::vector<double, std::allocator<double> >*, std::vector<double, std::allocator<double> > >(std::vector<double, std::allocator<double> >*, std::vector<double, std::allocator<double> >*, std::allocator<std::vector<double, std::allocator<double> > >&)
 .text._ZN19QListSpecialMethodsI7QVectorIsEED2Ev
                0x000000000000f19e        0xb build/src/main.o
                0x000000000000f19e                QListSpecialMethods<QVector<short> >::~QListSpecialMethods()
                0x000000000000f19e                QListSpecialMethods<QVector<short> >::~QListSpecialMethods()
 *fill*         0x000000000000f1a9        0x1 
 .text._ZN5QListI7QVectorIsEE7deallocEPN9QListData4DataE
                0x000000000000f1aa       0x5e build/src/main.o
                0x000000000000f1aa                QList<QVector<short> >::dealloc(QListData::Data*)
 .text._ZN7QVectorIdE11reallocDataEii6QFlagsIN10QArrayData16AllocationOptionEE
                0x000000000000f208      0x615 build/src/main.o
                0x000000000000f208                QVector<double>::reallocData(int, int, QFlags<QArrayData::AllocationOption>)
 *fill*         0x000000000000f81d        0x1 
 .text._ZN7QVectorI7QPointFE11reallocDataEii6QFlagsIN10QArrayData16AllocationOptionEE
                0x000000000000f81e      0x629 build/src/main.o
                0x000000000000f81e                QVector<QPointF>::reallocData(int, int, QFlags<QArrayData::AllocationOption>)
 *fill*         0x000000000000fe47        0x1 
 .text._ZNSt6vectorIdSaIdEE14_M_move_assignEOS1_St17integral_constantIbLb1EE
                0x000000000000fe48       0xc6 build/src/main.o
                0x000000000000fe48                std::vector<double, std::allocator<double> >::_M_move_assign(std::vector<double, std::allocator<double> >&&, std::integral_constant<bool, true>)
 .text._ZNSt12_Vector_baseIdSaIdEEC2EmRKS0_
                0x000000000000ff0e       0x5e build/src/main.o
                0x000000000000ff0e                std::_Vector_base<double, std::allocator<double> >::_Vector_base(unsigned long, std::allocator<double> const&)