Archive member included to satisfy reference by file (symbol)

/usr/lib/x86_64-linux-gnu/libc_nonshared.a(elf-init.oS)
                              /usr/lib/gcc/x86_64-linux-gnu/7/../../../x86_64-linux-gnu/Scrt1.o (__libc_csu_init)

As-needed library included to satisfy reference by file (symbol)

libQt5Core.so.5               build/src/main.o (QListData::shared_null@@Qt_5)
libQt5Widgets.so.5            build/src/DisplayWidget.h.cxx.o (QWidget::paintEngine() const@@Qt_5)
libQt5Charts.so.5             build/src/main.o (QtCharts::QAbstractAxis::setTitleText(QString const&)@@Qt_5)
libpthread.so.0               build/home/mirmik/project/igris/igris/dprint/dprint_stdout.o (write@@GLIBC_2.2.5)
libstdc++.so.6                build/home/mirmik/project/igris/igris/ctrobj/wait-linux.o (std::condition_variable::notify_one()@@GLIBCXX_3.4.11)
libm.so.6                     build/home/mirmik/project/igris/igris/util/printf_impl.o (modf@@GLIBC_2.2.5)
libgcc_s.so.1                 build/src/main.o (_Unwind_Resume@@GCC_3.0)
libc.so.6                     build/home/mirmik/project/crow/crow/gates/udpgate.o (socket@@GLIBC_2.2.5)

Discarded input sections

 .note.GNU-stack
                0x0000000000000000        0x0 /usr/lib/gcc/x86_64-linux-gnu/7/../../../x86_64-linux-gnu/Scrt1.o
 .note.GNU-stack
                0x0000000000000000        0x0 /usr/lib/gcc/x86_64-linux-gnu/7/../../../x86_64-linux-gnu/crti.o
 .note.GNU-stack
                0x0000000000000000        0x0 /usr/lib/gcc/x86_64-linux-gnu/7/crtbeginS.o
 .group         0x0000000000000000        0x8 build/src/main.o
 .group         0x0000000000000000        0x8 build/src/main.o
 .group         0x0000000000000000        0x8 build/src/main.o
 .group         0x0000000000000000        0x8 build/src/main.o
 .group         0x0000000000000000        0xc build/src/main.o
 .group         0x0000000000000000        0xc build/src/main.o
 .group         0x0000000000000000        0xc build/src/main.o
 .group         0x0000000000000000        0xc build/src/main.o
 .group         0x0000000000000000        0xc build/src/main.o
 .group         0x0000000000000000        0xc build/src/main.o
 .group         0x0000000000000000        0xc build/src/main.o
 .group         0x0000000000000000        0xc build/src/main.o
 .group         0x0000000000000000        0xc build/src/main.o
 .group         0x0000000000000000        0xc build/src/main.o
 .group         0x0000000000000000        0x8 build/src/main.o
 .group         0x0000000000000000        0x8 build/src/main.o
 .group         0x0000000000000000        0xc build/src/main.o
 .group         0x0000000000000000        0xc build/src/main.o
 .group         0x0000000000000000        0xc build/src/main.o
 .group         0x0000000000000000        0xc build/src/main.o
 .group         0x0000000000000000        0xc build/src/main.o
 .group         0x0000000000000000        0x8 build/src/main.o
 .group         0x0000000000000000        0x8 build/src/main.o
 .group         0x0000000000000000        0x8 build/src/main.o
 .group         0x0000000000000000        0xc build/src/main.o
 .group         0x0000000000000000        0x8 build/src/main.o
 .group         0x0000000000000000        0x8 build/src/main.o
 .group         0x0000000000000000        0xc build/src/main.o
 .group         0x0000000000000000        0x8 build/src/main.o
 .group         0x0000000000000000        0x8 build/src/main.o
 .group         0x0000000000000000        0x8 build/src/main.o
 .group         0x0000000000000000        0x8 build/src/main.o
 .group         0x0000000000000000        0xc build/src/main.o
 .group         0x0000000000000000        0x8 build/src/main.o
 .group         0x0000000000000000        0x8 build/src/main.o
 .group         0x0000000000000000        0x8 build/src/main.o
 .group         0x0000000000000000        0x8 build/src/main.o
 .group         0x0000000000000000        0x8 build/src/main.o
 .group         0x0000000000000000        0x8 build/src/main.o
 .group         0x0000000000000000        0x8 build/src/main.o
 .group         0x0000000000000000        0xc build/src/main.o
 .group         0x0000000000000000        0xc build/src/main.o
 .group         0x0000000000000000       0x10 build/src/main.o
 .group         0x0000000000000000       0x10 build/src/main.o
 .group         0x0000000000000000        0xc build/src/main.o
 .group         0x0000000000000000        0x8 build/src/main.o
 .group         0x0000000000000000        0xc build/src/main.o
 .group         0x0000000000000000        0xc build/src/main.o
 .group         0x0000000000000000        0xc build/src/main.o
 .group         0x0000000000000000        0x8 build/src/main.o
 .group         0x0000000000000000        0xc build/src/main.o
 .group         0x0000000000000000        0x8 build/src/main.o
 .group         0x0000000000000000        0xc build/src/main.o
 .group         0x0000000000000000        0xc build/src/main.o
 .group         0x0000000000000000        0xc build/src/main.o
[...]
Memory Configuration

Name             Origin             Length             Attributes
*default*        0x0000000000000000 0xffffffffffffffff

Linker script and memory map

LOAD /usr/lib/gcc/x86_64-linux-gnu/7/../../../x86_64-linux-gnu/Scrt1.o
LOAD /usr/lib/gcc/x86_64-linux-gnu/7/../../../x86_64-linux-gnu/crti.o
LOAD /usr/lib/gcc/x86_64-linux-gnu/7/crtbeginS.o
START GROUP
LOAD build/src/main.o
LOAD build/home/mirmik/project/igris/igris/ctrobj/wait-linux.o
LOAD build/home/mirmik/project/crow/crow/src/acceptor.o
LOAD build/home/mirmik/project/crow/crow/src/tower.o
LOAD build/home/mirmik/project/crow/crow/src/packet.o
LOAD build/home/mirmik/project/crow/crow/src/node.o
LOAD build/home/mirmik/project/crow/crow/src/node-sync.o
LOAD build/home/mirmik/project/crow/crow/src/channel.o
LOAD build/home/mirmik/project/crow/crow/src/channel-sync.o
LOAD build/home/mirmik/project/crow/crow/src/pubsub.o
LOAD build/home/mirmik/project/crow/crow/src/query.o
LOAD build/home/mirmik/project/crow/crow/src/alive.o
LOAD build/home/mirmik/project/crow/crow/src/netkeep.o
LOAD build/home/mirmik/project/crow/crow/src/print.o
LOAD build/home/mirmik/project/crow/crow/src/protocol.o
LOAD build/home/mirmik/project/crow/crow/src/hexer.o
LOAD build/home/mirmik/project/crow/crow/src/threads-posix.o
LOAD build/home/mirmik/project/ralgo/ralgo/madgwick.o
LOAD build/home/mirmik/project/ralgo/ralgo/signal/spectre.o
LOAD build/home/mirmik/project/igris/igris/sync/syslock_mutex.o
LOAD build/home/mirmik/project/crow/crow/gates/udpgate.o
LOAD build/home/mirmik/project/igris/igris/ctrobj/wait.o
LOAD build/home/mirmik/project/crow/crow/src/allocation_malloc.o
LOAD build/home/mirmik/project/crow/crow/src/stdtime.o
LOAD build/home/mirmik/project/nos/nos/util/trace.o
LOAD build/home/mirmik/project/nos/nos/util/osutil.o
LOAD build/home/mirmik/project/nos/nos/print/print.o
LOAD build/home/mirmik/project/nos/nos/print/stdtype.o
LOAD build/home/mirmik/project/nos/nos/input/input.o
LOAD build/home/mirmik/project/nos/nos/fprint/fprint.o
LOAD build/home/mirmik/project/nos/nos/fprint/stdtype.o
LOAD build/home/mirmik/project/nos/nos/io/ostream.o
LOAD build/home/mirmik/project/igris/igris/dprint/dprint_stdout.o
LOAD build/home/mirmik/project/igris/igris/dprint/dprint_func_impl.o
LOAD build/home/mirmik/project/igris/igris/dprint/dprintxx.o
LOAD build/home/mirmik/project/igris/igris/shell/sshell.o
LOAD build/home/mirmik/project/igris/igris/util/bug_abort.o
LOAD build/home/mirmik/project/igris/igris/util/numconvert.o
LOAD build/home/mirmik/project/igris/igris/util/hexascii.o
LOAD build/home/mirmik/project/igris/igris/util/string.o
LOAD build/home/mirmik/project/igris/igris/util/dstring.o
LOAD build/home/mirmik/project/igris/igris/util/stub.o
LOAD build/home/mirmik/project/igris/igris/util/printf_impl.o
LOAD build/home/mirmik/project/nos/nos/io/current_ostream_stdout.o
LOAD build/home/mirmik/project/nos/nos/io/stdfile.o
LOAD build/src/DisplayWidget.h.cxx.o
LOAD /usr/lib/gcc/x86_64-linux-gnu/7/../../../x86_64-linux-gnu/libQt5Core.so
LOAD /usr/lib/gcc/x86_64-linux-gnu/7/../../../x86_64-linux-gnu/libQt5Gui.so
LOAD /usr/lib/gcc/x86_64-linux-gnu/7/../../../x86_64-linux-gnu/libQt5Widgets.so
LOAD /usr/lib/gcc/x86_64-linux-gnu/7/../../../x86_64-linux-gnu/libQt5Charts.so
LOAD /usr/lib/gcc/x86_64-linux-gnu/7/../../../x86_64-linux-gnu/libpthread.so
START GROUP
LOAD /lib/x86_64-linux-gnu/libpthread.so.0
LOAD /usr/lib/x86_64-linux-gnu/libpthread_nonshared.a
END GROUP
END GROUP
LOAD /usr/lib/gcc/x86_64-linux-gnu/7/libstdc++.so
LOAD /usr/lib/gcc/x86_64-linux-gnu/7/../../../x86_64-linux-gnu/libm.so
START GROUP
LOAD /lib/x86_64-linux-gnu/libm.so.6
LOAD /usr/lib/x86_64-linux-gnu/libmvec_nonshared.a
LOAD /lib/x86_64-linux-gnu/libmvec.so.1
END GROUP
LOAD /usr/lib/gcc/x86_64-linux-gnu/7/libgcc_s.so
START GROUP
LOAD /usr/lib/gcc/x86_64-linux-gnu/7/libgcc_s.so.1
LOAD /usr/lib/gcc/x86_64-linux-gnu/7/libgcc.a
END GROUP
LOAD /usr/lib/gcc/x86_64-linux-gnu/7/libgcc.a
LOAD /usr/lib/gcc/x86_64-linux-gnu/7/../../../x86_64-linux-gnu/libc.so
START GROUP
LOAD /lib/x86_64-linux-gnu/libc.so.6
LOAD /usr/lib/x86_64-linux-gnu/libc_nonshared.a
LOAD /lib/x86_64-linux-gnu/ld-linux-x86-64.so.2
END GROUP
LOAD /usr/lib/gcc/x86_64-linux-gnu/7/libgcc_s.so
START GROUP
LOAD /usr/lib/gcc/x86_64-linux-gnu/7/libgcc_s.so.1
LOAD /usr/lib/gcc/x86_64-linux-gnu/7/libgcc.a
END GROUP
LOAD /usr/lib/gcc/x86_64-linux-gnu/7/libgcc.a
LOAD /usr/lib/gcc/x86_64-linux-gnu/7/crtendS.o
LOAD /usr/lib/gcc/x86_64-linux-gnu/7/../../../x86_64-linux-gnu/crtn.o
                [!provide]                        PROVIDE (__executable_start = SEGMENT_START ("text-segment", 0x0))
                0x0000000000000270                . = (SEGMENT_START ("text-segment", 0x0) + SIZEOF_HEADERS)

.interp         0x0000000000000270       0x1c
 *(.interp)
 .interp        0x0000000000000270       0x1c /usr/lib/gcc/x86_64-linux-gnu/7/../../../x86_64-linux-gnu/Scrt1.o

.note.ABI-tag   0x000000000000028c       0x20
 .note.ABI-tag  0x000000000000028c       0x20 /usr/lib/gcc/x86_64-linux-gnu/7/../../../x86_64-linux-gnu/Scrt1.o

.note.gnu.build-id
                0x00000000000002ac       0x24
 *(.note.gnu.build-id)
 .note.gnu.build-id
                0x00000000000002ac       0x24 /usr/lib/gcc/x86_64-linux-gnu/7/../../../x86_64-linux-gnu/Scrt1.o

.hash
 *(.hash)

.gnu.hash       0x00000000000002d0      0x1c0
 *(.gnu.hash)
 .gnu.hash      0x00000000000002d0      0x1c0 /usr/lib/gcc/x86_64-linux-gnu/7/../../../x86_64-linux-gnu/Scrt1.o

.dynsym         0x0000000000000490     0x1818
 *(.dynsym)
 .dynsym        0x0000000000000490     0x1818 /usr/lib/gcc/x86_64-linux-gnu/7/../../../x86_64-linux-gnu/Scrt1.o

.dynstr         0x0000000000001ca8     0x237d
 *(.dynstr)
 .dynstr        0x0000000000001ca8     0x237d /usr/lib/gcc/x86_64-linux-gnu/7/../../../x86_64-linux-gnu/Scrt1.o

.gnu.version    0x0000000000004026      0x202
 *(.gnu.version)
 .gnu.version   0x0000000000004026      0x202 /usr/lib/gcc/x86_64-linux-gnu/7/../../../x86_64-linux-gnu/Scrt1.o

.gnu.version_d  0x0000000000004228        0x0
 *(.gnu.version_d)
 .gnu.version_d
                0x0000000000004228        0x0 /usr/lib/gcc/x86_64-linux-gnu/7/../../../x86_64-linux-gnu/Scrt1.o

.gnu.version_r  0x0000000000004228      0x1a0
 *(.gnu.version_r)
 .gnu.version_r
                0x0000000000004228      0x1a0 /usr/lib/gcc/x86_64-linux-gnu/7/../../../x86_64-linux-gnu/Scrt1.o

.rela.dyn       0x00000000000043c8     0x1308
 *(.rela.init)
 *(.rela.text .rela.text.* .rela.gnu.linkonce.t.*)
 .rela.text     0x00000000000043c8        0x0 /usr/lib/gcc/x86_64-linux-gnu/7/../../../x86_64-linux-gnu/Scrt1.o
 .rela.text._ZN13DisplayWidgetC2EP7QWidget
                0x00000000000043c8        0x0 /usr/lib/gcc/x86_64-linux-gnu/7/../../../x86_64-linux-gnu/Scrt1.o
 .rela.text._ZN9QtPrivate11QSlotObjectIM13DisplayWidgetFvvENS_4ListIJEEEvEC2ES3_
                0x00000000000043c8        0x0 /usr/lib/gcc/x86_64-linux-gnu/7/../../../x86_64-linux-gnu/Scrt1.o
 .rela.text._ZN3nos14format_visitor9get_visitImEEPvv
                0x00000000000043c8        0x0 /usr/lib/gcc/x86_64-linux-gnu/7/../../../x86_64-linux-gnu/Scrt1.o
 .rela.text._ZN3nos14format_visitor9get_visitIPcEEPvv
                0x00000000000043c8        0x0 /usr/lib/gcc/x86_64-linux-gnu/7/../../../x86_64-linux-gnu/Scrt1.o
 .rela.text._ZN4crow8protocolC2Ei
                0x00000000000043c8        0x0 /usr/lib/gcc/x86_64-linux-gnu/7/../../../x86_64-linux-gnu/Scrt1.o
 .rela.text._ZN4crow17node_protocol_clsC2Ev
                0x00000000000043c8        0x0 /usr/lib/gcc/x86_64-linux-gnu/7/../../../x86_64-linux-gnu/Scrt1.o
 .rela.text._ZN4crow19pubsub_protocol_clsC2Ev
                0x00000000000043c8        0x0 /usr/lib/gcc/x86_64-linux-gnu/7/../../../x86_64-linux-gnu/Scrt1.o
 .rela.text._ZN3nos14format_visitor9get_visitIPKcEEPvv
                0x00000000000043c8        0x0 /usr/lib/gcc/x86_64-linux-gnu/7/../../../x86_64-linux-gnu/Scrt1.o
 .rela.text._ZN3nos14format_visitor9get_visitIhEEPvv
                0x00000000000043c8        0x0 /usr/lib/gcc/x86_64-linux-gnu/7/../../../x86_64-linux-gnu/Scrt1.o
 .rela.text._ZN3nos14format_visitor9get_visitItEEPvv
                0x00000000000043c8        0x0 /usr/lib/gcc/x86_64-linux-gnu/7/../../../x86_64-linux-gnu/Scrt1.o
 .rela.text._ZN3nos14format_visitor9get_visitINSt7__cxx1112basic_stringIcSt11char_traitsIcESaIcEEEEEPvv
                0x00000000000043c8        0x0 /usr/lib/gcc/x86_64-linux-gnu/7/../../../x86_64-linux-gnu/Scrt1.o
 .rela.text._ZN4crow7gatewayC2Ev
                0x00000000000043c8        0x0 /usr/lib/gcc/x86_64-linux-gnu/7/../../../x86_64-linux-gnu/Scrt1.o
 .rela.text._ZN4crow7udpgateC2Ev
                0x00000000000043c8        0x0 /usr/lib/gcc/x86_64-linux-gnu/7/../../../x86_64-linux-gnu/Scrt1.o
 .rela.text._ZN3nos7ostreamC2Ev
                0x00000000000043c8        0x0 /usr/lib/gcc/x86_64-linux-gnu/7/../../../x86_64-linux-gnu/Scrt1.o
 .rela.text._ZN3nos7istreamC2Ev
                0x00000000000043c8        0x0 /usr/lib/gcc/x86_64-linux-gnu/7/../../../x86_64-linux-gnu/Scrt1.o
 .rela.text._ZN3nos8iostreamC2Ev
                0x00000000000043c8        0x0 /usr/lib/gcc/x86_64-linux-gnu/7/../../../x86_64-linux-gnu/Scrt1.o
 .rela.text._ZN3nos4fileC2EP8_IO_FILE
                0x00000000000043c8        0x0 /usr/lib/gcc/x86_64-linux-gnu/7/../../../x86_64-linux-gnu/Scrt1.o
 .rela.text._ZN13DisplayWidgetD2Ev
                0x00000000000043c8        0x0 /usr/lib/gcc/x86_64-linux-gnu/7/../../../x86_64-linux-gnu/Scrt1.o
 *(.rela.fini)
 *(.rela.rodata .rela.rodata.* .rela.gnu.linkonce.r.*)
 *(.rela.data .rela.data.* .rela.gnu.linkonce.d.*)
 .rela.data.rel.ro
                0x00000000000043c8      0x120 /usr/lib/gcc/x86_64-linux-gnu/7/../../../x86_64-linux-gnu/Scrt1.o
 .rela.data.rel.local
                0x00000000000044e8       0x30 /usr/lib/gcc/x86_64-linux-gnu/7/../../../x86_64-linux-gnu/Scrt1.o
 .rela.data.rel.local.DW.ref.__gxx_personality_v0
                0x0000000000004518       0x18 /usr/lib/gcc/x86_64-linux-gnu/7/../../../x86_64-linux-gnu/Scrt1.o
 .rela.data.rel.ro._ZTVN4crow8acceptorE
                0x0000000000004530       0x48 /usr/lib/gcc/x86_64-linux-gnu/7/../../../x86_64-linux-gnu/Scrt1.o
 .rela.data.rel.ro._ZTIN4crow8acceptorE
                0x0000000000004578       0x48 /usr/lib/gcc/x86_64-linux-gnu/7/../../../x86_64-linux-gnu/Scrt1.o
 .rela.data.rel.ro._ZTIN4crow4nodeE
                0x00000000000045c0       0x30 /usr/lib/gcc/x86_64-linux-gnu/7/../../../x86_64-linux-gnu/Scrt1.o
 .rela.data.rel
                0x00000000000045f0      0x108 /usr/lib/gcc/x86_64-linux-gnu/7/../../../x86_64-linux-gnu/Scrt1.o
 .rela.data.rel.ro._ZTVN4crow17node_protocol_clsE
                0x00000000000046f8       0x48 /usr/lib/gcc/x86_64-linux-gnu/7/../../../x86_64-linux-gnu/Scrt1.o
 .rela.data.rel.ro._ZTVN4crow8protocolE
                0x0000000000004740       0x48 /usr/lib/gcc/x86_64-linux-gnu/7/../../../x86_64-linux-gnu/Scrt1.o
 .rela.data.rel.ro._ZTIN4crow17node_protocol_clsE
                0x0000000000004788       0x48 /usr/lib/gcc/x86_64-linux-gnu/7/../../../x86_64-linux-gnu/Scrt1.o
 .rela.data.rel.ro._ZTIN4crow8protocolE
                0x00000000000047d0       0x30 /usr/lib/gcc/x86_64-linux-gnu/7/../../../x86_64-linux-gnu/Scrt1.o
 .rela.data.rel.ro._ZTVN4crow7channelE
                0x0000000000004800       0x48 /usr/lib/gcc/x86_64-linux-gnu/7/../../../x86_64-linux-gnu/Scrt1.o
 .rela.data.rel.ro._ZTIN4crow7channelE
                0x0000000000004848       0x48 /usr/lib/gcc/x86_64-linux-gnu/7/../../../x86_64-linux-gnu/Scrt1.o
 .rela.data.rel.ro._ZTVN4crow19pubsub_protocol_clsE
                0x0000000000004890       0x48 /usr/lib/gcc/x86_64-linux-gnu/7/../../../x86_64-linux-gnu/Scrt1.o
 .rela.data.rel.ro._ZTIN4crow19pubsub_protocol_clsE
                0x00000000000048d8       0x48 /usr/lib/gcc/x86_64-linux-gnu/7/../../../x86_64-linux-gnu/Scrt1.o
 .rela.data.rel.ro.local
                0x0000000000004920       0xc0 /usr/lib/gcc/x86_64-linux-gnu/7/../../../x86_64-linux-gnu/Scrt1.o
 .rela.data.rel.ro._ZTVN4crow7udpgateE
                0x00000000000049e0       0x48 /usr/lib/gcc/x86_64-linux-gnu/7/../../../x86_64-linux-gnu/Scrt1.o
 .rela.data.rel.ro._ZTVN4crow7gatewayE
                0x0000000000004a28       0x48 /usr/lib/gcc/x86_64-linux-gnu/7/../../../x86_64-linux-gnu/Scrt1.o
 .rela.data.rel.ro._ZTIN4crow7udpgateE
                0x0000000000004a70       0x48 /usr/lib/gcc/x86_64-linux-gnu/7/../../../x86_64-linux-gnu/Scrt1.o
 .rela.data.rel.ro._ZTIN4crow7gatewayE
                0x0000000000004ab8       0x30 /usr/lib/gcc/x86_64-linux-gnu/7/../../../x86_64-linux-gnu/Scrt1.o
 .rela.data.rel.ro._ZTVN3nos4fileE
                0x0000000000004ae8       0x90 /usr/lib/gcc/x86_64-linux-gnu/7/../../../x86_64-linux-gnu/Scrt1.o
 .rela.data.rel.ro._ZTVN3nos8iostreamE
                0x0000000000004b78       0x78 /usr/lib/gcc/x86_64-linux-gnu/7/../../../x86_64-linux-gnu/Scrt1.o
 .rela.data.rel.ro._ZTVN3nos7istreamE
                0x0000000000004bf0       0x30 /usr/lib/gcc/x86_64-linux-gnu/7/../../../x86_64-linux-gnu/Scrt1.o
 .rela.data.rel.ro._ZTVN3nos7ostreamE
                0x0000000000004c20       0x48 /usr/lib/gcc/x86_64-linux-gnu/7/../../../x86_64-linux-gnu/Scrt1.o
 .rela.data.rel.ro._ZTIN3nos4fileE
                0x0000000000004c68       0x48 /usr/lib/gcc/x86_64-linux-gnu/7/../../../x86_64-linux-gnu/Scrt1.o
 .rela.data.rel.ro._ZTIN3nos8iostreamE
                0x0000000000004cb0       0x60 /usr/lib/gcc/x86_64-linux-gnu/7/../../../x86_64-linux-gnu/Scrt1.o
 .rela.data.rel.ro._ZTIN3nos7istreamE
                0x0000000000004d10       0x30 /usr/lib/gcc/x86_64-linux-gnu/7/../../../x86_64-linux-gnu/Scrt1.o
 .rela.data.rel.ro._ZTIN3nos7ostreamE
                0x0000000000004d40       0x30 /usr/lib/gcc/x86_64-linux-gnu/7/../../../x86_64-linux-gnu/Scrt1.o
 .rela.data.rel.ro._ZTV13DisplayWidget
                0x0000000000004d70      0x5d0 /usr/lib/gcc/x86_64-linux-gnu/7/../../../x86_64-linux-gnu/Scrt1.o
 .rela.data.rel.ro._ZTI13DisplayWidget
                0x0000000000005340       0x48 /usr/lib/gcc/x86_64-linux-gnu/7/../../../x86_64-linux-gnu/Scrt1.o
 *(.rela.tdata .rela.tdata.* .rela.gnu.linkonce.td.*)
 *(.rela.tbss .rela.tbss.* .rela.gnu.linkonce.tb.*)
 *(.rela.ctors)
 *(.rela.dtors)
 *(.rela.got)
 .rela.got      0x0000000000005388      0x168 /usr/lib/gcc/x86_64-linux-gnu/7/../../../x86_64-linux-gnu/Scrt1.o
 *(.rela.bss .rela.bss.* .rela.gnu.linkonce.b.*)
 .rela.bss      0x00000000000054f0        0x0 /usr/lib/gcc/x86_64-linux-gnu/7/../../../x86_64-linux-gnu/Scrt1.o
 *(.rela.ldata .rela.ldata.* .rela.gnu.linkonce.l.*)
 *(.rela.lbss .rela.lbss.* .rela.gnu.linkonce.lb.*)
 *(.rela.lrodata .rela.lrodata.* .rela.gnu.linkonce.lr.*)
 *(.rela.ifunc)
 .rela.ifunc    0x00000000000054f0        0x0 /usr/lib/gcc/x86_64-linux-gnu/7/../../../x86_64-linux-gnu/Scrt1.o
 .rela.fini_array
                0x00000000000054f0       0x18 /usr/lib/gcc/x86_64-linux-gnu/7/../../../x86_64-linux-gnu/Scrt1.o
 .rela.init_array
                0x0000000000005508      0x1b0 /usr/lib/gcc/x86_64-linux-gnu/7/../../../x86_64-linux-gnu/Scrt1.o
 .rela.eh_frame
                0x00000000000056b8        0x0 /usr/lib/gcc/x86_64-linux-gnu/7/../../../x86_64-linux-gnu/Scrt1.o
 .rela.init_array.00140
                0x00000000000056b8       0x18 /usr/lib/gcc/x86_64-linux-gnu/7/../../../x86_64-linux-gnu/Scrt1.o

.rela.plt       0x00000000000056d0      0xbb8
 *(.rela.plt)
 .rela.plt      0x00000000000056d0      0xbb8 /usr/lib/gcc/x86_64-linux-gnu/7/../../../x86_64-linux-gnu/Scrt1.o
                [!provide]                        PROVIDE (__rela_iplt_start = .)
 *(.rela.iplt)
                [!provide]                        PROVIDE (__rela_iplt_end = .)

.init           0x0000000000006288       0x17
 *(SORT_NONE(.init))
 .init          0x0000000000006288       0x12 /usr/lib/gcc/x86_64-linux-gnu/7/../../../x86_64-linux-gnu/crti.o
                0x0000000000006288                _init
 .init          0x000000000000629a        0x5 /usr/lib/gcc/x86_64-linux-gnu/7/../../../x86_64-linux-gnu/crtn.o

.plt            0x00000000000062a0      0x7e0
 *(.plt)
 .plt           0x00000000000062a0      0x7e0 /usr/lib/gcc/x86_64-linux-gnu/7/../../../x86_64-linux-gnu/Scrt1.o
 *(.iplt)

.plt.got        0x0000000000006a80        0x8
 *(.plt.got)
 .plt.got       0x0000000000006a80        0x8 /usr/lib/gcc/x86_64-linux-gnu/7/../../../x86_64-linux-gnu/Scrt1.o

.plt.sec
 *(.plt.sec)

.text           0x0000000000006a90    0x19df2
 *(.text.unlikely .text.*_unlikely .text.unlikely.*)
 *(.text.exit .text.exit.*)
 *(.text.startup .text.startup.*)
 *(.text.hot .text.hot.*)
 *(.text .stub .text.* .gnu.linkonce.t.*)
 .text          0x0000000000006a90       0x2b /usr/lib/gcc/x86_64-linux-gnu/7/../../../x86_64-linux-gnu/Scrt1.o
                0x0000000000006a90                _start
 .text          0x0000000000006abb        0x0 /usr/lib/gcc/x86_64-linux-gnu/7/../../../x86_64-linux-gnu/crti.o
 *fill*         0x0000000000006abb        0x5 
 .text          0x0000000000006ac0       0xda /usr/lib/gcc/x86_64-linux-gnu/7/crtbeginS.o
 .text          0x0000000000006b9a      0x7af build/src/main.o
                0x0000000000006e18                data_theme_handler(crow::packet*)
                0x0000000000006f78                main
 .text._ZnwmPv  0x0000000000007349       0x12 build/src/main.o
                0x0000000000007349                operator new(unsigned long, void*)
 .text._ZdlPvS_
                0x000000000000735b        0xf build/src/main.o
                0x000000000000735b                operator delete(void*, void*)
 .text._Z7qt_noopv
                0x000000000000736a        0x7 build/src/main.o
                0x000000000000736a                qt_noop()
 .text._ZStanSt12memory_orderSt23__memory_order_modifier
                0x0000000000007371       0x14 build/src/main.o
                0x0000000000007371                std::operator&(std::memory_order, std::__memory_order_modifier)
 *fill*         0x0000000000007385        0x1 
 .text._ZNSt6atomicIiEC2Ei
                0x0000000000007386       0x23 build/src/main.o
                0x0000000000007386                std::atomic<int>::atomic(int)
                0x0000000000007386                std::atomic<int>::atomic(int)
 *fill*         0x00000000000073a9        0x1 
 .text._ZN10QAtomicIntC2Ei
                0x00000000000073aa       0x23 build/src/main.o
                0x00000000000073aa                QAtomicInt::QAtomicInt(int)
                0x00000000000073aa                QAtomicInt::QAtomicInt(int)
 *fill*         0x00000000000073cd        0x1 
 .text._ZN9QtPrivate8RefCount3refEv
                0x00000000000073ce       0x41 build/src/main.o
                0x00000000000073ce                QtPrivate::RefCount::ref()
 *fill*         0x000000000000740f        0x1 
 .text._ZN9QtPrivate8RefCount5derefEv
                0x0000000000007410       0x43 build/src/main.o
                0x0000000000007410                QtPrivate::RefCount::deref()
 *fill*         0x0000000000007453        0x1 
 .text._ZNK9QtPrivate8RefCount10isSharableEv
                0x0000000000007454       0x1f build/src/main.o
                0x0000000000007454                QtPrivate::RefCount::isSharable() const
 *fill*         0x0000000000007473        0x1 
 .text._ZNK9QtPrivate8RefCount8isStaticEv
                0x0000000000007474       0x20 build/src/main.o
                0x0000000000007474                QtPrivate::RefCount::isStatic() const
 .text._ZNK9QtPrivate8RefCount8isSharedEv
                0x0000000000007494       0x35 build/src/main.o
                0x0000000000007494                QtPrivate::RefCount::isShared() const
 *fill*         0x00000000000074c9        0x1 
 .text._ZN10QArrayData4dataEv
                0x00000000000074ca       0x63 build/src/main.o
                0x00000000000074ca                QArrayData::data()
 .text._ZN10QArrayData10sharedNullEv
                0x000000000000752d        0xd build/src/main.o
                0x000000000000752d                QArrayData::sharedNull()
 .text._ZN6QFlagsIN10QArrayData16AllocationOptionEEC1ES1_
                0x000000000000753a       0x17 build/src/main.o
                0x000000000000753a                QFlags<QArrayData::AllocationOption>::QFlags(QArrayData::AllocationOption)
 .text._ZNSt11char_traitsIcE6assignERcRKc
                0x0000000000007551       0x1c build/src/main.o
                0x0000000000007551                std::char_traits<char>::assign(char&, char const&)
 .text._ZNSt11char_traitsIcE6lengthEPKc
                0x000000000000756d       0x4f build/src/main.o
                0x000000000000756d                std::char_traits<char>::length(char const*)
 .text._ZNSt11char_traitsIcE4copyEPcPKcm
                0x00000000000075bc       0x40 build/src/main.o
                0x00000000000075bc                std::char_traits<char>::copy(char*, char const*, unsigned long)
 .text._ZN7QStringC2EPKc
                0x00000000000075fc       0x47 build/src/main.o
                0x00000000000075fc                QString::QString(char const*)
                0x00000000000075fc                QString::QString(char const*)
 *fill*         0x0000000000007643        0x1 
 .text._ZN7QStringD2Ev
                0x0000000000007644       0x34 build/src/main.o
                0x0000000000007644                QString::~QString()
                0x0000000000007644                QString::~QString()
 .text._ZN9QListData7disposeEv
                0x0000000000007678       0x1e build/src/main.o
                0x0000000000007678                QListData::dispose()
 .text._ZNK9QListData7isEmptyEv
                0x0000000000007696       0x23 build/src/main.o
                0x0000000000007696                QListData::isEmpty() const
 *fill*         0x00000000000076b9        0x1 
 .text._ZNK9QListData5beginEv
                0x00000000000076ba       0x28 build/src/main.o
                0x00000000000076ba                QListData::begin() const
 .text._ZNK9QListData3endEv
                0x00000000000076e2       0x28 build/src/main.o
                0x00000000000076e2                QListData::end() const
 .text._ZN19QBasicAtomicIntegerIiEC2Ei
                0x000000000000770a       0x23 build/src/main.o
                0x000000000000770a                QBasicAtomicInteger<int>::QBasicAtomicInteger(int)
 *fill*         0x000000000000772d        0x1 
 .text._ZNSt13__atomic_baseIiEC2Ei
                0x000000000000772e       0x17 build/src/main.o
                0x000000000000772e                std::__atomic_base<int>::__atomic_base(int)
 .text._ZN9QtPrivate15ConnectionTypesINS_4ListIJEEELb1EE5typesEv
                0x0000000000007745        0xb build/src/main.o
                0x0000000000007745                QtPrivate::ConnectionTypes<QtPrivate::List<>, true>::types()
 .text._ZN9QtPrivate15QSlotObjectBaseC2EPFviPS0_P7QObjectPPvPbE
                0x0000000000007750       0x30 build/src/main.o
                0x0000000000007750                QtPrivate::QSlotObjectBase::QSlotObjectBase(void (*)(int, QtPrivate::QSlotObjectBase*, QObject*, void**, bool*))
                0x0000000000007750                QtPrivate::QSlotObjectBase::QSlotObjectBase(void (*)(int, QtPrivate::QSlotObjectBase*, QObject*, void**, bool*))
 .text._ZN9QtPrivate15QSlotObjectBaseD2Ev
                0x0000000000007780        0xb build/src/main.o
                0x0000000000007780                QtPrivate::QSlotObjectBase::~QSlotObjectBase()
                0x0000000000007780                QtPrivate::QSlotObjectBase::~QSlotObjectBase()
 *fill*         0x000000000000778b        0x1 
 .text._ZN7QPointFC2Ev
                0x000000000000778c       0x24 build/src/main.o
                0x000000000000778c                QPointF::QPointF()
                0x000000000000778c                QPointF::QPointF()
 .text._ZN7QPointFC2Edd
                0x00000000000077b0       0x30 build/src/main.o
                0x00000000000077b0                QPointF::QPointF(double, double)
                0x00000000000077b0                QPointF::QPointF(double, double)
 .text._ZN6QFlagsIN2Qt13AlignmentFlagEEC1EMNS2_7PrivateEi
                0x00000000000077e0       0x19 build/src/main.o
                0x00000000000077e0                QFlags<Qt::AlignmentFlag>::QFlags(int QFlags<Qt::AlignmentFlag>::Private::*)
 *fill*         0x00000000000077f9        0x1 
 .text._ZN13QGraphicsItem4hideEv
                0x00000000000077fa       0x20 build/src/main.o
                0x00000000000077fa                QGraphicsItem::hide()
 .text._ZN5igris6buffer4dataEv
                0x000000000000781a        0xe build/src/main.o
                0x000000000000781a                igris::buffer::data()
 .text._ZN5igris6buffer4sizeEv
                0x0000000000007828       0x12 build/src/main.o
                0x0000000000007828                igris::buffer::size()
 .text._ZN5igris6bufferC2Ev
                0x000000000000783a       0x22 build/src/main.o
                0x000000000000783a                igris::buffer::buffer()
                0x000000000000783a                igris::buffer::buffer()
 .text._ZN5igris6bufferC2EPKvm
                0x000000000000785c       0x2a build/src/main.o
                0x000000000000785c                igris::buffer::buffer(void const*, unsigned long)
                0x000000000000785c                igris::buffer::buffer(void const*, unsigned long)
 .text._ZN11adsl_finderC2ERN3nos7ostreamE
                0x0000000000007886       0x1a build/src/main.o
                0x0000000000007886                adsl_finder::adsl_finder(nos::ostream&)
                0x0000000000007886                adsl_finder::adsl_finder(nos::ostream&)
 .text._ZN11adsl_findercvRN3nos7ostreamEEv
                0x00000000000078a0       0x11 build/src/main.o
                0x00000000000078a0                adsl_finder::operator nos::ostream&()
 *fill*         0x00000000000078b1        0x1 
 .text._ZN6QFlagsIN2Qt10WindowTypeEEC1EMNS2_7PrivateEi
                0x00000000000078b2       0x19 build/src/main.o
                0x00000000000078b2                QFlags<Qt::WindowType>::QFlags(int QFlags<Qt::WindowType>::Private::*)
 *fill*         0x00000000000078cb        0x1 
 .text._ZN6QQueueI7QVectorIsEEC2Ev
                0x00000000000078cc       0x1b build/src/main.o
                0x00000000000078cc                QQueue<QVector<short> >::QQueue()
                0x00000000000078cc                QQueue<QVector<short> >::QQueue()
 *fill*         0x00000000000078e7        0x1 
 .text._ZN6QQueueI7QVectorIsEED2Ev
                0x00000000000078e8       0x1b build/src/main.o
                0x00000000000078e8                QQueue<QVector<short> >::~QQueue()
                0x00000000000078e8                QQueue<QVector<short> >::~QQueue()
 *fill*         0x0000000000007903        0x1 
 .text._ZN13DisplayWidgetC2EP7QWidget
                0x0000000000007904      0x9a2 build/src/main.o
                0x0000000000007904                DisplayWidget::DisplayWidget(QWidget*)
                0x0000000000007904                DisplayWidget::DisplayWidget(QWidget*)
 .text._ZN13DisplayWidget8frepaintEv
                0x00000000000082a6      0x3a2 build/src/main.o
                0x00000000000082a6                DisplayWidget::frepaint()
 .text._ZN13DisplayWidget11new_packageEO7QVectorIsE
                0x0000000000008648       0x5d build/src/main.o
                0x0000000000008648                DisplayWidget::new_package(QVector<short>&&)
 *fill*         0x00000000000086a5        0x1 
 .text._ZN4crow6packet7dataptrEv
                0x00000000000086a6       0x24 build/src/main.o
                0x00000000000086a6                crow::packet::dataptr()
 .text._ZN4crow10subscriber9subscribeEPKhhPKchthtN5igris8delegateIvJPNS_6packetEEEE
                0x00000000000086ca       0xcf build/src/main.o
                0x00000000000086ca                crow::subscriber::subscribe(unsigned char const*, unsigned char, char const*, unsigned char, unsigned short, unsigned char, unsigned short, igris::delegate<void, crow::packet*>)
 *fill*         0x0000000000008799        0x1 
 .text._ZN4crow10subscriber9subscribeERKSt6vectorIhSaIhEEPKchthtN5igris8delegateIvJPNS_6packetEEEE
                0x000000000000879a       0xe6 build/src/main.o
                0x000000000000879a                crow::subscriber::subscribe(std::vector<unsigned char, std::allocator<unsigned char> > const&, char const*, unsigned char, unsigned short, unsigned char, unsigned short, igris::delegate<void, crow::packet*>)
 .text._ZN4crow10subscriber11resubscribeEv
                0x0000000000008880       0x69 build/src/main.o
                0x0000000000008880                crow::subscriber::resubscribe()
 *fill*         0x00000000000088e9        0x1 
 .text._ZN3nos18visitable_argumentC2EPvRKN5igris6bufferES1_
                0x00000000000088ea       0x45 build/src/main.o
                0x00000000000088ea                nos::visitable_argument::visitable_argument(void*, igris::buffer const&, void*)
                0x00000000000088ea                nos::visitable_argument::visitable_argument(void*, igris::buffer const&, void*)
 *fill*         0x000000000000892f        0x1 
 .text._ZN4crow10subscriberC2Ev
                0x0000000000008930       0x1f build/src/main.o
                0x0000000000008930                crow::subscriber::subscriber()
                0x0000000000008930                crow::subscriber::subscriber()
 .text._ZSt4moveIR7QVectorIsEEONSt16remove_referenceIT_E4typeEOS4_
                0x000000000000894f        0xe build/src/main.o
                0x000000000000894f                std::remove_reference<QVector<short>&>::type&& std::move<QVector<short>&>(QVector<short>&)
 *fill*         0x000000000000895d        0x1 
 .text._ZN14QAtomicIntegerIiEC2Ei
                0x000000000000895e       0x23 build/src/main.o
                0x000000000000895e                QAtomicInteger<int>::QAtomicInteger(int)
                0x000000000000895e                QAtomicInteger<int>::QAtomicInteger(int)
 *fill*         0x0000000000008981        0x1 
 .text._ZNK19QBasicAtomicIntegerIiE4loadEv
                0x0000000000008982       0x1a build/src/main.o
                0x0000000000008982                QBasicAtomicInteger<int>::load() const
 .text._ZN19QBasicAtomicIntegerIiE3refEv
                0x000000000000899c       0x1a build/src/main.o
                0x000000000000899c                QBasicAtomicInteger<int>::ref()
 .text._ZN19QBasicAtomicIntegerIiE5derefEv
                0x00000000000089b6       0x1a build/src/main.o
                0x00000000000089b6                QBasicAtomicInteger<int>::deref()
 .text._ZN9__gnu_cxx11char_traitsIcE6lengthEPKc
                0x00000000000089d0       0x69 build/src/main.o
                0x00000000000089d0                __gnu_cxx::char_traits<char>::length(char const*)
 .text._ZN9__gnu_cxx11char_traitsIcE2eqERKcS3_
                0x0000000000008a39       0x21 build/src/main.o
                0x0000000000008a39                __gnu_cxx::char_traits<char>::eq(char const&, char const&)
 .text._ZNKSt7__cxx1112basic_stringIcSt11char_traitsIcESaIcEE5c_strEv
                0x0000000000008a5a       0x1a build/src/main.o
                0x0000000000008a5a                std::__cxx11::basic_string<char, std::char_traits<char>, std::allocator<char> >::c_str() const
 .text._ZNSt7__cxx1112basic_stringIcSt11char_traitsIcESaIcEE12_Alloc_hiderD2Ev
                0x0000000000008a74       0x1b build/src/main.o
                0x0000000000008a74                std::__cxx11::basic_string<char, std::char_traits<char>, std::allocator<char> >::_Alloc_hider::~_Alloc_hider()
                0x0000000000008a74                std::__cxx11::basic_string<char, std::char_traits<char>, std::allocator<char> >::_Alloc_hider::~_Alloc_hider()
 *fill*         0x0000000000008a8f        0x1 
 .text._ZNSt7__cxx1112basic_stringIcSt11char_traitsIcESaIcEED2Ev
                0x0000000000008a90       0x27 build/src/main.o
                0x0000000000008a90                std::__cxx11::basic_string<char, std::char_traits<char>, std::allocator<char> >::~basic_string()
                0x0000000000008a90                std::__cxx11::basic_string<char, std::char_traits<char>, std::allocator<char> >::~basic_string()
 *fill*         0x0000000000008ab7        0x1 
 .text._ZNKSt7__cxx1112basic_stringIcSt11char_traitsIcESaIcEE4dataEv
                0x0000000000008ab8       0x1a build/src/main.o
                0x0000000000008ab8                std::__cxx11::basic_string<char, std::char_traits<char>, std::allocator<char> >::data() const
 .text._ZNKSt7__cxx1112basic_stringIcSt11char_traitsIcESaIcEE4sizeEv
                0x0000000000008ad2       0x12 build/src/main.o
                0x0000000000008ad2                std::__cxx11::basic_string<char, std::char_traits<char>, std::allocator<char> >::size() const
 .text._ZN15QTypedArrayDataItE10deallocateEP10QArrayData
                0x0000000000008ae4       0x25 build/src/main.o
                0x0000000000008ae4                QTypedArrayData<unsigned short>::deallocate(QArrayData*)
 .text._ZSt3maxImERKT_S2_S2_
                0x0000000000008b09       0x2b build/src/main.o
                0x0000000000008b09                unsigned long const& std::max<unsigned long>(unsigned long const&, unsigned long const&)
 .text._ZN7QVectorI7QPointFEC2Ev
                0x0000000000008b34       0x1e build/src/main.o
                0x0000000000008b34                QVector<QPointF>::QVector()
                0x0000000000008b34                QVector<QPointF>::QVector()
 .text._ZN7QVectorI7QPointFED2Ev
                0x0000000000008b52       0x3b build/src/main.o
                0x0000000000008b52                QVector<QPointF>::~QVector()
                0x0000000000008b52                QVector<QPointF>::~QVector()
 *fill*         0x0000000000008b8d        0x1 
 .text._ZN7QVectorI7QPointFEC2ERKS1_
                0x0000000000008b8e      0x195 build/src/main.o
                0x0000000000008b8e                QVector<QPointF>::QVector(QVector<QPointF> const&)
                0x0000000000008b8e                QVector<QPointF>::QVector(QVector<QPointF> const&)
 *fill*         0x0000000000008d23        0x1 
 .text._ZN7QVectorI7QPointFE4dataEv
                0x0000000000008d24       0x2e build/src/main.o
                0x0000000000008d24                QVector<QPointF>::data()
 .text._ZNK7QVectorI7QPointFE4sizeEv
                0x0000000000008d52       0x14 build/src/main.o
                0x0000000000008d52                QVector<QPointF>::size() const
 .text._ZN7QVectorIdEC2Ev
                0x0000000000008d66       0x1e build/src/main.o
                0x0000000000008d66                QVector<double>::QVector()
                0x0000000000008d66                QVector<double>::QVector()
 .text._ZN7QVectorIdED2Ev
                0x0000000000008d84       0x3b build/src/main.o
                0x0000000000008d84                QVector<double>::~QVector()
                0x0000000000008d84                QVector<double>::~QVector()
 *fill*         0x0000000000008dbf        0x1 
 .text._ZN5QListI7QVectorIsEEC2Ev
                0x0000000000008dc0       0x19 build/src/main.o
                0x0000000000008dc0                QList<QVector<short> >::QList()
                0x0000000000008dc0                QList<QVector<short> >::QList()
 *fill*         0x0000000000008dd9        0x1 
 .text._ZN5QListI7QVectorIsEED2Ev
                0x0000000000008dda       0x47 build/src/main.o
                0x0000000000008dda                QList<QVector<short> >::~QList()
                0x0000000000008dda                QList<QVector<short> >::~QList()
 *fill*         0x0000000000008e21        0x1 
 .text._ZN7QVectorIdE6resizeEi
                0x0000000000008e22       0x90 build/src/main.o
                0x0000000000008e22                QVector<double>::resize(int)
 .text._ZN7QVectorI7QPointFE6resizeEi
                0x0000000000008eb2       0x90 build/src/main.o
                0x0000000000008eb2                QVector<QPointF>::resize(int)
 .text._ZN7QVectorI7QPointFEixEi
                0x0000000000008f42       0x65 build/src/main.o
                0x0000000000008f42                QVector<QPointF>::operator[](int)
 *fill*         0x0000000000008fa7        0x1 
 .text._ZNK7QVectorIdE4sizeEv
                0x0000000000008fa8       0x14 build/src/main.o
                0x0000000000008fa8                QVector<double>::size() const
 .text._ZNK5QListI7QVectorIsEE5emptyEv
                0x0000000000008fbc       0x1a build/src/main.o
                0x0000000000008fbc                QList<QVector<short> >::empty() const
 .text._ZN6QQueueI7QVectorIsEE7dequeueEv
                0x0000000000008fd6       0x4c build/src/main.o
                0x0000000000008fd6                QQueue<QVector<short> >::dequeue()
 .text._ZN7QVectorIsED2Ev
                0x0000000000009022       0x3b build/src/main.o
                0x0000000000009022                QVector<short>::~QVector()
                0x0000000000009022                QVector<short>::~QVector()
 *fill*         0x000000000000905d        0x1 
 .text._ZN7QVectorIsE5beginEv
                0x000000000000905e       0x2e build/src/main.o
                0x000000000000905e                QVector<short>::begin()
 .text._ZN7QVectorIsE3endEv
                0x000000000000908c       0x2e build/src/main.o
                0x000000000000908c                QVector<short>::end()
 .text._ZN7QVectorIdEixEi
                0x00000000000090ba       0x65 build/src/main.o
                0x00000000000090ba                QVector<double>::operator[](int)
 *fill*         0x000000000000911f        0x1 
 .text._ZN7QVectorIdE4dataEv
                0x0000000000009120       0x2e build/src/main.o
                0x0000000000009120                QVector<double>::data()
 .text._ZN6QQueueI7QVectorIsEE7enqueueERKS1_
                0x000000000000914e       0x26 build/src/main.o
                0x000000000000914e                QQueue<QVector<short> >::enqueue(QVector<short> const&)
 .text._ZNSt6vectorIhSaIhEEC2Ev
                0x0000000000009174       0x1b build/src/main.o
                0x0000000000009174                std::vector<unsigned char, std::allocator<unsigned char> >::vector()
                0x0000000000009174                std::vector<unsigned char, std::allocator<unsigned char> >::vector()
 *fill*         0x000000000000918f        0x1 
 .text._ZNSt6vectorIhSaIhEED2Ev
                0x0000000000009190       0x44 build/src/main.o
                0x0000000000009190                std::vector<unsigned char, std::allocator<unsigned char> >::~vector()
                0x0000000000009190                std::vector<unsigned char, std::allocator<unsigned char> >::~vector()
 .text._ZNSt6vectorIhSaIhEE6resizeEm
                0x00000000000091d4       0x88 build/src/main.o
                0x00000000000091d4                std::vector<unsigned char, std::allocator<unsigned char> >::resize(unsigned long)
 .text._ZNSt6vectorIhSaIhEE4dataEv
                0x000000000000925c       0x24 build/src/main.o
                0x000000000000925c                std::vector<unsigned char, std::allocator<unsigned char> >::data()
 .text._ZSt4moveIRSt6vectorIhSaIhEEEONSt16remove_referenceIT_E4typeEOS5_
                0x0000000000009280        0xe build/src/main.o
                0x0000000000009280                std::remove_reference<std::vector<unsigned char, std::allocator<unsigned char> >&>::type&& std::move<std::vector<unsigned char, std::allocator<unsigned char> >&>(std::vector<unsigned char, std::allocator<unsigned char> >&)
 .text._ZN5igris8delegateIvJPN4crow6packetEEEaSERKS4_
                0x000000000000928e       0x38 build/src/main.o
                0x000000000000928e                igris::delegate<void, crow::packet*>::operator=(igris::delegate<void, crow::packet*> const&)
 .text._ZNKSt6vectorIhSaIhEE4dataEv
                0x00000000000092c6       0x24 build/src/main.o
                0x00000000000092c6                std::vector<unsigned char, std::allocator<unsigned char> >::data() const
 .text._ZNKSt6vectorIhSaIhEE4sizeEv
                0x00000000000092ea       0x22 build/src/main.o
                0x00000000000092ea                std::vector<unsigned char, std::allocator<unsigned char> >::size() const
 .text._ZN5igris8delegateIvJPN4crow6packetEEEC2ERKS4_
                0x000000000000930c       0x35 build/src/main.o
                0x000000000000930c                igris::delegate<void, crow::packet*>::delegate(igris::delegate<void, crow::packet*> const&)
                0x000000000000930c                igris::delegate<void, crow::packet*>::delegate(igris::delegate<void, crow::packet*> const&)
 *fill*         0x0000000000009341        0x1 
 .text._ZN5igris8delegateIvJPN4crow6packetEEEC2Ev
                0x0000000000009342       0x1b build/src/main.o
                0x0000000000009342                igris::delegate<void, crow::packet*>::delegate()
                0x0000000000009342                igris::delegate<void, crow::packet*>::delegate()
 *fill*         0x000000000000935d        0x1 
 .text._ZN7QVectorIsEC2Ev
                0x000000000000935e       0x1e build/src/main.o
                0x000000000000935e                QVector<short>::QVector()
                0x000000000000935e                QVector<short>::QVector()
 .text._ZN3nos8fprintlnIJA28_cmEEElDpRKT_
                0x000000000000937c       0x48 build/src/main.o
                0x000000000000937c                long nos::fprintln<char [28], unsigned long>(char const (&) [28], unsigned long const&)
 .text._ZN7QVectorIsE6resizeEi
                0x00000000000093c4       0x90 build/src/main.o
                0x00000000000093c4                QVector<short>::resize(int)
 .text._ZN7QVectorIsE4dataEv
                0x0000000000009454       0x2e build/src/main.o
                0x0000000000009454                QVector<short>::data()
 .text._ZN3nos8fprintlnIJA29_cPcEEElDpRKT_
                0x0000000000009482       0x48 build/src/main.o
                0x0000000000009482                long nos::fprintln<char [29], char*>(char const (&) [29], char* const&)
 .text._ZNSt7__cxx1112basic_stringIcSt11char_traitsIcESaIcEEC2EPKcRKS3_
                0x00000000000094ca       0x97 build/src/main.o
                0x00000000000094ca                std::__cxx11::basic_string<char, std::char_traits<char>, std::allocator<char> >::basic_string(char const*, std::allocator<char> const&)
                0x00000000000094ca                std::__cxx11::basic_string<char, std::char_traits<char>, std::allocator<char> >::basic_string(char const*, std::allocator<char> const&)
 *fill*         0x0000000000009561        0x1 
 .text._ZNSt6vectorIhSaIhEEaSEOS1_
                0x0000000000009562       0x69 build/src/main.o
                0x0000000000009562                std::vector<unsigned char, std::allocator<unsigned char> >::operator=(std::vector<unsigned char, std::allocator<unsigned char> >&&)
 .text._ZN7QObject7connectIM13DisplayWidgetFvvES3_EEN11QMetaObject10ConnectionEPKN9QtPrivate15FunctionPointerIT_E6ObjectES8_PKNS7_IT0_E6ObjectESD_N2Qt14ConnectionTypeE
                0x00000000000095cb       0xc4 build/src/main.o
                0x00000000000095cb                QMetaObject::Connection QObject::connect<void (DisplayWidget::*)(), void (DisplayWidget::*)()>(QtPrivate::FunctionPointer<void (DisplayWidget::*)()>::Object const*, void (DisplayWidget::*)(), QtPrivate::FunctionPointer<void (DisplayWidget::*)()>::Object const*, void (DisplayWidget::*)(), Qt::ConnectionType)
 *fill*         0x000000000000968f        0x1 
 .text._ZN5igris8delegateIvJPN4crow6packetEEEC2EPFvS3_E
                0x0000000000009690       0x32 build/src/main.o
                0x0000000000009690                igris::delegate<void, crow::packet*>::delegate(void (*)(crow::packet*))
                0x0000000000009690                igris::delegate<void, crow::packet*>::delegate(void (*)(crow::packet*))
 .text._ZN10QAtomicOpsIiE4loadIiEET_RKSt6atomicIS2_E
                0x00000000000096c2       0x36 build/src/main.o
                0x00000000000096c2                int QAtomicOps<int>::load<int>(std::atomic<int> const&)
 .text._ZN10QAtomicOpsIiE3refIiEEbRSt6atomicIT_E
                0x00000000000096f8       0x1f build/src/main.o
                0x00000000000096f8                bool QAtomicOps<int>::ref<int>(std::atomic<int>&)
 .text._ZN10QAtomicOpsIiE5derefIiEEbRSt6atomicIT_E
                0x0000000000009717       0x1f build/src/main.o
                0x0000000000009717                bool QAtomicOps<int>::deref<int>(std::atomic<int>&)
 .text._ZNKSt7__cxx1112basic_stringIcSt11char_traitsIcESaIcEE7_M_dataEv
                0x0000000000009736       0x11 build/src/main.o
                0x0000000000009736                std::__cxx11::basic_string<char, std::char_traits<char>, std::allocator<char> >::_M_data() const
 *fill*         0x0000000000009747        0x1 
 .text._ZNSt7__cxx1112basic_stringIcSt11char_traitsIcESaIcEE10_M_disposeEv
                0x0000000000009748       0x39 build/src/main.o
                0x0000000000009748                std::__cxx11::basic_string<char, std::char_traits<char>, std::allocator<char> >::_M_dispose()
 *fill*         0x0000000000009781        0x1 
 .text._ZNSt7__cxx1112basic_stringIcSt11char_traitsIcESaIcEE13_M_local_dataEv
                0x0000000000009782       0x1e build/src/main.o
                0x0000000000009782                std::__cxx11::basic_string<char, std::char_traits<char>, std::allocator<char> >::_M_local_data()
 .text._ZNSt7__cxx1112basic_stringIcSt11char_traitsIcESaIcEE12_Alloc_hiderC2EPcRKS3_
                0x00000000000097a0       0x35 build/src/main.o
                0x00000000000097a0                std::__cxx11::basic_string<char, std::char_traits<char>, std::allocator<char> >::_Alloc_hider::_Alloc_hider(char*, std::allocator<char> const&)
                0x00000000000097a0                std::__cxx11::basic_string<char, std::char_traits<char>, std::allocator<char> >::_Alloc_hider::_Alloc_hider(char*, std::allocator<char> const&)
 *fill*         0x00000000000097d5        0x1 
 .text._ZNSt7__cxx1112basic_stringIcSt11char_traitsIcESaIcEE12_M_constructIPKcEEvT_S8_
                0x00000000000097d6       0x38 build/src/main.o
                0x00000000000097d6                void std::__cxx11::basic_string<char, std::char_traits<char>, std::allocator<char> >::_M_construct<char const*>(char const*, char const*)
 .text._ZN15QTypedArrayDataI7QPointFE10sharedNullEv
                0x000000000000980e        0xb build/src/main.o
                0x000000000000980e                QTypedArrayData<QPointF>::sharedNull()
 *fill*         0x0000000000009819        0x1 
 .text._ZN7QVectorI7QPointFE8freeDataEP15QTypedArrayDataIS0_E
                0x000000000000981a       0x5f build/src/main.o
                0x000000000000981a                QVector<QPointF>::freeData(QTypedArrayData<QPointF>*)
 .text._ZN15QTypedArrayDataI7QPointFE8allocateEm6QFlagsIN10QArrayData16AllocationOptionEE
                0x0000000000009879       0x2c build/src/main.o
                0x0000000000009879                QTypedArrayData<QPointF>::allocate(unsigned long, QFlags<QArrayData::AllocationOption>)
 *fill*         0x00000000000098a5        0x1 
 .text._ZN7QVectorI7QPointFE13copyConstructEPKS0_S3_PS0_
                0x00000000000098a6       0x63 build/src/main.o
                0x00000000000098a6                QVector<QPointF>::copyConstruct(QPointF const*, QPointF const*, QPointF*)
 *fill*         0x0000000000009909        0x1 
 .text._ZN15QTypedArrayDataI7QPointFE5beginEPS0_
                0x000000000000990a       0x1e build/src/main.o
                0x000000000000990a                QTypedArrayData<QPointF>::begin(QPointF*)
 .text._ZN15QTypedArrayDataI7QPointFE3endEPS0_
                0x0000000000009928       0x31 build/src/main.o
                0x0000000000009928                QTypedArrayData<QPointF>::end(QPointF*)
 *fill*         0x0000000000009959        0x1 
 .text._ZN7QVectorI7QPointFE16defaultConstructEPS0_S2_
                0x000000000000995a       0x44 build/src/main.o
                0x000000000000995a                QVector<QPointF>::defaultConstruct(QPointF*, QPointF*)
 .text._ZN7QVectorI7QPointFE6detachEv
                0x000000000000999e       0xd8 build/src/main.o
                0x000000000000999e                QVector<QPointF>::detach()
 .text._ZN15QTypedArrayDataIdE10sharedNullEv
                0x0000000000009a76        0xb build/src/main.o
                0x0000000000009a76                QTypedArrayData<double>::sharedNull()
 *fill*         0x0000000000009a81        0x1 
 .text._ZN7QVectorIdE8freeDataEP15QTypedArrayDataIdE
                0x0000000000009a82       0x5f build/src/main.o
                0x0000000000009a82                QVector<double>::freeData(QTypedArrayData<double>*)
 *fill*         0x0000000000009ae1        0x1 
 .text._ZN19QListSpecialMethodsI7QVectorIsEED2Ev
                0x0000000000009ae2        0xb build/src/main.o
                0x0000000000009ae2                QListSpecialMethods<QVector<short> >::~QListSpecialMethods()
                0x0000000000009ae2                QListSpecialMethods<QVector<short> >::~QListSpecialMethods()
 *fill*         0x0000000000009aed        0x1 
 .text._ZN5QListI7QVectorIsEE7deallocEPN9QListData4DataE
                0x0000000000009aee       0x5e build/src/main.o
                0x0000000000009aee                QList<QVector<short> >::dealloc(QListData::Data*)
 .text._ZN7QVectorIdE11reallocDataEii6QFlagsIN10QArrayData16AllocationOptionEE
                0x0000000000009b4c      0x615 build/src/main.o
                0x0000000000009b4c                QVector<double>::reallocData(int, int, QFlags<QArrayData::AllocationOption>)
 *fill*         0x000000000000a161        0x1 
 .text._ZN7QVectorI7QPointFE11reallocDataEii6QFlagsIN10QArrayData16AllocationOptionEE
                0x000000000000a162      0x629 build/src/main.o
                0x000000000000a162                QVector<QPointF>::reallocData(int, int, QFlags<QArrayData::AllocationOption>)
 *fill*         0x000000000000a78b        0x1 
 .text._ZNK5QListI7QVectorIsEE7isEmptyEv
                0x000000000000a78c       0x1a build/src/main.o
                0x000000000000a78c                QList<QVector<short> >::isEmpty() const
 .text._ZN5QListI7QVectorIsEE9takeFirstEv
                0x000000000000a7a6       0x85 build/src/main.o
                0x000000000000a7a6                QList<QVector<short> >::takeFirst()
 *fill*         0x000000000000a82b        0x1 
 .text._ZN7QVectorIsE8freeDataEP15QTypedArrayDataIsE
                0x000000000000a82c       0x5f build/src/main.o
                0x000000000000a82c                QVector<short>::freeData(QTypedArrayData<short>*)
 *fill*         0x000000000000a88b        0x1 
 .text._ZN7QVectorIsE6detachEv
                0x000000000000a88c       0xd8 build/src/main.o
                0x000000000000a88c                QVector<short>::detach()
 .text._ZN15QTypedArrayDataIsE5beginEPs
                0x000000000000a964       0x1e build/src/main.o
                0x000000000000a964                QTypedArrayData<short>::begin(short*)
 .text._ZN15QTypedArrayDataIsE3endEPs
                0x000000000000a982       0x30 build/src/main.o
                0x000000000000a982                QTypedArrayData<short>::end(short*)
 .text._ZN7QVectorIdE6detachEv
                0x000000000000a9b2       0xd8 build/src/main.o
                0x000000000000a9b2                QVector<double>::detach()
 .text._ZN15QTypedArrayDataIdE5beginEPd
                0x000000000000aa8a       0x1e build/src/main.o
                0x000000000000aa8a                QTypedArrayData<double>::begin(double*)
 .text._ZN5QListI7QVectorIsEE6appendERKS1_
                0x000000000000aaa8      0x11b build/src/main.o
                0x000000000000aaa8                QList<QVector<short> >::append(QVector<short> const&)
 *fill*         0x000000000000abc3        0x1 
 .text._ZNSt12_Vector_baseIhSaIhEE12_Vector_implD2Ev
                0x000000000000abc4       0x1b build/src/main.o
                0x000000000000abc4                std::_Vector_base<unsigned char, std::allocator<unsigned char> >::_Vector_impl::~_Vector_impl()
                0x000000000000abc4                std::_Vector_base<unsigned char, std::allocator<unsigned char> >::_Vector_impl::~_Vector_impl()
 *fill*         0x000000000000abdf        0x1 
 .text._ZNSt12_Vector_baseIhSaIhEEC2Ev
                0x000000000000abe0       0x1b build/src/main.o
                0x000000000000abe0                std::_Vector_base<unsigned char, std::allocator<unsigned char> >::_Vector_base()
                0x000000000000abe0                std::_Vector_base<unsigned char, std::allocator<unsigned char> >::_Vector_base()
 *fill*         0x000000000000abfb        0x1 
 .text._ZNSt12_Vector_baseIhSaIhEED2Ev
                0x000000000000abfc       0x4c build/src/main.o
                0x000000000000abfc                std::_Vector_base<unsigned char, std::allocator<unsigned char> >::~_Vector_base()
                0x000000000000abfc                std::_Vector_base<unsigned char, std::allocator<unsigned char> >::~_Vector_base()
 .text._ZNSt12_Vector_baseIhSaIhEE19_M_get_Tp_allocatorEv
                0x000000000000ac48        0xe build/src/main.o
                0x000000000000ac48                std::_Vector_base<unsigned char, std::allocator<unsigned char> >::_M_get_Tp_allocator()
 .text._ZSt8_DestroyIPhhEvT_S1_RSaIT0_E
                0x000000000000ac56       0x2a build/src/main.o
                0x000000000000ac56                void std::_Destroy<unsigned char*, unsigned char>(unsigned char*, unsigned char*, std::allocator<unsigned char>&)
 .text._ZNSt6vectorIhSaIhEE17_M_default_appendEm
                0x000000000000ac80      0x22e build/src/main.o
                0x000000000000ac80                std::vector<unsigned char, std::allocator<unsigned char> >::_M_default_append(unsigned long)
 .text._ZNSt6vectorIhSaIhEE15_M_erase_at_endEPh
                0x000000000000aeae       0x45 build/src/main.o
                0x000000000000aeae                std::vector<unsigned char, std::allocator<unsigned char> >::_M_erase_at_end(unsigned char*)
 *fill*         0x000000000000aef3        0x1 
 .text._ZNKSt6vectorIhSaIhEE11_M_data_ptrIhEEPT_S4_
                0x000000000000aef4       0x12 build/src/main.o
                0x000000000000aef4                unsigned char* std::vector<unsigned char, std::allocator<unsigned char> >::_M_data_ptr<unsigned char>(unsigned char*) const
 .text._ZN5igris8delegateIvJPN4crow6packetEEE5cleanEv
                0x000000000000af06       0x2e build/src/main.o
                0x000000000000af06                igris::delegate<void, crow::packet*>::clean()
 .text._ZN15QTypedArrayDataIsE10sharedNullEv
                0x000000000000af34        0xb build/src/main.o
                0x000000000000af34                QTypedArrayData<short>::sharedNull()
 .text._ZN3nos9fprint_toIJmEEElRNS_7ostreamEPKcDpRKT_
                0x000000000000af3f       0x7a build/src/main.o
                0x000000000000af3f                long nos::fprint_to<unsigned long>(nos::ostream&, char const*, unsigned long const&)
 *fill*         0x000000000000afb9        0x1 
 .text._ZN7QVectorIsE11reallocDataEii6QFlagsIN10QArrayData16AllocationOptionEE
                0x000000000000afba      0x5d0 build/src/main.o
                0x000000000000afba                QVector<short>::reallocData(int, int, QFlags<QArrayData::AllocationOption>)
 .text._ZN3nos9fprint_toIJPcEEElRNS_7ostreamEPKcDpRKT_
                0x000000000000b58a       0x7a build/src/main.o
                0x000000000000b58a                long nos::fprint_to<char*>(nos::ostream&, char const*, char* const&)
 .text._ZNSt6vectorIhSaIhEE14_M_move_assignEOS1_St17integral_constantIbLb1EE
                0x000000000000b604       0xc6 build/src/main.o
                0x000000000000b604                std::vector<unsigned char, std::allocator<unsigned char> >::_M_move_assign(std::vector<unsigned char, std::allocator<unsigned char> >&&, std::integral_constant<bool, true>)
 .text._ZN9QtPrivate11QSlotObjectIM13DisplayWidgetFvvENS_4ListIJEEEvEC2ES3_
                0x000000000000b6ca       0x4a build/src/main.o
                0x000000000000b6ca                QtPrivate::QSlotObject<void (DisplayWidget::*)(), QtPrivate::List<>, void>::QSlotObject(void (DisplayWidget::*)())
                0x000000000000b6ca                QtPrivate::QSlotObject<void (DisplayWidget::*)(), QtPrivate::List<>, void>::QSlotObject(void (DisplayWidget::*)())
 .text._ZNSt13__atomic_baseIiEppEv
                0x000000000000b714       0x1a build/src/main.o
                0x000000000000b714                std::__atomic_base<int>::operator++()
 .text._ZNSt13__atomic_baseIiEmmEv
                0x000000000000b72e       0x1f build/src/main.o
                0x000000000000b72e                std::__atomic_base<int>::operator--()
 *fill*         0x000000000000b74d        0x1 
 .text._ZNKSt7__cxx1112basic_stringIcSt11char_traitsIcESaIcEE11_M_is_localEv
                0x000000000000b74e       0x35 build/src/main.o
                0x000000000000b74e                std::__cxx11::basic_string<char, std::char_traits<char>, std::allocator<char> >::_M_is_local() const
 *fill*         0x000000000000b783        0x1 
 .text._ZNSt7__cxx1112basic_stringIcSt11char_traitsIcESaIcEE10_M_destroyEm
                0x000000000000b784       0x4e build/src/main.o
                0x000000000000b784                std::__cxx11::basic_string<char, std::char_traits<char>, std::allocator<char> >::_M_destroy(unsigned long)
 .text._ZNSt14pointer_traitsIPcE10pointer_toERc
                0x000000000000b7d2       0x1a build/src/main.o
                0x000000000000b7d2                std::pointer_traits<char*>::pointer_to(char&)
 .text._ZNSt7__cxx1112basic_stringIcSt11char_traitsIcESaIcEE16_M_construct_auxIPKcEEvT_S8_St12__false_type
                0x000000000000b7ec       0x5b build/src/main.o
                0x000000000000b7ec                void std::__cxx11::basic_string<char, std::char_traits<char>, std::allocator<char> >::_M_construct_aux<char const*>(char const*, char const*, std::__false_type)
 *fill*         0x000000000000b847        0x1 
 .text._ZNKSt7__cxx1112basic_stringIcSt11char_traitsIcESaIcEE16_M_get_allocatorEv
                0x000000000000b848        0xe build/src/main.o
                0x000000000000b848                std::__cxx11::basic_string<char, std::char_traits<char>, std::allocator<char> >::_M_get_allocator() const
 .text._ZNSt7__cxx1112basic_stringIcSt11char_traitsIcESaIcEE16_M_get_allocatorEv
                0x000000000000b856        0xe build/src/main.o
                0x000000000000b856                std::__cxx11::basic_string<char, std::char_traits<char>, std::allocator<char> >::_M_get_allocator()
 .text._ZNSt7__cxx1112basic_stringIcSt11char_traitsIcESaIcEE7_M_dataEPc
                0x000000000000b864       0x1a build/src/main.o
                0x000000000000b864                std::__cxx11::basic_string<char, std::char_traits<char>, std::allocator<char> >::_M_data(char*)
 .text._ZNSt7__cxx1112basic_stringIcSt11char_traitsIcESaIcEE11_M_capacityEm
                0x000000000000b87e       0x1b build/src/main.o
                0x000000000000b87e                std::__cxx11::basic_string<char, std::char_traits<char>, std::allocator<char> >::_M_capacity(unsigned long)
 *fill*         0x000000000000b899        0x1 
 .text._ZNSt7__cxx1112basic_stringIcSt11char_traitsIcESaIcEE9_M_lengthEm
                0x000000000000b89a       0x1b build/src/main.o
                0x000000000000b89a                std::__cxx11::basic_string<char, std::char_traits<char>, std::allocator<char> >::_M_length(unsigned long)
 *fill*         0x000000000000b8b5        0x1 
 .text._ZNSt7__cxx1112basic_stringIcSt11char_traitsIcESaIcEE13_M_set_lengthEm
                0x000000000000b8b6       0x72 build/src/main.o
                0x000000000000b8b6                std::__cxx11::basic_string<char, std::char_traits<char>, std::allocator<char> >::_M_set_length(unsigned long)
 .text._ZNK6QFlagsIN10QArrayData16AllocationOptionEE8testFlagES1_
                0x000000000000b928       0x38 build/src/main.o
                0x000000000000b928                QFlags<QArrayData::AllocationOption>::testFlag(QArrayData::AllocationOption) const
 .text._ZN7QVectorI7QPointFE8destructEPS0_S2_
                0x000000000000b960       0x24 build/src/main.o
                0x000000000000b960                QVector<QPointF>::destruct(QPointF*, QPointF*)
 .text._ZN15QTypedArrayDataI7QPointFE10deallocateEP10QArrayData
                0x000000000000b984       0x25 build/src/main.o
                0x000000000000b984                QTypedArrayData<QPointF>::deallocate(QArrayData*)
 *fill*         0x000000000000b9a9        0x1 
 .text._ZN15QTypedArrayDataI7QPointFE4dataEv
                0x000000000000b9aa       0x1a build/src/main.o
                0x000000000000b9aa                QTypedArrayData<QPointF>::data()
 .text._ZNK7QVectorI7QPointFE10isDetachedEv
                0x000000000000b9c4       0x20 build/src/main.o
                0x000000000000b9c4                QVector<QPointF>::isDetached() const
 .text._ZN15QTypedArrayDataI7QPointFE15unsharableEmptyEv
                0x000000000000b9e4       0x4d build/src/main.o
                0x000000000000b9e4                QTypedArrayData<QPointF>::unsharableEmpty()
 *fill*         0x000000000000ba31        0x1 
 .text._ZN7QVectorIdE8destructEPdS1_
                0x000000000000ba32       0x13 build/src/main.o
                0x000000000000ba32                QVector<double>::destruct(double*, double*)
 *fill*         0x000000000000ba45        0x1 
 .text._ZN15QTypedArrayDataIdE3endEPd
                0x000000000000ba46       0x31 build/src/main.o
                0x000000000000ba46                QTypedArrayData<double>::end(double*)
 .text._ZN15QTypedArrayDataIdE10deallocateEP10QArrayData
                0x000000000000ba77       0x25 build/src/main.o
                0x000000000000ba77                QTypedArrayData<double>::deallocate(QArrayData*)
 .text._ZN5QListI7QVectorIsEE13node_destructEPNS2_4NodeES4_
                0x000000000000ba9c       0x34 build/src/main.o
                0x000000000000ba9c                QList<QVector<short> >::node_destruct(QList<QVector<short> >::Node*, QList<QVector<short> >::Node*)
 .text._ZN15QTypedArrayDataIdE8allocateEm6QFlagsIN10QArrayData16AllocationOptionEE
                0x000000000000bad0       0x2c build/src/main.o
                0x000000000000bad0                QTypedArrayData<double>::allocate(unsigned long, QFlags<QArrayData::AllocationOption>)
 .text._ZN7QVectorIdE16defaultConstructEPdS1_
                0x000000000000bafc       0x39 build/src/main.o
                0x000000000000bafc                QVector<double>::defaultConstruct(double*, double*)
 *fill*         0x000000000000bb35        0x1 
 .text._ZNK7QVectorIdE10isDetachedEv
                0x000000000000bb36       0x20 build/src/main.o
                0x000000000000bb36                QVector<double>::isDetached() const
 .text._ZN15QTypedArrayDataIdE4dataEv
                0x000000000000bb56       0x1a build/src/main.o
                0x000000000000bb56                QTypedArrayData<double>::data()
 .text._ZN15QTypedArrayDataIdE15unsharableEmptyEv
                0x000000000000bb70       0x4d build/src/main.o
                0x000000000000bb70                QTypedArrayData<double>::unsharableEmpty()
 *fill*         0x000000000000bbbd        0x1 
 .text._ZN5QListI7QVectorIsEE5firstEv
                0x000000000000bbbe       0x7d build/src/main.o
                0x000000000000bbbe                QList<QVector<short> >::first()
 *fill*         0x000000000000bc3b        0x1 
 .text._ZN7QVectorIsEC2ERKS0_
                0x000000000000bc3c      0x195 build/src/main.o
                0x000000000000bc3c                QVector<short>::QVector(QVector<short> const&)
                0x000000000000bc3c                QVector<short>::QVector(QVector<short> const&)
 *fill*         0x000000000000bdd1        0x1 
 .text._ZN5QListI7QVectorIsEE11removeFirstEv
                0x000000000000bdd2       0x89 build/src/main.o
                0x000000000000bdd2                QList<QVector<short> >::removeFirst()
 *fill*         0x000000000000be5b        0x1 
 .text._ZN7QVectorIsE8destructEPsS1_
                0x000000000000be5c       0x13 build/src/main.o
                0x000000000000be5c                QVector<short>::destruct(short*, short*)
 .text._ZN15QTypedArrayDataIsE10deallocateEP10QArrayData
                0x000000000000be6f       0x25 build/src/main.o
                0x000000000000be6f                QTypedArrayData<short>::deallocate(QArrayData*)
 .text._ZNK7QVectorIsE10isDetachedEv
                0x000000000000be94       0x20 build/src/main.o
                0x000000000000be94                QVector<short>::isDetached() const
 .text._ZN15QTypedArrayDataIsE15unsharableEmptyEv
                0x000000000000beb4       0x4d build/src/main.o
                0x000000000000beb4                QTypedArrayData<short>::unsharableEmpty()
 *fill*         0x000000000000bf01        0x1 
 .text._ZN15QTypedArrayDataIsE4dataEv
                0x000000000000bf02       0x1a build/src/main.o
                0x000000000000bf02                QTypedArrayData<short>::data()
 .text._ZN5QListI7QVectorIsEE18detach_helper_growEii
                0x000000000000bf1c      0x1d5 build/src/main.o
                0x000000000000bf1c                QList<QVector<short> >::detach_helper_grow(int, int)
 *fill*         0x000000000000c0f1        0x1 
 .text._ZN5QListI7QVectorIsEE14node_constructEPNS2_4NodeERKS1_
                0x000000000000c0f2       0x62 build/src/main.o
                0x000000000000c0f2                QList<QVector<short> >::node_construct(QList<QVector<short> >::Node*, QVector<short> const&)
 .text._ZN5QListI7QVectorIsEE13node_destructEPNS2_4NodeE
                0x000000000000c154       0x1f build/src/main.o
                0x000000000000c154                QList<QVector<short> >::node_destruct(QList<QVector<short> >::Node*)
 *fill*         0x000000000000c173        0x1 
 .text._ZNSt12_Vector_baseIhSaIhEE12_Vector_implC2Ev
                0x000000000000c174       0x3e build/src/main.o
                0x000000000000c174                std::_Vector_base<unsigned char, std::allocator<unsigned char> >::_Vector_impl::_Vector_impl()
                0x000000000000c174                std::_Vector_base<unsigned char, std::allocator<unsigned char> >::_Vector_impl::_Vector_impl()
 .text._ZNSaIhED2Ev
                0x000000000000c1b2       0x1b build/src/main.o
                0x000000000000c1b2                std::allocator<unsigned char>::~allocator()
                0x000000000000c1b2                std::allocator<unsigned char>::~allocator()
 *fill*         0x000000000000c1cd        0x1 
 .text._ZNSt12_Vector_baseIhSaIhEE13_M_deallocateEPhm
                0x000000000000c1ce       0x35 build/src/main.o
                0x000000000000c1ce                std::_Vector_base<unsigned char, std::allocator<unsigned char> >::_M_deallocate(unsigned char*, unsigned long)
 .text._ZSt8_DestroyIPhEvT_S1_
                0x000000000000c203       0x26 build/src/main.o
                0x000000000000c203                void std::_Destroy<unsigned char*>(unsigned char*, unsigned char*)
 .text._ZSt27__uninitialized_default_n_aIPhmhET_S1_T0_RSaIT1_E
                0x000000000000c229       0x29 build/src/main.o
                0x000000000000c229                unsigned char* std::__uninitialized_default_n_a<unsigned char*, unsigned long, unsigned char>(unsigned char*, unsigned long, std::allocator<unsigned char>&)
 .text._ZNKSt6vectorIhSaIhEE12_M_check_lenEmPKc
                0x000000000000c252       0xec build/src/main.o
                0x000000000000c252                std::vector<unsigned char, std::allocator<unsigned char> >::_M_check_len(unsigned long, char const*) const
 .text._ZNSt12_Vector_baseIhSaIhEE11_M_allocateEm
                0x000000000000c33e       0x33 build/src/main.o
                0x000000000000c33e                std::_Vector_base<unsigned char, std::allocator<unsigned char> >::_M_allocate(unsigned long)
 .text._ZSt32__make_move_if_noexcept_iteratorIhSt13move_iteratorIPhEET0_PT_
                0x000000000000c371       0x48 build/src/main.o
                0x000000000000c371                std::move_iterator<unsigned char*> std::__make_move_if_noexcept_iterator<unsigned char, std::move_iterator<unsigned char*> >(unsigned char*)
 .text._ZSt34__uninitialized_move_if_noexcept_aIPhS0_SaIhEET0_T_S3_S2_RT1_
                0x000000000000c3b9       0x54 build/src/main.o
                0x000000000000c3b9                unsigned char* std::__uninitialized_move_if_noexcept_a<unsigned char*, unsigned char*, std::allocator<unsigned char> >(unsigned char*, unsigned char*, unsigned char*, std::allocator<unsigned char>&)
 .text._ZSt4moveIRSaIhEEONSt16remove_referenceIT_E4typeEOS3_
                0x000000000000c40d        0xe build/src/main.o
                0x000000000000c40d                std::remove_reference<std::allocator<unsigned char>&>::type&& std::move<std::allocator<unsigned char>&>(std::allocator<unsigned char>&)
 *fill*         0x000000000000c41b        0x1 
 .text._ZNSt12_Vector_baseIhSaIhEE12_Vector_impl12_M_swap_dataERS2_
                0x000000000000c41c       0x5c build/src/main.o
                0x000000000000c41c                std::_Vector_base<unsigned char, std::allocator<unsigned char> >::_Vector_impl::_M_swap_data(std::_Vector_base<unsigned char, std::allocator<unsigned char> >::_Vector_impl&)
 .text._ZNKSt7__cxx1112basic_stringIcSt11char_traitsIcESaIcEE8max_sizeEv
                0x000000000000c478       0x29 build/src/main.o
                0x000000000000c478                std::__cxx11::basic_string<char, std::char_traits<char>, std::allocator<char> >::max_size() const
 .text._ZNSt7__cxx1112basic_stringIcSt11char_traitsIcESaIcEE7_S_copyEPcPKcm
                0x000000000000c4a1       0x4a build/src/main.o
                0x000000000000c4a1                std::__cxx11::basic_string<char, std::char_traits<char>, std::allocator<char> >::_S_copy(char*, char const*, unsigned long)
 *fill*         0x000000000000c4eb        0x1 
 .text._ZN3nos18visitable_argumentC2INS_14format_visitorEmEERKT0_RKT_
                0x000000000000c4ec       0x6b build/src/main.o
                0x000000000000c4ec                nos::visitable_argument::visitable_argument<nos::format_visitor, unsigned long>(unsigned long const&, nos::format_visitor const&)
                0x000000000000c4ec                nos::visitable_argument::visitable_argument<nos::format_visitor, unsigned long>(unsigned long const&, nos::format_visitor const&)
 *fill*         0x000000000000c557        0x1 
 .text._ZN3nos17visitable_arglistC2ILm1EEEOAT__NS_18visitable_argumentE
                0x000000000000c558       0x26 build/src/main.o
                0x000000000000c558                nos::visitable_arglist::visitable_arglist<1ul>(nos::visitable_argument (&&) [1ul])
                0x000000000000c558                nos::visitable_arglist::visitable_arglist<1ul>(nos::visitable_argument (&&) [1ul])
 .text._ZN15QTypedArrayDataIsE8allocateEm6QFlagsIN10QArrayData16AllocationOptionEE
                0x000000000000c57e       0x2c build/src/main.o
                0x000000000000c57e                QTypedArrayData<short>::allocate(unsigned long, QFlags<QArrayData::AllocationOption>)
 .text._ZN7QVectorIsE16defaultConstructEPsS1_
                0x000000000000c5aa       0x39 build/src/main.o
                0x000000000000c5aa                QVector<short>::defaultConstruct(short*, short*)
 *fill*         0x000000000000c5e3        0x1 
 .text._ZN3nos18visitable_argumentC2INS_14format_visitorEPcEERKT0_RKT_
                0x000000000000c5e4       0x6b build/src/main.o
                0x000000000000c5e4                nos::visitable_argument::visitable_argument<nos::format_visitor, char*>(char* const&, nos::format_visitor const&)
                0x000000000000c5e4                nos::visitable_argument::visitable_argument<nos::format_visitor, char*>(char* const&, nos::format_visitor const&)
 *fill*         0x000000000000c64f        0x1 
 .text._ZNKSt12_Vector_baseIhSaIhEE13get_allocatorEv
                0x000000000000c650       0x34 build/src/main.o
                0x000000000000c650                std::_Vector_base<unsigned char, std::allocator<unsigned char> >::get_allocator() const
 .text._ZNSt6vectorIhSaIhEEC2ERKS0_
                0x000000000000c684       0x26 build/src/main.o
                0x000000000000c684                std::vector<unsigned char, std::allocator<unsigned char> >::vector(std::allocator<unsigned char> const&)
                0x000000000000c684                std::vector<unsigned char, std::allocator<unsigned char> >::vector(std::allocator<unsigned char> const&)
 .text._ZSt15__alloc_on_moveISaIhEEvRT_S2_
                0x000000000000c6aa       0x52 build/src/main.o
                0x000000000000c6aa                void std::__alloc_on_move<std::allocator<unsigned char> >(std::allocator<unsigned char>&, std::allocator<unsigned char>&)
 .text._ZN9QtPrivate11QSlotObjectIM13DisplayWidgetFvvENS_4ListIJEEEvED2Ev
                0x000000000000c6fc       0x1b build/src/main.o
                0x000000000000c6fc                QtPrivate::QSlotObject<void (DisplayWidget::*)(), QtPrivate::List<>, void>::~QSlotObject()
                0x000000000000c6fc                QtPrivate::QSlotObject<void (DisplayWidget::*)(), QtPrivate::List<>, void>::~QSlotObject()
 .text._ZN9QtPrivate11QSlotObjectIM13DisplayWidgetFvvENS_4ListIJEEEvE4implEiPNS_15QSlotObjectBaseEP7QObjectPPvPb
                0x000000000000c717       0xc9 build/src/main.o
                0x000000000000c717                QtPrivate::QSlotObject<void (DisplayWidget::*)(), QtPrivate::List<>, void>::impl(int, QtPrivate::QSlotObjectBase*, QObject*, void**, bool*)
 .text._ZNKSt7__cxx1112basic_stringIcSt11char_traitsIcESaIcEE13_M_local_dataEv
                0x000000000000c7e0       0x1e build/src/main.o
                0x000000000000c7e0                std::__cxx11::basic_string<char, std::char_traits<char>, std::allocator<char> >::_M_local_data() const
 .text._ZNSt16allocator_traitsISaIcEE10deallocateERS0_Pcm
                0x000000000000c7fe       0x2e build/src/main.o
                0x000000000000c7fe                std::allocator_traits<std::allocator<char> >::deallocate(std::allocator<char>&, char*, unsigned long)
 .text._ZSt9addressofIcEPT_RS0_
                0x000000000000c82c       0x1a build/src/main.o
                0x000000000000c82c                char* std::addressof<char>(char&)
 .text._ZSt19__iterator_categoryIPKcENSt15iterator_traitsIT_E17iterator_categoryERKS3_
                0x000000000000c846        0xa build/src/main.o
                0x000000000000c846                std::iterator_traits<char const*>::iterator_category std::__iterator_category<char const*>(char const* const&)
 .text._ZSt8distanceIPKcENSt15iterator_traitsIT_E15difference_typeES3_S3_
                0x000000000000c850       0x3f build/src/main.o
                0x000000000000c850                std::iterator_traits<char const*>::difference_type std::distance<char const*>(char const*, char const*)
 *fill*         0x000000000000c88f        0x1 
 .text._ZNSt7__cxx1112basic_stringIcSt11char_traitsIcESaIcEE12_M_constructIPKcEEvT_S8_St20forward_iterator_tag
                0x000000000000c890      0x103 build/src/main.o
                0x000000000000c890                void std::__cxx11::basic_string<char, std::char_traits<char>, std::allocator<char> >::_M_construct<char const*>(char const*, char const*, std::forward_iterator_tag)
 *fill*         0x000000000000c993        0x1 
 .text._ZN5QListI7QVectorIsEE5beginEv
                0x000000000000c994       0x40 build/src/main.o
                0x000000000000c994                QList<QVector<short> >::begin()
 .text._ZNK5QListI7QVectorIsEE8iteratordeEv
                0x000000000000c9d4       0x1d build/src/main.o
                0x000000000000c9d4                QList<QVector<short> >::iterator::operator*() const
 *fill*         0x000000000000c9f1        0x1 
 .text._ZN7QVectorIsE13copyConstructEPKsS2_Ps
                0x000000000000c9f2       0x3f build/src/main.o
                0x000000000000c9f2                QVector<short>::copyConstruct(short const*, short const*, short*)
 *fill*         0x000000000000ca31        0x1 
 .text._ZN5QListI7QVectorIsEE5eraseENS2_8iteratorE
                0x000000000000ca32      0x128 build/src/main.o
                0x000000000000ca32                QList<QVector<short> >::erase(QList<QVector<short> >::iterator)
 .text._ZN5QListI7QVectorIsEE9node_copyEPNS2_4NodeES4_S4_
                0x000000000000cb5a       0xc4 build/src/main.o
                0x000000000000cb5a                QList<QVector<short> >::node_copy(QList<QVector<short> >::Node*, QList<QVector<short> >::Node*, QList<QVector<short> >::Node*)
 .text._ZNSaIhEC2Ev
                0x000000000000cc1e       0x1b build/src/main.o
                0x000000000000cc1e                std::allocator<unsigned char>::allocator()
                0x000000000000cc1e                std::allocator<unsigned char>::allocator()
 *fill*         0x000000000000cc39        0x1 
 .text._ZN9__gnu_cxx13new_allocatorIhED2Ev
                0x000000000000cc3a        0xb build/src/main.o
                0x000000000000cc3a                __gnu_cxx::new_allocator<unsigned char>::~new_allocator()
                0x000000000000cc3a                __gnu_cxx::new_allocator<unsigned char>::~new_allocator()
 .text._ZNSt16allocator_traitsISaIhEE10deallocateERS0_Phm
                0x000000000000cc45       0x2e build/src/main.o
                0x000000000000cc45                std::allocator_traits<std::allocator<unsigned char> >::deallocate(std::allocator<unsigned char>&, unsigned char*, unsigned long)
 .text._ZNSt12_Destroy_auxILb1EE9__destroyIPhEEvT_S3_
                0x000000000000cc73        0xf build/src/main.o
                0x000000000000cc73                void std::_Destroy_aux<true>::__destroy<unsigned char*>(unsigned char*, unsigned char*)
 .text._ZSt25__uninitialized_default_nIPhmET_S1_T0_
                0x000000000000cc82       0x29 build/src/main.o
                0x000000000000cc82                unsigned char* std::__uninitialized_default_n<unsigned char*, unsigned long>(unsigned char*, unsigned long)
 *fill*         0x000000000000ccab        0x1 
 .text._ZNKSt6vectorIhSaIhEE8max_sizeEv
                0x000000000000ccac       0x22 build/src/main.o
                0x000000000000ccac                std::vector<unsigned char, std::allocator<unsigned char> >::max_size() const
 .text._ZNSt16allocator_traitsISaIhEE8allocateERS0_m
                0x000000000000ccce       0x2a build/src/main.o
                0x000000000000ccce                std::allocator_traits<std::allocator<unsigned char> >::allocate(std::allocator<unsigned char>&, unsigned long)
 .text._ZNSt13move_iteratorIPhEC2ES0_
                0x000000000000ccf8       0x1a build/src/main.o
                0x000000000000ccf8                std::move_iterator<unsigned char*>::move_iterator(unsigned char*)
                0x000000000000ccf8                std::move_iterator<unsigned char*>::move_iterator(unsigned char*)
 .text._ZSt22__uninitialized_copy_aISt13move_iteratorIPhES1_hET0_T_S4_S3_RSaIT1_E
                0x000000000000cd12       0x31 build/src/main.o
                0x000000000000cd12                unsigned char* std::__uninitialized_copy_a<std::move_iterator<unsigned char*>, unsigned char*, unsigned char>(std::move_iterator<unsigned char*>, std::move_iterator<unsigned char*>, unsigned char*, std::allocator<unsigned char>&)
 *fill*         0x000000000000cd43        0x1 
 .text._ZNSaIhEC2ERKS_
                0x000000000000cd44       0x26 build/src/main.o
                0x000000000000cd44                std::allocator<unsigned char>::allocator(std::allocator<unsigned char> const&)
                0x000000000000cd44                std::allocator<unsigned char>::allocator(std::allocator<unsigned char> const&)
 .text._ZSt4moveIRPhEONSt16remove_referenceIT_E4typeEOS3_
                0x000000000000cd6a        0xe build/src/main.o
                0x000000000000cd6a                std::remove_reference<unsigned char*&>::type&& std::move<unsigned char*&>(unsigned char*&)
 .text._ZSt4swapIPhENSt9enable_ifIXsrSt6__and_IJSt6__not_ISt15__is_tuple_likeIT_EESt21is_move_constructibleIS5_ESt18is_move_assignableIS5_EEE5valueEvE4typeERS5_SF_
                0x000000000000cd78       0x75 build/src/main.o
                0x000000000000cd78                std::enable_if<std::__and_<std::__not_<std::__is_tuple_like<unsigned char*> >, std::is_move_constructible<unsigned char*>, std::is_move_assignable<unsigned char*> >::value, void>::type std::swap<unsigned char*>(unsigned char*&, unsigned char*&)
 .text._ZNSt16allocator_traitsISaIcEE8max_sizeERKS0_
                0x000000000000cded       0x1a build/src/main.o
                0x000000000000cded                std::allocator_traits<std::allocator<char> >::max_size(std::allocator<char> const&)
 *fill*         0x000000000000ce07        0x1 
 .text._ZNSt7__cxx1112basic_stringIcSt11char_traitsIcESaIcEE9_M_createERmm
                0x000000000000ce08       0xc9 build/src/main.o
                0x000000000000ce08                std::__cxx11::basic_string<char, std::char_traits<char>, std::allocator<char> >::_M_create(unsigned long&, unsigned long)
 .text._ZN3nos14format_visitor9get_visitImEEPvv
                0x000000000000ced1        0xd build/src/main.o
                0x000000000000ced1                void* nos::format_visitor::get_visit<unsigned long>()
 .text._ZN3nos14format_visitor9get_visitIPcEEPvv
                0x000000000000cede        0xd build/src/main.o
                0x000000000000cede                void* nos::format_visitor::get_visit<char*>()
 *fill*         0x000000000000ceeb        0x1 
 .text._ZNKSt12_Vector_baseIhSaIhEE19_M_get_Tp_allocatorEv
                0x000000000000ceec        0xe build/src/main.o
                0x000000000000ceec                std::_Vector_base<unsigned char, std::allocator<unsigned char> >::_M_get_Tp_allocator() const
 .text._ZNSt12_Vector_baseIhSaIhEEC2ERKS0_
                0x000000000000cefa       0x26 build/src/main.o
                0x000000000000cefa                std::_Vector_base<unsigned char, std::allocator<unsigned char> >::_Vector_base(std::allocator<unsigned char> const&)
                0x000000000000cefa                std::_Vector_base<unsigned char, std::allocator<unsigned char> >::_Vector_base(std::allocator<unsigned char> const&)
 .text._ZSt18__do_alloc_on_moveISaIhEEvRT_S2_St17integral_constantIbLb1EE
                0x000000000000cf20       0x1f build/src/main.o
                0x000000000000cf20                void std::__do_alloc_on_move<std::allocator<unsigned char> >(std::allocator<unsigned char>&, std::allocator<unsigned char>&, std::integral_constant<bool, true>)
 .text._ZN9QtPrivate15FunctionPointerIM13DisplayWidgetFvvEE4callINS_4ListIJEEEvEEvS3_PS1_PPv
                0x000000000000cf3f       0x45 build/src/main.o
                0x000000000000cf3f                void QtPrivate::FunctionPointer<void (DisplayWidget::*)()>::call<QtPrivate::List<>, void>(void (DisplayWidget::*)(), DisplayWidget*, void**)
 .text._ZNSt14pointer_traitsIPKcE10pointer_toERS0_
                0x000000000000cf84       0x1a build/src/main.o
                0x000000000000cf84                std::pointer_traits<char const*>::pointer_to(char const&)
 .text._ZN9__gnu_cxx13new_allocatorIcE10deallocateEPcm
                0x000000000000cf9e       0x22 build/src/main.o
                0x000000000000cf9e                __gnu_cxx::new_allocator<char>::deallocate(char*, unsigned long)
 .text._ZSt11__addressofIcEPT_RS0_
                0x000000000000cfc0        0xe build/src/main.o
                0x000000000000cfc0                char* std::__addressof<char>(char&)
 .text._ZN9__gnu_cxx17__is_null_pointerIKcEEbPT_
                0x000000000000cfce       0x12 build/src/main.o
                0x000000000000cfce                bool __gnu_cxx::__is_null_pointer<char const>(char const*)
 .text._ZSt10__distanceIPKcENSt15iterator_traitsIT_E15difference_typeES3_S3_St26random_access_iterator_tag
                0x000000000000cfe0       0x1c build/src/main.o
                0x000000000000cfe0                std::iterator_traits<char const*>::difference_type std::__distance<char const*>(char const*, char const*, std::random_access_iterator_tag)
 .text._ZNSt7__cxx1112basic_stringIcSt11char_traitsIcESaIcEE13_S_copy_charsEPcPKcS7_
                0x000000000000cffc       0x3b build/src/main.o
                0x000000000000cffc                std::__cxx11::basic_string<char, std::char_traits<char>, std::allocator<char> >::_S_copy_chars(char*, char const*, char const*)
 *fill*         0x000000000000d037        0x1 
 .text._ZN5QListI7QVectorIsEE6detachEv
                0x000000000000d038       0x2e build/src/main.o
                0x000000000000d038                QList<QVector<short> >::detach()
 .text._ZN5QListI7QVectorIsEE8iteratorC2EPNS2_4NodeE
                0x000000000000d066       0x1a build/src/main.o
                0x000000000000d066                QList<QVector<short> >::iterator::iterator(QList<QVector<short> >::Node*)
                0x000000000000d066                QList<QVector<short> >::iterator::iterator(QList<QVector<short> >::Node*)
 .text._ZN5QListI7QVectorIsEE4Node1tEv
                0x000000000000d080        0xe build/src/main.o
                0x000000000000d080                QList<QVector<short> >::Node::t()
 .text._ZNK5QListI7QVectorIsEE15isValidIteratorERKNS2_8iteratorE
                0x000000000000d08e       0x8d build/src/main.o
                0x000000000000d08e                QList<QVector<short> >::isValidIterator(QList<QVector<short> >::iterator const&) const
 *fill*         0x000000000000d11b        0x1 
 .text._ZN5QListI7QVectorIsEE8iteratorpLEx
                0x000000000000d11c       0x2b build/src/main.o
                0x000000000000d11c                QList<QVector<short> >::iterator::operator+=(long long)
 *fill*         0x000000000000d147        0x1 
 .text._ZN9__gnu_cxx13new_allocatorIhEC2Ev
                0x000000000000d148        0xb build/src/main.o
                0x000000000000d148                __gnu_cxx::new_allocator<unsigned char>::new_allocator()
                0x000000000000d148                __gnu_cxx::new_allocator<unsigned char>::new_allocator()
 *fill*         0x000000000000d153        0x1 
 .text._ZN9__gnu_cxx13new_allocatorIhE10deallocateEPhm
                0x000000000000d154       0x22 build/src/main.o
                0x000000000000d154                __gnu_cxx::new_allocator<unsigned char>::deallocate(unsigned char*, unsigned long)
 .text._ZNSt27__uninitialized_default_n_1ILb1EE18__uninit_default_nIPhmEET_S3_T0_
                0x000000000000d176       0x50 build/src/main.o
                0x000000000000d176                unsigned char* std::__uninitialized_default_n_1<true>::__uninit_default_n<unsigned char*, unsigned long>(unsigned char*, unsigned long)
 .text._ZNSt16allocator_traitsISaIhEE8max_sizeERKS0_
                0x000000000000d1c6       0x1a build/src/main.o
                0x000000000000d1c6                std::allocator_traits<std::allocator<unsigned char> >::max_size(std::allocator<unsigned char> const&)
 .text._ZN9__gnu_cxx13new_allocatorIhE8allocateEmPKv
                0x000000000000d1e0       0x3e build/src/main.o
                0x000000000000d1e0                __gnu_cxx::new_allocator<unsigned char>::allocate(unsigned long, void const*)
 .text._ZSt18uninitialized_copyISt13move_iteratorIPhES1_ET0_T_S4_S3_
                0x000000000000d21e       0x31 build/src/main.o
                0x000000000000d21e                unsigned char* std::uninitialized_copy<std::move_iterator<unsigned char*>, unsigned char*>(std::move_iterator<unsigned char*>, std::move_iterator<unsigned char*>, unsigned char*)
 *fill*         0x000000000000d24f        0x1 
 .text._ZN9__gnu_cxx13new_allocatorIhEC2ERKS1_
                0x000000000000d250        0xf build/src/main.o
                0x000000000000d250                __gnu_cxx::new_allocator<unsigned char>::new_allocator(__gnu_cxx::new_allocator<unsigned char> const&)
                0x000000000000d250                __gnu_cxx::new_allocator<unsigned char>::new_allocator(__gnu_cxx::new_allocator<unsigned char> const&)
 *fill*         0x000000000000d25f        0x1 
 .text._ZNK9__gnu_cxx13new_allocatorIcE8max_sizeEv
                0x000000000000d260       0x11 build/src/main.o
                0x000000000000d260                __gnu_cxx::new_allocator<char>::max_size() const
 .text._ZNSt16allocator_traitsISaIcEE8allocateERS0_m
                0x000000000000d271       0x2a build/src/main.o
                0x000000000000d271                std::allocator_traits<std::allocator<char> >::allocate(std::allocator<char>&, unsigned long)
 .text._ZN3nos28fprint_implementation_solverImLb1ELb0EE9fprint_toERKmRNS_7ostreamEN5igris6bufferE
                0x000000000000d29b       0x82 build/src/main.o
                0x000000000000d29b                nos::fprint_implementation_solver<unsigned long, true, false>::fprint_to(unsigned long const&, nos::ostream&, igris::buffer)
 .text._ZN3nos28fprint_implementation_solverIPcLb1ELb0EE9fprint_toERKS1_RNS_7ostreamEN5igris6bufferE
                0x000000000000d31d       0x82 build/src/main.o
                0x000000000000d31d                nos::fprint_implementation_solver<char*, true, false>::fprint_to(char* const&, nos::ostream&, igris::buffer)
 *fill*         0x000000000000d39f        0x1 
 .text._ZNSt12_Vector_baseIhSaIhEE12_Vector_implC2ERKS0_
                0x000000000000d3a0       0x49 build/src/main.o
                0x000000000000d3a0                std::_Vector_base<unsigned char, std::allocator<unsigned char> >::_Vector_impl::_Vector_impl(std::allocator<unsigned char> const&)
                0x000000000000d3a0                std::_Vector_base<unsigned char, std::allocator<unsigned char> >::_Vector_impl::_Vector_impl(std::allocator<unsigned char> const&)
 .text._ZN9QtPrivate11FunctorCallINS_11IndexesListIJEEENS_4ListIJEEEvM13DisplayWidgetFvvEE4callES7_PS5_PPv
                0x000000000000d3e9       0xa7 build/src/main.o
                0x000000000000d3e9                QtPrivate::FunctorCall<QtPrivate::IndexesList<>, QtPrivate::List<>, void, void (DisplayWidget::*)()>::call(void (DisplayWidget::*)(), DisplayWidget*, void**)
 .text._ZSt9addressofIKcEPT_RS1_
                0x000000000000d490       0x1a build/src/main.o
                0x000000000000d490                char const* std::addressof<char const>(char const&)
 .text._ZN5QListI7QVectorIsEE13detach_helperEv
                0x000000000000d4aa       0x27 build/src/main.o
                0x000000000000d4aa                QList<QVector<short> >::detach_helper()
 *fill*         0x000000000000d4d1        0x1 
 .text._ZNK5QListI7QVectorIsEE10constBeginEv
                0x000000000000d4d2       0x34 build/src/main.o
                0x000000000000d4d2                QList<QVector<short> >::constBegin() const
 .text._ZNK5QListI7QVectorIsEE8constEndEv
                0x000000000000d506       0x34 build/src/main.o
                0x000000000000d506                QList<QVector<short> >::constEnd() const
 .text._ZSt6fill_nIPhmhET_S1_T0_RKT1_
                0x000000000000d53a       0x38 build/src/main.o
                0x000000000000d53a                unsigned char* std::fill_n<unsigned char*, unsigned long, unsigned char>(unsigned char*, unsigned long, unsigned char const&)
 .text._ZNK9__gnu_cxx13new_allocatorIhE8max_sizeEv
                0x000000000000d572       0x11 build/src/main.o
                0x000000000000d572                __gnu_cxx::new_allocator<unsigned char>::max_size() const
 .text._ZNSt20__uninitialized_copyILb1EE13__uninit_copyISt13move_iteratorIPhES3_EET0_T_S6_S5_
                0x000000000000d583       0x2d build/src/main.o
                0x000000000000d583                unsigned char* std::__uninitialized_copy<true>::__uninit_copy<std::move_iterator<unsigned char*>, unsigned char*>(std::move_iterator<unsigned char*>, std::move_iterator<unsigned char*>, unsigned char*)
 .text._ZN9__gnu_cxx13new_allocatorIcE8allocateEmPKv
                0x000000000000d5b0       0x3e build/src/main.o
                0x000000000000d5b0                __gnu_cxx::new_allocator<char>::allocate(unsigned long, void const*)
 .text._ZN9QtPrivate16ApplyReturnValueIvEC2EPv
                0x000000000000d5ee       0x1a build/src/main.o
                0x000000000000d5ee                QtPrivate::ApplyReturnValue<void>::ApplyReturnValue(void*)
                0x000000000000d5ee                QtPrivate::ApplyReturnValue<void>::ApplyReturnValue(void*)
 .text._ZSt11__addressofIKcEPT_RS1_
                0x000000000000d608        0xe build/src/main.o
                0x000000000000d608                char const* std::__addressof<char const>(char const&)
 .text._ZN5QListI7QVectorIsEE13detach_helperEi
                0x000000000000d616       0xd0 build/src/main.o
                0x000000000000d616                QList<QVector<short> >::detach_helper(int)
 .text._ZN5QListI7QVectorIsEE14const_iteratorC2EPNS2_4NodeE
                0x000000000000d6e6       0x1a build/src/main.o
                0x000000000000d6e6                QList<QVector<short> >::const_iterator::const_iterator(QList<QVector<short> >::Node*)
                0x000000000000d6e6                QList<QVector<short> >::const_iterator::const_iterator(QList<QVector<short> >::Node*)
 .text._ZSt12__niter_baseIPhET_S1_
                0x000000000000d700        0xe build/src/main.o
                0x000000000000d700                unsigned char* std::__niter_base<unsigned char*>(unsigned char*)
 .text._ZSt10__fill_n_aImhEN9__gnu_cxx11__enable_ifIXsrSt9__is_byteIT0_E7__valueEPS3_E6__typeES5_T_RKS3_
                0x000000000000d70e       0x40 build/src/main.o
                0x000000000000d70e                __gnu_cxx::__enable_if<std::__is_byte<unsigned char>::__value, unsigned char*>::__type std::__fill_n_a<unsigned long, unsigned char>(unsigned char*, unsigned long, unsigned char const&)
 .text._ZNKSt13move_iteratorIPhE4baseEv